08:41:50 **** Incremental Build of configuration Debug for project Lab2_ex34 ****
make -j4 all 
arm-none-eabi-gcc "../Core/Src/main.c" -mcpu=cortex-m3 -std=gnu11 -g3 -DDEBUG -DUSE_HAL_DRIVER -DSTM32F103x6 -c -I../Core/Inc -I../Drivers/STM32F1xx_HAL_Driver/Inc -I../Drivers/STM32F1xx_HAL_Driver/Inc/Legacy -I../Drivers/CMSIS/Device/ST/STM32F1xx/Include -I../Drivers/CMSIS/Include -O0 -ffunction-sections -fdata-sections -Wall -fstack-usage -MMD -MP -MF"Core/Src/main.d" -MT"Core/Src/main.o" --specs=nano.specs -mfloat-abi=soft -mthumb -o "Core/Src/main.o"
arm-none-eabi-gcc -o "Lab2_ex34.elf" @"objects.list"   -mcpu=cortex-m3 -T"D:\destiny\Microprocessor_Lab\lab2\Lab2_ex34\Lab2_ex34\STM32F103C6UX_FLASH.ld" --specs=nosys.specs -Wl,-Map="Lab2_ex34.map" -Wl,--gc-sections -static --specs=nano.specs -mfloat-abi=soft -mthumb -Wl,--start-group -lc -lm -Wl,--end-group
Finished building target: Lab2_ex34.elf
 
arm-none-eabi-size   Lab2_ex34.elf 
arm-none-eabi-objdump -h -S  Lab2_ex34.elf  > "Lab2_ex34.list"
arm-none-eabi-objcopy  -O ihex  Lab2_ex34.elf  "Lab2_ex34.hex"
arm-none-eabi-objcopy  -O binary  Lab2_ex34.elf  "Lab2_ex34.bin"
   text	   data	    bss	    dec	    hex	filename
   7984	     40	   1648	   9672	   25c8	Lab2_ex34.elf
Finished building: default.size.stdout
 
Finished building: Lab2_ex34.hex
 
Finished building: Lab2_ex34.bin
 
Finished building: Lab2_ex34.list
 

08:41:52 Build Finished. 0 errors, 0 warnings. (took 1s.970ms)

