2025-09-12 19:11:35,987 [INFO] Activator:177 - 


2025-09-12 19:11:35,990 [INFO] Activator:178 - !SESSION log4j initialized
2025-09-12 19:12:33,731 [INFO] McuFinderGlobals:39 - Set McuFinder mode to 2 (CubeIDE integrated)
2025-09-12 19:12:34,544 [INFO] ApplicationProperties:181 - Using Application install path: C:\ST\STM32CubeIDE_1.7.0\STM32CubeIDE\plugins\com.st.stm32cube.common.mx_6.3.0.202107141111
2025-09-12 19:12:34,558 [INFO] DbMcusXml:74 - Set database path to: C:\ST\STM32CubeIDE_1.7.0\STM32CubeIDE\plugins\com.st.stm32cube.common.mx_6.3.0.202107141111\\db\/mcu/
2025-09-12 19:12:34,568 [INFO] DbBoardsPdsc:56 - Set plugin database path to: C:\ST\STM32CubeIDE_1.7.0\STM32CubeIDE\plugins\com.st.stm32cube.common.mx_6.3.0.202107141111\\db\/plugins/boardmanager/
2025-09-12 19:12:34,568 [INFO] DbMcus:258 - Set plugin images path to: C:\ST\STM32CubeIDE_1.7.0\STM32CubeIDE\plugins\com.st.stm32cube.common.mx_6.3.0.202107141111\\db\/plugins/mcufinder/images/
2025-09-12 19:12:34,568 [INFO] DbBoards:264 - Set plugin images path to: C:\ST\STM32CubeIDE_1.7.0\STM32CubeIDE\plugins\com.st.stm32cube.common.mx_6.3.0.202107141111\\db\/plugins/mcufinder/images/
2025-09-12 19:12:34,568 [INFO] DbExamples:333 - Set plugin images path to: C:\ST\STM32CubeIDE_1.7.0\STM32CubeIDE\plugins\com.st.stm32cube.common.mx_6.3.0.202107141111\\db\/plugins/mcufinder/images/
2025-09-12 19:12:34,583 [INFO] DbMcusAds:119 - Set database path to: C:\Users\hi\.stmcufinder\plugins\mcufinder//mcu/
2025-09-12 19:12:34,584 [INFO] DbMcusDocs:110 - Set database path to: C:\Users\hi\.stmcufinder\plugins\mcufinder//mcu/
2025-09-12 19:12:34,587 [INFO] DbMcusJson:64 - Set database path to: C:\Users\hi\.stmcufinder\plugins\mcufinder//mcu/
2025-09-12 19:12:34,588 [INFO] DbBoardsDocs:110 - Set database path to: C:\Users\hi\.stmcufinder\plugins\mcufinder//mcu/
2025-09-12 19:12:34,590 [INFO] DbBoardsJson:57 - Set database path to: C:\Users\hi\.stmcufinder\plugins\mcufinder//mcu/
2025-09-12 19:12:34,598 [INFO] CrossReferenceDbSqlite:196 - Set database path to: C:\Users\hi\.stmcufinder\plugins\mcufinder//mcu/cs/
2025-09-12 19:12:34,602 [INFO] DbExamplesSqlite:767 - Set database path to: C:\Users\hi\.stmcufinder\plugins\mcufinder//mcu/
2025-09-12 19:12:34,751 [INFO] RulesReader:57 - Compatibility file has been processed (242 Rules)
2025-09-12 19:12:34,865 [INFO] DbMcusXml:74 - Set database path to: C:\ST\STM32CubeIDE_1.7.0\STM32CubeIDE\plugins\com.st.stm32cube.common.mx_6.3.0.202107141111\\db\/mcu/
2025-09-12 19:12:34,867 [INFO] DbBoardsPdsc:56 - Set plugin database path to: C:\ST\STM32CubeIDE_1.7.0\STM32CubeIDE\plugins\com.st.stm32cube.common.mx_6.3.0.202107141111\\db\/plugins/boardmanager/
2025-09-12 19:12:34,867 [INFO] DbMcus:258 - Set plugin images path to: C:\ST\STM32CubeIDE_1.7.0\STM32CubeIDE\plugins\com.st.stm32cube.common.mx_6.3.0.202107141111\\db\/plugins/mcufinder/images/
2025-09-12 19:12:34,867 [INFO] DbBoards:264 - Set plugin images path to: C:\ST\STM32CubeIDE_1.7.0\STM32CubeIDE\plugins\com.st.stm32cube.common.mx_6.3.0.202107141111\\db\/plugins/mcufinder/images/
2025-09-12 19:12:34,867 [INFO] DbExamples:333 - Set plugin images path to: C:\ST\STM32CubeIDE_1.7.0\STM32CubeIDE\plugins\com.st.stm32cube.common.mx_6.3.0.202107141111\\db\/plugins/mcufinder/images/
2025-09-12 19:12:34,867 [WARN] DbFile:35 - Overriding database path with different value: C:\Users\hi\.stmcufinder\plugins\mcufinder/ => C:\Users\hi\.stmcufinder\plugins\mcufinder
2025-09-12 19:12:34,868 [INFO] DbMcusAds:119 - Set database path to: C:\Users\hi\.stmcufinder\plugins\mcufinder//mcu/
2025-09-12 19:12:34,868 [WARN] DbFile:35 - Overriding database path with different value: C:\Users\hi\.stmcufinder\plugins\mcufinder/ => C:\Users\hi\.stmcufinder\plugins\mcufinder
2025-09-12 19:12:34,868 [INFO] DbMcusDocs:110 - Set database path to: C:\Users\hi\.stmcufinder\plugins\mcufinder//mcu/
2025-09-12 19:12:34,868 [WARN] DbFile:35 - Overriding database path with different value: C:\Users\hi\.stmcufinder\plugins\mcufinder/ => C:\Users\hi\.stmcufinder\plugins\mcufinder
2025-09-12 19:12:34,868 [INFO] DbMcusJson:64 - Set database path to: C:\Users\hi\.stmcufinder\plugins\mcufinder//mcu/
2025-09-12 19:12:34,868 [WARN] DbFile:35 - Overriding database path with different value: C:\Users\hi\.stmcufinder\plugins\mcufinder/ => C:\Users\hi\.stmcufinder\plugins\mcufinder
2025-09-12 19:12:34,869 [INFO] DbBoardsDocs:110 - Set database path to: C:\Users\hi\.stmcufinder\plugins\mcufinder//mcu/
2025-09-12 19:12:34,869 [WARN] DbFile:35 - Overriding database path with different value: C:\Users\hi\.stmcufinder\plugins\mcufinder/ => C:\Users\hi\.stmcufinder\plugins\mcufinder
2025-09-12 19:12:34,869 [INFO] DbBoardsJson:57 - Set database path to: C:\Users\hi\.stmcufinder\plugins\mcufinder//mcu/
2025-09-12 19:12:34,869 [WARN] DbFile:35 - Overriding database path with different value: C:\Users\hi\.stmcufinder\plugins\mcufinder/ => C:\Users\hi\.stmcufinder\plugins\mcufinder
2025-09-12 19:12:34,869 [WARN] DbFile:35 - Overriding database path with different value: C:\Users\hi\.stmcufinder\plugins\mcufinder/ => C:\Users\hi\.stmcufinder\plugins\mcufinder
2025-09-12 19:12:34,869 [INFO] CrossReferenceDbSqlite:196 - Set database path to: C:\Users\hi\.stmcufinder\plugins\mcufinder//mcu/cs/
2025-09-12 19:12:34,870 [WARN] DbFile:35 - Overriding database path with different value: C:\Users\hi\.stmcufinder\plugins\mcufinder/ => C:\Users\hi\.stmcufinder\plugins\mcufinder
2025-09-12 19:12:34,870 [INFO] DbExamplesSqlite:767 - Set database path to: C:\Users\hi\.stmcufinder\plugins\mcufinder//mcu/
2025-09-12 19:12:35,004 [INFO] MainPanel:214 - HeapMemory: 268435456
2025-09-12 19:12:35,165 [INFO] DbMcusXml:74 - Set database path to: C:\ST\STM32CubeIDE_1.7.0\STM32CubeIDE\plugins\com.st.stm32cube.common.mx_6.3.0.202107141111\\db\/mcu/
2025-09-12 19:12:35,166 [INFO] DbBoardsPdsc:56 - Set plugin database path to: C:\ST\STM32CubeIDE_1.7.0\STM32CubeIDE\plugins\com.st.stm32cube.common.mx_6.3.0.202107141111\\db\/plugins/boardmanager/
2025-09-12 19:12:35,166 [INFO] DbMcus:258 - Set plugin images path to: C:\ST\STM32CubeIDE_1.7.0\STM32CubeIDE\plugins\com.st.stm32cube.common.mx_6.3.0.202107141111\\db\/plugins/mcufinder/images/
2025-09-12 19:12:35,166 [INFO] DbBoards:264 - Set plugin images path to: C:\ST\STM32CubeIDE_1.7.0\STM32CubeIDE\plugins\com.st.stm32cube.common.mx_6.3.0.202107141111\\db\/plugins/mcufinder/images/
2025-09-12 19:12:35,166 [INFO] DbExamples:333 - Set plugin images path to: C:\ST\STM32CubeIDE_1.7.0\STM32CubeIDE\plugins\com.st.stm32cube.common.mx_6.3.0.202107141111\\db\/plugins/mcufinder/images/
2025-09-12 19:12:35,167 [WARN] DbFile:35 - Overriding database path with different value: C:\Users\hi\.stmcufinder\plugins\mcufinder/ => C:\Users\hi\.stmcufinder\plugins\mcufinder
2025-09-12 19:12:35,167 [INFO] DbMcusAds:119 - Set database path to: C:\Users\hi\.stmcufinder\plugins\mcufinder//mcu/
2025-09-12 19:12:35,167 [WARN] DbFile:35 - Overriding database path with different value: C:\Users\hi\.stmcufinder\plugins\mcufinder/ => C:\Users\hi\.stmcufinder\plugins\mcufinder
2025-09-12 19:12:35,167 [INFO] DbMcusDocs:110 - Set database path to: C:\Users\hi\.stmcufinder\plugins\mcufinder//mcu/
2025-09-12 19:12:35,167 [WARN] DbFile:35 - Overriding database path with different value: C:\Users\hi\.stmcufinder\plugins\mcufinder/ => C:\Users\hi\.stmcufinder\plugins\mcufinder
2025-09-12 19:12:35,167 [INFO] DbMcusJson:64 - Set database path to: C:\Users\hi\.stmcufinder\plugins\mcufinder//mcu/
2025-09-12 19:12:35,168 [WARN] DbFile:35 - Overriding database path with different value: C:\Users\hi\.stmcufinder\plugins\mcufinder/ => C:\Users\hi\.stmcufinder\plugins\mcufinder
2025-09-12 19:12:35,168 [INFO] DbBoardsDocs:110 - Set database path to: C:\Users\hi\.stmcufinder\plugins\mcufinder//mcu/
2025-09-12 19:12:35,168 [WARN] DbFile:35 - Overriding database path with different value: C:\Users\hi\.stmcufinder\plugins\mcufinder/ => C:\Users\hi\.stmcufinder\plugins\mcufinder
2025-09-12 19:12:35,168 [INFO] DbBoardsJson:57 - Set database path to: C:\Users\hi\.stmcufinder\plugins\mcufinder//mcu/
2025-09-12 19:12:35,168 [WARN] DbFile:35 - Overriding database path with different value: C:\Users\hi\.stmcufinder\plugins\mcufinder/ => C:\Users\hi\.stmcufinder\plugins\mcufinder
2025-09-12 19:12:35,168 [WARN] DbFile:35 - Overriding database path with different value: C:\Users\hi\.stmcufinder\plugins\mcufinder/ => C:\Users\hi\.stmcufinder\plugins\mcufinder
2025-09-12 19:12:35,168 [INFO] CrossReferenceDbSqlite:196 - Set database path to: C:\Users\hi\.stmcufinder\plugins\mcufinder//mcu/cs/
2025-09-12 19:12:35,168 [WARN] DbFile:35 - Overriding database path with different value: C:\Users\hi\.stmcufinder\plugins\mcufinder/ => C:\Users\hi\.stmcufinder\plugins\mcufinder
2025-09-12 19:12:35,168 [INFO] DbExamplesSqlite:767 - Set database path to: C:\Users\hi\.stmcufinder\plugins\mcufinder//mcu/
2025-09-12 19:12:35,198 [INFO] ApplicationProperties:181 - Using Application install path: C:\ST\STM32CubeIDE_1.7.0\STM32CubeIDE\plugins\com.st.stm32cube.common.mx_6.3.0.202107141111
2025-09-12 19:12:35,200 [INFO] PluginManage:188 - Search for loadable plugins [exclusion list=, ]
2025-09-12 19:12:35,202 [INFO] PluginManage:302 - Check plugin analytics
2025-09-12 19:12:40,014 [INFO] AnalyticsPlugin:257 - Accepted Software Licenses: 
2025-09-12 19:12:40,015 [INFO] AnalyticsPlugin:259 - Accepted CMSIS Pack Licenses: 
2025-09-12 19:12:40,016 [INFO] AnalyticsPlugin:261 - Accepted Firmware Licenses: 
2025-09-12 19:12:40,016 [INFO] PluginManage:352 - Loaded plugin analytics (category:tool,tabindex:-1)
2025-09-12 19:12:40,017 [INFO] PluginManage:302 - Check plugin clock
2025-09-12 19:12:40,064 [INFO] PluginManage:352 - Loaded plugin clock (category:base,tabindex:2)
2025-09-12 19:12:40,064 [INFO] PluginManage:302 - Check plugin ddr
2025-09-12 19:12:40,068 [INFO] PluginManage:352 - Loaded plugin ddr (category:tool,tabindex:6)
2025-09-12 19:12:40,068 [INFO] PluginManage:302 - Check plugin filemanager
2025-09-12 19:12:40,308 [INFO] PluginManage:352 - Loaded plugin filemanager (category:base,tabindex:10)
2025-09-12 19:12:40,308 [INFO] PluginManage:302 - Check plugin ipmanager
2025-09-12 19:12:40,324 [INFO] PluginManage:352 - Loaded plugin ipmanager (category:base,tabindex:5)
2025-09-12 19:12:40,324 [INFO] PluginManage:302 - Check plugin pinoutandconfiguration
2025-09-12 19:12:40,351 [INFO] PluginManage:352 - Loaded plugin pinoutandconfiguration (category:base,tabindex:1)
2025-09-12 19:12:40,351 [INFO] PluginManage:302 - Check plugin pinoutconfig
2025-09-12 19:12:40,400 [INFO] PluginManage:352 - Loaded plugin pinoutconfig (category:base,tabindex:0)
2025-09-12 19:12:40,401 [INFO] PluginManage:302 - Check plugin power
2025-09-12 19:12:40,431 [INFO] PluginManage:352 - Loaded plugin power (category:power,tabindex:4)
2025-09-12 19:12:40,431 [INFO] PluginManage:302 - Check plugin projectmanager
2025-09-12 19:12:40,453 [INFO] PluginManage:352 - Loaded plugin projectmanager (category:projectmanager,tabindex:3)
2025-09-12 19:12:40,453 [INFO] PluginManage:302 - Check plugin thirdparty
2025-09-12 19:12:40,926 [WARN] IntegrityCheckThread:78 - waiting for thirdparty lock release [integrity check]
2025-09-12 19:12:40,927 [INFO] IntegrityCheckThread:80 - entering critical section [integrity check]
2025-09-12 19:12:40,927 [INFO] PluginManage:352 - Loaded plugin thirdparty (category:base,tabindex:-1)
2025-09-12 19:12:40,928 [INFO] PluginManage:302 - Check plugin tools
2025-09-12 19:12:40,928 [INFO] ThirdPartyUpdaterWithRetryManager:66 - Updater plugin not ready yet. [1/15]
2025-09-12 19:12:41,062 [INFO] PluginManage:352 - Loaded plugin tools (category:base,tabindex:7)
2025-09-12 19:12:41,062 [INFO] PluginManage:302 - Check plugin tutovideos
2025-09-12 19:12:41,479 [INFO] PluginManage:352 - Loaded plugin tutovideos (category:base,tabindex:-1)
2025-09-12 19:12:41,479 [INFO] PluginManage:302 - Check plugin updater
2025-09-12 19:12:41,496 [INFO] PluginManage:352 - Loaded plugin updater (category:base,tabindex:12)
2025-09-12 19:12:41,497 [INFO] PluginManage:275 - PluginManage : Loaded plugins [13]
2025-09-12 19:12:41,784 [INFO] PinOutPanel:1463 - setPackage(No Configuration,No Configuration)
2025-09-12 19:12:41,958 [INFO] IPUIPlugin:74 - create IPUIPlugin
2025-09-12 19:12:41,958 [INFO] PluginManager:213 - loadIPPluginJar : add adc
2025-09-12 19:12:42,067 [INFO] IPUIPlugin:74 - create IPUIPlugin
2025-09-12 19:12:42,067 [INFO] PluginManager:213 - loadIPPluginJar : add aes
2025-09-12 19:12:42,162 [INFO] IPUIPlugin:74 - create IPUIPlugin
2025-09-12 19:12:42,163 [INFO] PluginManager:213 - loadIPPluginJar : add can
2025-09-12 19:12:42,231 [INFO] IPUIPlugin:74 - create IPUIPlugin
2025-09-12 19:12:42,231 [INFO] PluginManager:213 - loadIPPluginJar : add comp
2025-09-12 19:12:42,319 [INFO] IPUIPlugin:74 - create IPUIPlugin
2025-09-12 19:12:42,319 [INFO] PluginManager:213 - loadIPPluginJar : add cryp
2025-09-12 19:12:42,401 [INFO] IPUIPlugin:74 - create IPUIPlugin
2025-09-12 19:12:42,401 [INFO] PluginManager:213 - loadIPPluginJar : add dfsdm
2025-09-12 19:12:42,427 [INFO] IPUIPlugin:74 - create IPUIPlugin
2025-09-12 19:12:42,428 [INFO] PluginManager:213 - loadIPPluginJar : add dma
2025-09-12 19:12:42,534 [INFO] IPUIPlugin:74 - create IPUIPlugin
2025-09-12 19:12:42,534 [INFO] PluginManager:213 - loadIPPluginJar : add dma3
2025-09-12 19:12:42,592 [INFO] IPUIPlugin:74 - create IPUIPlugin
2025-09-12 19:12:42,592 [INFO] PluginManager:213 - loadIPPluginJar : add fatfs
2025-09-12 19:12:42,698 [INFO] IPUIPlugin:74 - create IPUIPlugin
2025-09-12 19:12:42,699 [INFO] PluginManager:213 - loadIPPluginJar : add fmc
2025-09-12 19:12:42,723 [INFO] IPUIPlugin:74 - create IPUIPlugin
2025-09-12 19:12:42,723 [INFO] PluginManager:213 - loadIPPluginJar : add freertos
2025-09-12 19:12:42,787 [INFO] IPUIPlugin:74 - create IPUIPlugin
2025-09-12 19:12:42,788 [INFO] PluginManager:213 - loadIPPluginJar : add genericplugin
2025-09-12 19:12:42,979 [INFO] IPUIPlugin:74 - create IPUIPlugin
2025-09-12 19:12:42,979 [INFO] PluginManager:213 - loadIPPluginJar : add gfxmmu
2025-09-12 19:12:43,237 [INFO] IPUIPlugin:74 - create IPUIPlugin
2025-09-12 19:12:43,237 [INFO] PluginManager:213 - loadIPPluginJar : add gic
2025-09-12 19:12:43,260 [INFO] IPUIPlugin:74 - create IPUIPlugin
2025-09-12 19:12:43,260 [INFO] PluginManager:213 - loadIPPluginJar : add gpio
2025-09-12 19:12:43,408 [INFO] IPUIPlugin:74 - create IPUIPlugin
2025-09-12 19:12:43,408 [INFO] PluginManager:213 - loadIPPluginJar : add gtzc
2025-09-12 19:12:43,481 [INFO] IPUIPlugin:74 - create IPUIPlugin
2025-09-12 19:12:43,481 [INFO] PluginManager:213 - loadIPPluginJar : add hash
2025-09-12 19:12:43,608 [INFO] IPUIPlugin:74 - create IPUIPlugin
2025-09-12 19:12:43,608 [INFO] PluginManager:213 - loadIPPluginJar : add i2c
2025-09-12 19:12:43,707 [INFO] IPUIPlugin:74 - create IPUIPlugin
2025-09-12 19:12:43,707 [INFO] PluginManager:213 - loadIPPluginJar : add i2s
2025-09-12 19:12:43,725 [INFO] IPUIPlugin:74 - create IPUIPlugin
2025-09-12 19:12:43,726 [INFO] PluginManager:213 - loadIPPluginJar : add ipddr
2025-09-12 19:12:43,908 [INFO] IPUIPlugin:74 - create IPUIPlugin
2025-09-12 19:12:43,908 [INFO] PluginManager:213 - loadIPPluginJar : add linkedlist
2025-09-12 19:12:43,934 [INFO] ThirdPartyUpdaterWithRetryManager:66 - Updater plugin not ready yet. [2/15]
2025-09-12 19:12:44,002 [INFO] IPUIPlugin:74 - create IPUIPlugin
2025-09-12 19:12:44,003 [INFO] PluginManager:213 - loadIPPluginJar : add lorawan
2025-09-12 19:12:44,093 [INFO] IPUIPlugin:74 - create IPUIPlugin
2025-09-12 19:12:44,093 [INFO] PluginManager:213 - loadIPPluginJar : add ltdc
2025-09-12 19:12:44,112 [INFO] IPUIPlugin:74 - create IPUIPlugin
2025-09-12 19:12:44,112 [INFO] PluginManager:213 - loadIPPluginJar : add mdma
2025-09-12 19:12:44,132 [INFO] IPUIPlugin:74 - create IPUIPlugin
2025-09-12 19:12:44,132 [INFO] PluginManager:213 - loadIPPluginJar : add nvic
2025-09-12 19:12:44,218 [INFO] IPUIPlugin:74 - create IPUIPlugin
2025-09-12 19:12:44,218 [INFO] PluginManager:213 - loadIPPluginJar : add opamp
2025-09-12 19:12:44,367 [INFO] IPUIPlugin:74 - create IPUIPlugin
2025-09-12 19:12:44,368 [INFO] PluginManager:213 - loadIPPluginJar : add openamp
2025-09-12 19:12:44,476 [INFO] IPUIPlugin:74 - create IPUIPlugin
2025-09-12 19:12:44,477 [INFO] PluginManager:213 - loadIPPluginJar : add pdm2pcm
2025-09-12 19:12:44,508 [INFO] IPUIPlugin:74 - create IPUIPlugin
2025-09-12 19:12:44,514 [INFO] PluginManager:213 - loadIPPluginJar : add plateformsettings
2025-09-12 19:12:44,621 [INFO] IPUIPlugin:74 - create IPUIPlugin
2025-09-12 19:12:44,621 [INFO] PluginManager:213 - loadIPPluginJar : add quadspi
2025-09-12 19:12:44,652 [INFO] IPUIPlugin:74 - create IPUIPlugin
2025-09-12 19:12:44,652 [INFO] PluginManager:213 - loadIPPluginJar : add resmgrutility
2025-09-12 19:12:44,803 [INFO] IPUIPlugin:74 - create IPUIPlugin
2025-09-12 19:12:44,804 [INFO] PluginManager:213 - loadIPPluginJar : add sai
2025-09-12 19:12:44,908 [INFO] IPUIPlugin:74 - create IPUIPlugin
2025-09-12 19:12:44,908 [INFO] PluginManager:213 - loadIPPluginJar : add spi
2025-09-12 19:12:45,086 [INFO] IPUIPlugin:74 - create IPUIPlugin
2025-09-12 19:12:45,086 [INFO] PluginManager:213 - loadIPPluginJar : add stm32_wpan
2025-09-12 19:12:45,184 [INFO] IPUIPlugin:74 - create IPUIPlugin
2025-09-12 19:12:45,184 [INFO] PluginManager:213 - loadIPPluginJar : add tim
2025-09-12 19:12:45,404 [INFO] IPUIPlugin:74 - create IPUIPlugin
2025-09-12 19:12:45,404 [INFO] PluginManager:213 - loadIPPluginJar : add touchsensing
2025-09-12 19:12:45,488 [INFO] IPUIPlugin:74 - create IPUIPlugin
2025-09-12 19:12:45,488 [INFO] PluginManager:213 - loadIPPluginJar : add tracer_emb
2025-09-12 19:12:45,606 [INFO] IPUIPlugin:74 - create IPUIPlugin
2025-09-12 19:12:45,608 [INFO] PluginManager:213 - loadIPPluginJar : add ts
2025-09-12 19:12:45,704 [INFO] IPUIPlugin:74 - create IPUIPlugin
2025-09-12 19:12:45,704 [INFO] PluginManager:213 - loadIPPluginJar : add tsc
2025-09-12 19:12:45,789 [INFO] IPUIPlugin:74 - create IPUIPlugin
2025-09-12 19:12:45,789 [INFO] PluginManager:213 - loadIPPluginJar : add ucpd
2025-09-12 19:12:45,912 [INFO] IPUIPlugin:74 - create IPUIPlugin
2025-09-12 19:12:45,912 [INFO] PluginManager:213 - loadIPPluginJar : add usart
2025-09-12 19:12:46,036 [INFO] IPUIPlugin:74 - create IPUIPlugin
2025-09-12 19:12:46,037 [INFO] PluginManager:213 - loadIPPluginJar : add usbx
2025-09-12 19:12:46,498 [FATAL] Updater:294 - Updater called before beeing initialized
2025-09-12 19:12:46,683 [FATAL] Updater:294 - Updater called before beeing initialized
2025-09-12 19:12:46,720 [INFO] DbMcusAds:47 - JSON generation date=Tue Jul 08 15:14:23 ICT 2025 (1751962463582)
2025-09-12 19:12:46,721 [FATAL] Updater:294 - Updater called before beeing initialized
2025-09-12 19:12:46,823 [WARN] DetailPanel:314 - Failed to get advertising image, set to default
2025-09-12 19:12:46,951 [INFO] ThirdPartyUpdaterWithRetryManager:66 - Updater plugin not ready yet. [3/15]
2025-09-12 19:12:47,036 [FATAL] Updater:294 - Updater called before beeing initialized
2025-09-12 19:12:47,040 [FATAL] Updater:294 - Updater called before beeing initialized
2025-09-12 19:12:47,041 [FATAL] Updater:294 - Updater called before beeing initialized
2025-09-12 19:12:47,041 [WARN] DetailPanel:314 - Failed to get advertising image, set to default
2025-09-12 19:12:47,044 [FATAL] Updater:294 - Updater called before beeing initialized
2025-09-12 19:12:47,173 [ERROR] Updater:1075 - MainUpdater not yet initialized. External WinMGr cannot be set.
2025-09-12 19:12:47,219 [INFO] Updater:1012 - Updater Version found : 6.3.0
2025-09-12 19:12:47,249 [INFO] ApplicationProperties:181 - Using Application install path: C:\ST\STM32CubeIDE_1.7.0\STM32CubeIDE\plugins\com.st.stm32cube.common.mx_6.3.0.202107141111
2025-09-12 19:12:47,664 [INFO] MainUpdater:2671 - connection check result : 10
2025-09-12 19:12:47,665 [INFO] MainUpdater:265 - Updater Check For Update Now.
2025-09-12 19:12:47,665 [INFO] MicroXplorer:478 - Change Database Version : DB.6.0.30
2025-09-12 19:12:48,031 [INFO] CheckServerUpdateThread:112 - End of CheckServer Thread
2025-09-12 19:12:48,063 [INFO] MainUpdater:2671 - connection check result : 10
2025-09-12 19:12:48,726 [INFO] McuFinderGlobals:52 - Set McuFinderConnectedMode to false
2025-09-12 19:12:48,865 [INFO] CrossSelectorPresenter:1330 - Cross Selector saved comparison directory: C:\Users\hi\.stmcufinder\plugins\mcufinder\mcu\cs_comparisons_mx
2025-09-12 19:12:48,872 [INFO] MultiScanPanel:197 - Auto-refresh data requested => check proxy status ongoing
2025-09-12 19:12:48,872 [INFO] MultiScanPanel:201 - Proxy status is invalid
2025-09-12 19:12:48,877 [INFO] FinderPluginLoader:87 - Searching for filters in installed packs
2025-09-12 19:12:48,878 [INFO] DbMcusXml:100 - Load MCU database from C:\ST\STM32CubeIDE_1.7.0\STM32CubeIDE\plugins\com.st.stm32cube.common.mx_6.3.0.202107141111\\db\/mcu/families.xml
2025-09-12 19:12:50,463 [ERROR] Engine:463 - C:\Users\hi\.stm32cubemx\thirdparties\pdsc\STMicroelectronics.FP-SNS-MOTENVWB1.1.4.0.pdsc: PDSC version is not supported
2025-09-12 19:12:50,650 [WARN] PackLoader:238 - Cannot read IP mode file for STMicroelectronics.FP-ATR-ASTRA1.2.0.2
2025-09-12 19:12:50,705 [ERROR] Engine:463 - C:\Users\hi\.stm32cubemx\thirdparties\pdsc\STMicroelectronics.X-CUBE-SMBUS.2.1.0.pdsc: PDSC version is not supported
2025-09-12 19:12:50,725 [ERROR] Engine:463 - C:\Users\hi\.stm32cubemx\thirdparties\pdsc\STMicroelectronics.X-CUBE-ST60.1.0.0.pdsc: PDSC version is not supported
2025-09-12 19:12:50,844 [WARN] PackLoader:238 - Cannot read IP mode file for STMicroelectronics.X-CUBE-AZRTOS-F7.1.1.0
2025-09-12 19:12:50,888 [ERROR] Engine:463 - C:\Users\hi\.stm32cubemx\thirdparties\pdsc\WES.I-CUBE-Cesium.1.4.0.pdsc: PDSC version is not supported
2025-09-12 19:12:50,938 [ERROR] Engine:463 - C:\Users\hi\.stm32cubemx\thirdparties\pdsc\Infineon.AIROC-Wi-Fi-Bluetooth-STM32.1.7.1.pdsc: PDSC version is not supported
2025-09-12 19:12:50,992 [INFO] DbMcusJson:93 - JSON generation date=Tue Nov 16 23:17:54 ICT 2021 (1637079474)
2025-09-12 19:12:51,032 [WARN] PackLoader:238 - Cannot read IP mode file for STMicroelectronics.X-CUBE-AZRTOS-H7.3.4.0
2025-09-12 19:12:51,090 [ERROR] Engine:463 - C:\Users\hi\.stm32cubemx\thirdparties\pdsc\STMicroelectronics.X-CUBE-DISPLAY.3.0.0.pdsc: PDSC version is not supported
2025-09-12 19:12:51,118 [WARN] PackLoader:238 - Cannot read IP mode file for STMicroelectronics.X-CUBE-NFC10.1.0.0
2025-09-12 19:12:51,146 [ERROR] Engine:463 - C:\Users\hi\.stm32cubemx\thirdparties\pdsc\emotas.I-CUBE-CANOPEN.1.3.0.pdsc: PDSC version is not supported
2025-09-12 19:12:51,206 [ERROR] Engine:463 - C:\Users\hi\.stm32cubemx\thirdparties\pdsc\STMicroelectronics.FP-SNS-STBOX1.2.1.0.pdsc: PDSC version is not supported
2025-09-12 19:12:51,233 [ERROR] Engine:463 - C:\Users\hi\.stm32cubemx\thirdparties\pdsc\STMicroelectronics.FP-SNS-SMARTAG2.1.2.0.pdsc: PDSC version is not supported
2025-09-12 19:12:51,255 [ERROR] Engine:463 - C:\Users\hi\.stm32cubemx\thirdparties\pdsc\STMicroelectronics.FP-SNS-FLIGHT1.5.1.0.pdsc: PDSC version is not supported
2025-09-12 19:12:51,292 [INFO] LogOutputStream:76 - [STDOUT_REDIRECT] 1 : Invalid condition id : UX_CORESTACK_Condition cause : null
2025-09-12 19:12:51,294 [INFO] LogOutputStream:76 - [STDOUT_REDIRECT] 1 : Invalid condition id : UX_CORESTACK_Condition cause : null
2025-09-12 19:12:51,297 [INFO] LogOutputStream:76 - [STDOUT_REDIRECT] 1 : Invalid condition id : UX_CORESTACK_Condition cause : null
2025-09-12 19:12:51,299 [INFO] LogOutputStream:76 - [STDOUT_REDIRECT] 1 : Invalid condition id : UX_CORESTACK_Condition cause : null
2025-09-12 19:12:51,302 [INFO] LogOutputStream:76 - [STDOUT_REDIRECT] 1 : Invalid condition id : UX_CORESTACK_Condition cause : null
2025-09-12 19:12:51,308 [WARN] PackLoader:238 - Cannot read IP mode file for STMicroelectronics.X-CUBE-AZRTOS-WL.2.0.0
2025-09-12 19:12:51,333 [ERROR] Engine:463 - C:\Users\hi\.stm32cubemx\thirdparties\pdsc\STMicroelectronics.FP-SNS-MOTENV1.5.0.0.pdsc: PDSC version is not supported
2025-09-12 19:12:51,358 [WARN] PackLoader:238 - Cannot read IP mode file for STMicroelectronics.X-CUBE-BLE2.3.3.0
2025-09-12 19:12:51,388 [WARN] PackLoader:238 - Cannot read IP mode file for STMicroelectronics.X-CUBE-NFC9.1.0.0
2025-09-12 19:12:51,416 [WARN] PackLoader:238 - Cannot read IP mode file for wolfSSL.I-CUBE-wolfSSL.5.8.2
2025-09-12 19:12:51,442 [WARN] PackLoader:238 - Cannot read IP mode file for STMicroelectronics.X-CUBE-BLE1.7.1.0
2025-09-12 19:12:51,499 [WARN] PackLoader:238 - Cannot read IP mode file for wolfSSL.I-CUBE-wolfMQTT.1.19.2
2025-09-12 19:12:51,529 [WARN] PackLoader:238 - Cannot read IP mode file for STMicroelectronics.X-CUBE-EEPRMA1.5.2.0
2025-09-12 19:12:51,602 [WARN] PackLoader:238 - Cannot read IP mode file for STMicroelectronics.X-CUBE-AZRTOS-G0.1.1.0
2025-09-12 19:12:51,637 [WARN] PackLoader:238 - Cannot read IP mode file for STMicroelectronics.X-CUBE-SAFEA1.1.2.2
2025-09-12 19:12:51,686 [WARN] PackLoader:238 - Cannot read IP mode file for STMicroelectronics.X-CUBE-NFC4.3.0.0
2025-09-12 19:12:51,727 [ERROR] Engine:463 - C:\Users\hi\.stm32cubemx\thirdparties\pdsc\EmbeddedOffice.I-CUBE-FS-RTOS.1.0.1.pdsc: PDSC version is not supported
2025-09-12 19:12:51,761 [WARN] PackLoader:238 - Cannot read IP mode file for STMicroelectronics.X-CUBE-WB05N.2.0.0
2025-09-12 19:12:51,786 [WARN] PackLoader:238 - Cannot read IP mode file for wolfSSL.I-CUBE-wolfTPM.3.8.0
2025-09-12 19:12:51,809 [ERROR] Engine:463 - C:\Users\hi\.stm32cubemx\thirdparties\pdsc\STMicroelectronics.X-CUBE-TCPP.4.2.0.pdsc: PDSC version is not supported
2025-09-12 19:12:51,832 [ERROR] Engine:463 - C:\Users\hi\.stm32cubemx\thirdparties\pdsc\RealThread.X-CUBE-RT-Thread_Nano.4.1.1.pdsc: PDSC version is not supported
2025-09-12 19:12:51,855 [WARN] PackLoader:238 - Cannot read IP mode file for STMicroelectronics.FP-ATR-SIGFOX1.3.2.0
2025-09-12 19:12:51,880 [ERROR] Engine:463 - C:\Users\hi\.stm32cubemx\thirdparties\pdsc\ITTIA_DB.I-CUBE-ITTIADB.8.9.0.pdsc: PDSC version is not supported
2025-09-12 19:12:51,903 [ERROR] Engine:463 - C:\Users\hi\.stm32cubemx\thirdparties\pdsc\STMicroelectronics.X-CUBE-ST67W61.1.0.0.pdsc: PDSC version is not supported
2025-09-12 19:12:51,925 [WARN] PackLoader:238 - Cannot read IP mode file for STMicroelectronics.X-CUBE-AI.10.2.0
2025-09-12 19:12:52,039 [WARN] PackLoader:238 - Cannot read IP mode file for SEGGER.I-CUBE-embOS.1.3.1
2025-09-12 19:12:52,222 [WARN] PackLoader:238 - Cannot read IP mode file for STMicroelectronics.X-CUBE-ALGOBUILD.1.4.0
2025-09-12 19:12:52,398 [WARN] PackLoader:238 - Cannot read IP mode file for STMicroelectronics.X-CUBE-MEMS1.11.3.0
2025-09-12 19:12:52,920 [INFO] DbMcus:175 - Found 1951 MCUs (1903 are supported by CubeMX, 1914 are visible in CubeMX)
2025-09-12 19:12:52,921 [INFO] ApiDb:251 - Load user favorites file C:\Users\hi/.stm32cubeide/favorites.mcus.txt: 0 item(s)
2025-09-12 19:12:52,921 [INFO] ApiDb:255 - User favorites MCUs=[]
2025-09-12 19:12:52,921 [INFO] DbMcus:187 - Set 0 / 0 favorites MCUs
2025-09-12 19:12:52,937 [WARN] PackLoader:238 - Cannot read IP mode file for STMicroelectronics.X-CUBE-PM33A1.1.0.0
2025-09-12 19:12:52,992 [WARN] PackLoader:238 - Cannot read IP mode file for STMicroelectronics.X-CUBE-AZRTOS-F4.1.1.0
2025-09-12 19:12:53,021 [ERROR] Engine:463 - C:\Users\hi\.stm32cubemx\thirdparties\pdsc\Avnet-IotConnect.X-CUBE-IoTC-DA16k-PMOD.1.0.0.pdsc: PDSC version is not supported
2025-09-12 19:12:53,052 [WARN] PackLoader:238 - Cannot read IP mode file for STMicroelectronics.X-CUBE-ISPU.2.1.0
2025-09-12 19:12:53,084 [WARN] PackLoader:238 - Cannot read IP mode file for STMicroelectronics.X-CUBE-NFC12.1.0.0
2025-09-12 19:12:53,148 [WARN] PackLoader:238 - Cannot read IP mode file for STMicroelectronics.X-CUBE-AZRTOS-L5.2.0.0
2025-09-12 19:12:53,184 [WARN] PackLoader:238 - Cannot read IP mode file for STMicroelectronics.X-CUBE-NFC6.3.1.0
2025-09-12 19:12:53,223 [ERROR] Engine:463 - C:\Users\hi\.stm32cubemx\thirdparties\pdsc\STMicroelectronics.X-CUBE-FREERTOS.1.3.1.pdsc: PDSC version is not supported
2025-09-12 19:12:53,245 [ERROR] Engine:463 - C:\Users\hi\.stm32cubemx\thirdparties\pdsc\STMicroelectronics.FP-SNS-STAIOTCFT.1.0.0.pdsc: PDSC version is not supported
2025-09-12 19:12:53,264 [ERROR] Engine:463 - C:\Users\hi\.stm32cubemx\thirdparties\pdsc\STMicroelectronics.X-CUBE-DPower.1.3.0.pdsc: PDSC version is not supported
2025-09-12 19:12:53,325 [WARN] ConditionMgr:437 - getConditionDescription Invalid condition id : LAN8742 Phy interface Condition cause : null
2025-09-12 19:12:53,326 [WARN] PackLoader:238 - Cannot read IP mode file for STMicroelectronics.X-CUBE-AZRTOS-L4.2.0.0
2025-09-12 19:12:53,330 [WARN] ConditionMgr:1038 - genDependencies : Invalid condition id : LAN8742 Phy interface Condition cause : null
2025-09-12 19:12:53,330 [WARN] ConditionMgr:1038 - genDependencies : Invalid condition id : LAN8742 Phy interface Condition cause : null
2025-09-12 19:12:53,331 [WARN] ConditionMgr:1038 - genDependencies : Invalid condition id : LAN8742 Phy interface Condition cause : null
2025-09-12 19:12:53,366 [WARN] PackLoader:238 - Cannot read IP mode file for STMicroelectronics.X-CUBE-SFXS2LP1.4.0.0
2025-09-12 19:12:53,399 [ERROR] Engine:463 - C:\Users\hi\.stm32cubemx\thirdparties\pdsc\STMicroelectronics.X-CUBE-BLEMGR.4.1.0.pdsc: PDSC version is not supported
2025-09-12 19:12:53,455 [WARN] ConditionMgr:437 - getConditionDescription Invalid condition id : UX DEVICE CLASS RTOS Condition cause : null
2025-09-12 19:12:53,455 [WARN] ConditionMgr:437 - getConditionDescription Invalid condition id : UX DEVICE CLASS RTOS Condition cause : null
2025-09-12 19:12:53,458 [WARN] PackLoader:238 - Cannot read IP mode file for STMicroelectronics.X-CUBE-AZRTOS-WB.2.0.0
2025-09-12 19:12:53,460 [WARN] ConditionMgr:1038 - genDependencies : Invalid condition id : UX DEVICE CLASS RTOS Condition cause : null
2025-09-12 19:12:53,460 [WARN] ConditionMgr:1038 - genDependencies : Invalid condition id : UX DEVICE CLASS RTOS Condition cause : null
2025-09-12 19:12:53,462 [WARN] ConditionMgr:1038 - genDependencies : Invalid condition id : UX DEVICE CLASS RTOS Condition cause : null
2025-09-12 19:12:53,463 [WARN] ConditionMgr:1038 - genDependencies : Invalid condition id : UX DEVICE CLASS RTOS Condition cause : null
2025-09-12 19:12:53,463 [WARN] ConditionMgr:1038 - genDependencies : Invalid condition id : UX DEVICE CLASS RTOS Condition cause : null
2025-09-12 19:12:53,492 [WARN] PackLoader:238 - Cannot read IP mode file for STMicroelectronics.X-CUBE-GNSS1.7.0.1
2025-09-12 19:12:53,553 [WARN] PackLoader:238 - Cannot read IP mode file for STMicroelectronics.X-CUBE-TOUCHGFX.4.25.0
2025-09-12 19:12:53,572 [ERROR] Engine:463 - C:\Users\hi\.stm32cubemx\thirdparties\pdsc\quantropi.X-CUBE-qispace-sdk-base.2.1.0.pdsc: PDSC version is not supported
2025-09-12 19:12:53,613 [WARN] PackLoader:238 - Cannot read IP mode file for STMicroelectronics.X-CUBE-SUBG2.5.0.0
2025-09-12 19:12:53,698 [WARN] PackLoader:238 - Cannot read IP mode file for STMicroelectronics.X-CUBE-AZRTOS-H7RS.1.1.0
2025-09-12 19:12:53,738 [ERROR] Engine:463 - C:\Users\hi\.stm32cubemx\thirdparties\pdsc\Cesanta.I-CUBE-Mongoose.7.13.0.pdsc: PDSC version is not supported
2025-09-12 19:12:53,791 [WARN] PackLoader:238 - Cannot read IP mode file for STMicroelectronics.X-CUBE-AZRTOS-G4.2.0.0
2025-09-12 19:12:53,818 [WARN] PackLoader:238 - Cannot read IP mode file for wolfSSL.I-CUBE-wolfSSH.1.4.20
2025-09-12 19:12:53,843 [WARN] PackLoader:238 - Cannot read IP mode file for STMicroelectronics.X-CUBE-NFC7.2.0.0
2025-09-12 19:12:53,878 [ERROR] Engine:463 - C:\Users\hi\.stm32cubemx\thirdparties\pdsc\STMicroelectronics.X-CUBE-IPS.3.1.0.pdsc: PDSC version is not supported
2025-09-12 19:12:53,901 [ERROR] Engine:463 - C:\Users\hi\.stm32cubemx\thirdparties\pdsc\STMicroelectronics.X-CUBE-ALS.1.0.2.pdsc: PDSC version is not supported
2025-09-12 19:12:53,953 [WARN] PackLoader:238 - Cannot read IP mode file for STMicroelectronics.X-CUBE-STSE01.1.0.0
2025-09-12 19:12:53,982 [WARN] PackLoader:238 - Cannot read IP mode file for portGmbH.I-Cube-SoM-uGOAL.1.1.0
2025-09-12 19:12:54,022 [ERROR] Engine:463 - C:\Users\hi\.stm32cubemx\thirdparties\pdsc\STMicroelectronics.X-CUBE-TOF1.3.4.3.pdsc: PDSC version is not supported
2025-09-12 19:12:54,023 [INFO] ThirdParty:915 - Integrity check success = true
2025-09-12 19:12:54,023 [INFO] IntegrityCheckThread:94 - exiting critical section [integrity check]
2025-09-12 19:12:54,023 [INFO] IntegrityCheckThread:97 - End integrity checks thread
2025-09-12 19:12:54,115 [INFO] DetailPanel:309 - Set advertising image to C:/Users/hi/STM32Cube/Repository/\en.2400x1350px.jpeg
2025-09-12 19:12:54,888 [INFO] DbBoardsPdsc:90 - Found 25 items
2025-09-12 19:12:54,908 [INFO] DbBoardsPdsc:90 - Found 9 items
2025-09-12 19:12:54,932 [INFO] DbBoardsPdsc:90 - Found 33 items
2025-09-12 19:12:54,954 [INFO] DbBoardsPdsc:90 - Found 1 items
2025-09-12 19:12:54,986 [INFO] DbBoardsPdsc:90 - Found 48 items
2025-09-12 19:12:55,017 [INFO] DbBoardsPdsc:90 - Found 43 items
2025-09-12 19:12:55,038 [INFO] DbBoardsPdsc:90 - Found 2 items
2025-09-12 19:12:55,057 [INFO] DbBoardsPdsc:90 - Found 5 items
2025-09-12 19:12:55,064 [WARN] DbBoardsPdsc:254 - Board STM32H7B3I-DK: unknown feature type=Audio, name=, username=Audio stereo codec with Headphone Amp (CS42L51-CNZ), n=1
2025-09-12 19:12:55,065 [WARN] DbBoardsPdsc:254 - Board STM32H735G-DK: unknown feature type=Audio, name=, username=Audio stereo codec with Headphone Amp (WM8994ECS/R), n=1
2025-09-12 19:12:55,066 [WARN] DbBoardsPdsc:254 - Board STM32H7B3I-EVAL: unknown feature type=Audio, name=, username=Multi-Channel Audio Codec (CS42L51-CNZ), n=1
2025-09-12 19:12:55,067 [WARN] DbBoardsPdsc:254 - Board STM32H7B3I-EVAL: unknown feature type=Meter, name=, username=Power-metering and Temperature-monitoring with sigma-delta modulators, n=1
2025-09-12 19:12:55,067 [WARN] DbBoardsPdsc:254 - Board STM32H7B3I-EVAL: unknown feature type=Motor, name=, username=Motor Control, n=1
2025-09-12 19:12:55,068 [WARN] DbBoardsPdsc:254 - Board STM32U575I-EV: unknown feature type=joystick, name=, username=4-direction joystick with selection button, n=1
2025-09-12 19:12:55,133 [INFO] DbBoardsJson:86 - JSON generation date=Tue Nov 16 23:17:54 ICT 2021 (1637079474)
2025-09-12 19:12:55,138 [INFO] DbBoards:117 - Found 167 boards (163 are supported by CubeMX)
2025-09-12 19:12:55,163 [INFO] DbBoardsDocs:143 - JSON generation date=Tue Nov 16 23:17:54 ICT 2021 (1637079474)
2025-09-12 19:12:55,174 [INFO] DbBoardsDocs:79 - Found 209 boards documents
2025-09-12 19:12:55,174 [WARN] DbBoards:127 - board B-L475E-IOT01A2 has no document id list !
2025-09-12 19:12:55,176 [WARN] DbBoards:127 - board NUCLEO-H743ZI has no document id list !
2025-09-12 19:12:55,178 [WARN] DbBoards:127 - board NUCLEO-WL55JC2 has no document id list !
2025-09-12 19:12:55,178 [WARN] DbBoards:127 - board P-NUCLEO-WB55-Nucleo has no document id list !
2025-09-12 19:12:55,178 [WARN] DbBoards:127 - board P-NUCLEO-WB55-USBDongle has no document id list !
2025-09-12 19:12:55,179 [WARN] DbBoards:127 - board STEVAL-BFA001V1B has no document id list !
2025-09-12 19:12:55,179 [WARN] DbBoards:127 - board STEVAL-BFA001V2B has no document id list !
2025-09-12 19:12:55,179 [WARN] DbBoards:127 - board STEVAL-IDP005V1 has no document id list !
2025-09-12 19:12:55,179 [WARN] DbBoards:127 - board STEVAL-IDP005V2 has no document id list !
2025-09-12 19:12:55,179 [WARN] DbBoards:127 - board STEVAL-MKSBOX1V1 has no document id list !
2025-09-12 19:12:55,180 [WARN] DbBoards:127 - board STEVAL-STWINKT1 has no document id list !
2025-09-12 19:12:55,180 [WARN] DbBoards:127 - board STEVAL-STWINKT1B has no document id list !
2025-09-12 19:12:55,180 [WARN] DbBoards:127 - board STM32439I-EVAL2 has no document id list !
2025-09-12 19:12:55,180 [WARN] DbBoards:127 - board STM32F401C-DISCO has no document id list !
2025-09-12 19:12:55,181 [WARN] DbBoards:127 - board STM32F769I-DISC1 has no document id list !
2025-09-12 19:12:55,181 [WARN] DbBoards:127 - board STM32G474E-EVAL1 has no document id list !
2025-09-12 19:12:55,181 [WARN] DbBoards:127 - board STM32H743I-EVAL2 has no document id list !
2025-09-12 19:12:55,182 [WARN] DbBoards:127 - board STM32H747I-DISC1 has no document id list !
2025-09-12 19:12:55,182 [WARN] DbBoards:127 - board STM32H753I-EVAL2 has no document id list !
2025-09-12 19:12:55,182 [WARN] DbBoards:127 - board STM32L-DISCOVERY has no document id list !
2025-09-12 19:12:55,413 [ERROR] DbBoards:189 - Image file not found for board B-U585I-IOT02A: C:\ST\STM32CubeIDE_1.7.0\STM32CubeIDE\plugins\com.st.stm32cube.common.mx_6.3.0.202107141111\\db\/plugins/mcufinder/images/boards/B-U585I-IOT02A_small.jpg
2025-09-12 19:12:55,629 [ERROR] DbBoards:189 - Image file not found for board NUCLEO-F413ZH: C:\ST\STM32CubeIDE_1.7.0\STM32CubeIDE\plugins\com.st.stm32cube.common.mx_6.3.0.202107141111\\db\/plugins/mcufinder/images/boards/nucleo-f413zh_small.jpg
2025-09-12 19:12:55,981 [ERROR] DbBoards:189 - Image file not found for board NUCLEO-L552ZE-Q: C:\ST\STM32CubeIDE_1.7.0\STM32CubeIDE\plugins\com.st.stm32cube.common.mx_6.3.0.202107141111\\db\/plugins/mcufinder/images/boards/nucleo_l552ze_q_small.jpg
2025-09-12 19:12:55,981 [ERROR] DbBoards:189 - Image file not found for board NUCLEO-U575ZI-Q: C:\ST\STM32CubeIDE_1.7.0\STM32CubeIDE\plugins\com.st.stm32cube.common.mx_6.3.0.202107141111\\db\/plugins/mcufinder/images/boards/nucleo-u575zi-q_small.jpg
2025-09-12 19:12:55,981 [ERROR] DbBoards:189 - Image file not found for board NUCLEO-WB15CC: C:\ST\STM32CubeIDE_1.7.0\STM32CubeIDE\plugins\com.st.stm32cube.common.mx_6.3.0.202107141111\\db\/plugins/mcufinder/images/boards/nucleo-wb15cc_small.jpg
2025-09-12 19:12:55,981 [ERROR] DbBoards:189 - Image file not found for board NUCLEO-WB55RG: C:\ST\STM32CubeIDE_1.7.0\STM32CubeIDE\plugins\com.st.stm32cube.common.mx_6.3.0.202107141111\\db\/plugins/mcufinder/images/boards/nucleo-wb55rg_small.jpg
2025-09-12 19:12:58,004 [INFO] ApiDb:251 - Load user favorites file C:\Users\hi/.stm32cubeide/favorites.boards.txt: 0 item(s)
2025-09-12 19:12:58,004 [INFO] ApiDb:255 - User favorites Boards=[]
2025-09-12 19:12:58,004 [INFO] DbBoards:206 - Set 0 / 0 favorites Boards
2025-09-12 19:21:15,982 [INFO] DbMcusDocs:143 - JSON generation date=Tue Nov 16 23:17:54 ICT 2021 (1637079474)
2025-09-12 19:21:16,437 [INFO] DbMcusDocs:79 - Found 682 MCUs documents
2025-09-12 19:21:35,473 [INFO] MainUpdater:2671 - connection check result : 10
2025-09-12 19:21:35,474 [INFO] MainUpdater:2671 - connection check result : 10
2025-09-12 19:21:35,553 [INFO] MicroXplorer:448 - Change Database Path : 
2025-09-12 19:21:35,553 [INFO] MicroXplorer:478 - Change Database Version : DB.6.0.30
2025-09-12 19:21:35,554 [WARN] ThirdParty:813 - waiting for thirdparty lock release [close project]
2025-09-12 19:21:35,554 [INFO] ThirdParty:815 - entering critical section [close project]
2025-09-12 19:21:35,555 [INFO] ThirdParty:825 - exiting critical section [close project]
2025-09-12 19:21:35,562 [INFO] PinOutPanel:1463 - setPackage(No Configuration,No Configuration)
2025-09-12 19:21:35,562 [INFO] UtilMem:74 - Begin LoadConfig() Used Memory: 853665208 Bytes (1018167296)
2025-09-12 19:21:35,562 [INFO] MicroXplorer:448 - Change Database Path : 
2025-09-12 19:21:35,562 [INFO] MicroXplorer:478 - Change Database Version : DB.6.0.30
2025-09-12 19:21:35,562 [INFO] OpenFileManager:313 - Change cursor
2025-09-12 19:21:36,931 [INFO] Context:592 - Trying to add GPIOservice into a context  which must be forbidden
2025-09-12 19:21:37,286 [INFO] ImportTextPane:167 - (OptionalMessage_ERROR) Unable to find key (Mcu.ThirdPartyNb) in loaded IOC file
2025-09-12 19:21:37,286 [INFO] ImportTextPane:167 - (OptionalMessage_ERROR) Unable to find key (Mcu.PinsNb) in loaded IOC file
2025-09-12 19:21:37,286 [INFO] ImportTextPane:167 - (OptionalMessage_ERROR) Unable to find key (Mcu.IPNb) in loaded IOC file
2025-09-12 19:21:37,353 [WARN] ApiManager:304 - Cannot register API 'Board Extension:PM33A1' from pack STMicroelectronics.X-CUBE-PM33A1.1.0.0: no header file found
2025-09-12 19:21:37,354 [WARN] ApiManager:304 - Cannot register API 'Board Extension:NFC09A1' from pack STMicroelectronics.X-CUBE-NFC9.1.0.0: no header file found
2025-09-12 19:21:37,366 [WARN] ApiManager:304 - Cannot register API 'Wireless:BlueNRG-MS' from pack STMicroelectronics.X-CUBE-BLE1.7.1.0: no header file found
2025-09-12 19:21:37,370 [WARN] ApiManager:304 - Cannot register API 'Board Extension:EEPRMA2' from pack STMicroelectronics.X-CUBE-EEPRMA1.5.2.0: no header file found
2025-09-12 19:21:37,370 [WARN] ApiManager:304 - Cannot register API 'Board Extension:PGEEZ1' from pack STMicroelectronics.X-CUBE-EEPRMA1.5.2.0: no header file found
2025-09-12 19:21:37,370 [WARN] ApiManager:304 - Cannot register API 'Board Extension:EEICA1' from pack STMicroelectronics.X-CUBE-EEPRMA1.5.2.0: no header file found
2025-09-12 19:21:37,370 [WARN] ApiManager:304 - Cannot register API 'Board Part:M24' from pack STMicroelectronics.X-CUBE-EEPRMA1.5.2.0: no header file found
2025-09-12 19:21:37,370 [WARN] ApiManager:304 - Cannot register API 'Board Part:M95' from pack STMicroelectronics.X-CUBE-EEPRMA1.5.2.0: no header file found
2025-09-12 19:21:37,371 [WARN] ApiManager:304 - Cannot register API 'Board Part:M95P32' from pack STMicroelectronics.X-CUBE-EEPRMA1.5.2.0: no header file found
2025-09-12 19:21:37,371 [WARN] ApiManager:304 - Cannot register API 'Board Part:M24256E-F' from pack STMicroelectronics.X-CUBE-EEPRMA1.5.2.0: no header file found
2025-09-12 19:21:37,371 [WARN] ApiManager:304 - Cannot register API 'Board Part:M24M01E-F' from pack STMicroelectronics.X-CUBE-EEPRMA1.5.2.0: no header file found
2025-09-12 19:21:37,371 [WARN] ApiManager:304 - Cannot register API 'PGEEZ1:SPI' from pack STMicroelectronics.X-CUBE-EEPRMA1.5.2.0: no header file found
2025-09-12 19:21:37,371 [WARN] ApiManager:304 - Cannot register API 'PGEEZ1:QDSPI' from pack STMicroelectronics.X-CUBE-EEPRMA1.5.2.0: no header file found
2025-09-12 19:21:37,375 [WARN] ApiManager:304 - Cannot register API 'Board Extension:GNSS1A1' from pack STMicroelectronics.X-CUBE-GNSS1.7.0.1: no header file found
2025-09-12 19:21:37,375 [WARN] ApiManager:304 - Cannot register API 'Board Support:Custom' from pack STMicroelectronics.X-CUBE-GNSS1.7.0.1: no header file found
2025-09-12 19:21:37,375 [WARN] ApiManager:304 - Cannot register API 'Data Exchange:lib_gnss' from pack STMicroelectronics.X-CUBE-GNSS1.7.0.1: no header file found
2025-09-12 19:21:37,377 [WARN] ApiManager:304 - Cannot register API 'Board Extension:NFC12A1' from pack STMicroelectronics.X-CUBE-NFC12.1.0.0: no header file found
2025-09-12 19:21:37,386 [WARN] ApiManager:304 - Cannot register API 'Board Extension:NFC06A1' from pack STMicroelectronics.X-CUBE-NFC6.3.1.0: no header file found
2025-09-12 19:21:37,386 [WARN] ApiManager:304 - Cannot register API 'Board Extension:NFC08A1' from pack STMicroelectronics.X-CUBE-NFC6.3.1.0: no header file found
2025-09-12 19:21:37,391 [INFO] RtosManager:484 - Registered RTOS mode: class=CMSIS, group=RTOS, mode=CMSIS_V1, owner=FREERTOS
2025-09-12 19:21:37,391 [INFO] RtosManager:484 - Registered RTOS mode: class=CMSIS, group=RTOS2, mode=CMSIS_V2, owner=FREERTOS
2025-09-12 19:21:37,391 [INFO] RtosManager:484 - Registered RTOS mode: class=RTOS, group=Core, mode=CMSIS_V1, owner=FREERTOS
2025-09-12 19:21:37,391 [INFO] RtosManager:484 - Registered RTOS mode: class=RTOS, group=Core, mode=CMSIS_V2, owner=FREERTOS
2025-09-12 19:21:37,391 [WARN] ModelIntegratedComponent:181 - Missing modes for component STMicroelectronics:FreeRTOS:0.0.1:STMicroelectronics:RTOS:FreeRTOS:Core:::10.2.0:
2025-09-12 19:21:37,391 [WARN] ApiManager:304 - Cannot register API 'Board Extension:STSAFEA1' from pack STMicroelectronics.X-CUBE-SAFEA1.1.2.2: no header file found
2025-09-12 19:21:37,391 [WARN] ApiManager:304 - Cannot register API 'Board Part:STSAFEA110' from pack STMicroelectronics.X-CUBE-SAFEA1.1.2.2: no header file found
2025-09-12 19:21:37,391 [WARN] ApiManager:304 - Cannot register API 'Security:ST_Cryptolib' from pack STMicroelectronics.X-CUBE-SAFEA1.1.2.2: no header file found
2025-09-12 19:21:37,391 [WARN] ApiManager:304 - Cannot register API 'Security:MbedTLS' from pack STMicroelectronics.X-CUBE-SAFEA1.1.2.2: no header file found
2025-09-12 19:21:37,396 [WARN] ApiManager:304 - Cannot register API 'Board Extension:NFC04A1' from pack STMicroelectronics.X-CUBE-NFC4.3.0.0: no header file found
2025-09-12 19:21:37,403 [WARN] ApiManager:304 - Cannot register API 'Board Extension:S2868A1' from pack STMicroelectronics.X-CUBE-SUBG2.5.0.0: no header file found
2025-09-12 19:21:37,403 [WARN] ApiManager:304 - Cannot register API 'Board Extension:S2868A2' from pack STMicroelectronics.X-CUBE-SUBG2.5.0.0: no header file found
2025-09-12 19:21:37,403 [WARN] ApiManager:304 - Cannot register API 'Board Extension:S2915A1' from pack STMicroelectronics.X-CUBE-SUBG2.5.0.0: no header file found
2025-09-12 19:21:37,409 [WARN] ApiManager:304 - Cannot register API 'Wireless:STM32WB05N' from pack STMicroelectronics.X-CUBE-WB05N.2.0.0: no header file found
2025-09-12 19:21:37,415 [WARN] ApiManager:304 - Cannot register API 'Board Extension:NFC07A1' from pack STMicroelectronics.X-CUBE-NFC7.2.0.0: no header file found
2025-09-12 19:21:37,417 [WARN] ApiManager:304 - Cannot register API 'Board Extension:NFC10A1' from pack STMicroelectronics.X-CUBE-NFC10.1.0.0: no header file found
2025-09-12 19:21:37,420 [WARN] ModelIntegratedComponent:60 - No mode defined for component null
2025-09-12 19:21:37,420 [WARN] ModelIntegratedComponent:60 - No mode defined for component null
2025-09-12 19:21:37,420 [WARN] ModelIntegratedComponent:60 - No mode defined for component null
2025-09-12 19:21:37,420 [WARN] ModelIntegratedComponent:60 - No mode defined for component null
2025-09-12 19:21:37,420 [WARN] ModelIntegratedComponent:60 - No mode defined for component null
2025-09-12 19:21:37,421 [WARN] ModelIntegratedComponent:60 - No mode defined for component null
2025-09-12 19:21:37,421 [WARN] ModelIntegratedComponent:60 - No mode defined for component null
2025-09-12 19:21:37,421 [WARN] ModelIntegratedComponent:60 - No mode defined for component null
2025-09-12 19:21:37,421 [WARN] ModelIntegratedComponent:60 - No mode defined for component null
2025-09-12 19:21:37,421 [WARN] ModelIntegratedComponent:60 - No mode defined for component null
2025-09-12 19:21:37,421 [WARN] ModelIntegratedComponent:60 - No mode defined for component null
2025-09-12 19:21:37,421 [WARN] ModelIntegratedComponent:60 - No mode defined for component null
2025-09-12 19:21:37,422 [WARN] ModelIntegratedComponent:60 - No mode defined for component null
2025-09-12 19:21:37,422 [WARN] ModelIntegratedComponent:60 - No mode defined for component null
2025-09-12 19:21:37,422 [WARN] ModelIntegratedComponent:60 - No mode defined for component null
2025-09-12 19:21:37,422 [WARN] ModelIntegratedComponent:60 - No mode defined for component null
2025-09-12 19:21:37,422 [WARN] ModelIntegratedComponent:60 - No mode defined for component null
2025-09-12 19:21:37,422 [WARN] ModelIntegratedComponent:60 - No mode defined for component null
2025-09-12 19:21:37,423 [WARN] ModelIntegratedComponent:60 - No mode defined for component null
2025-09-12 19:21:37,423 [WARN] ModelIntegratedComponent:60 - No mode defined for component null
2025-09-12 19:21:37,423 [WARN] ModelIntegratedComponent:60 - No mode defined for component null
2025-09-12 19:21:37,423 [WARN] ModelIntegratedComponent:60 - No mode defined for component null
2025-09-12 19:21:37,423 [WARN] ModelIntegratedComponent:60 - No mode defined for component null
2025-09-12 19:21:37,423 [WARN] ModelIntegratedComponent:60 - No mode defined for component null
2025-09-12 19:21:37,423 [WARN] ModelIntegratedComponent:60 - No mode defined for component null
2025-09-12 19:21:37,423 [WARN] ModelIntegratedComponent:60 - No mode defined for component null
2025-09-12 19:21:37,423 [WARN] ModelIntegratedComponent:60 - No mode defined for component null
2025-09-12 19:21:37,423 [WARN] ModelIntegratedComponent:60 - No mode defined for component null
2025-09-12 19:21:37,424 [WARN] ModelIntegratedComponent:60 - No mode defined for component null
2025-09-12 19:21:37,424 [WARN] ModelIntegratedComponent:60 - No mode defined for component null
2025-09-12 19:21:37,424 [WARN] ModelIntegratedComponent:60 - No mode defined for component null
2025-09-12 19:21:37,426 [WARN] ApiManager:304 - Cannot register API 'Board Extension:SAFEA1' from pack STMicroelectronics.X-CUBE-STSE01.1.0.0: no header file found
2025-09-12 19:21:37,426 [WARN] ApiManager:304 - Cannot register API 'Board Extension:ESE01A1' from pack STMicroelectronics.X-CUBE-STSE01.1.0.0: no header file found
2025-09-12 19:21:37,426 [WARN] ApiManager:304 - Cannot register API 'Board Part:STSAFEA110' from pack STMicroelectronics.X-CUBE-STSE01.1.0.0: no header file found
2025-09-12 19:21:37,427 [WARN] ApiManager:304 - Cannot register API 'Board Part:STSAFEA120' from pack STMicroelectronics.X-CUBE-STSE01.1.0.0: no header file found
2025-09-12 19:21:37,427 [WARN] ApiManager:304 - Cannot register API 'Security:STM32_Cryptographic' from pack STMicroelectronics.X-CUBE-STSE01.1.0.0: no header file found
2025-09-12 19:21:37,427 [WARN] ApiManager:304 - Cannot register API 'Security:STSELib' from pack STMicroelectronics.X-CUBE-STSE01.1.0.0: no header file found
2025-09-12 19:21:37,882 [WARN] ApiManager:304 - Cannot register API 'Board Extension:IKS01A3' from pack STMicroelectronics.X-CUBE-MEMS1.11.3.0: no header file found
2025-09-12 19:21:37,883 [WARN] ApiManager:304 - Cannot register API 'Board Extension:IKS02A1' from pack STMicroelectronics.X-CUBE-MEMS1.11.3.0: no header file found
2025-09-12 19:21:37,883 [WARN] ApiManager:304 - Cannot register API 'Board Extension:IKS4A1' from pack STMicroelectronics.X-CUBE-MEMS1.11.3.0: no header file found
2025-09-12 19:21:37,895 [WARN] ApiManager:304 - Cannot register API 'Board Extension:S2868A1' from pack STMicroelectronics.X-CUBE-SFXS2LP1.4.0.0: no header file found
2025-09-12 19:21:37,896 [WARN] ApiManager:304 - Cannot register API 'Board Extension:S2868A2' from pack STMicroelectronics.X-CUBE-SFXS2LP1.4.0.0: no header file found
2025-09-12 19:21:37,896 [WARN] ApiManager:304 - Cannot register API 'Board Extension:S2915A1' from pack STMicroelectronics.X-CUBE-SFXS2LP1.4.0.0: no header file found
2025-09-12 19:21:37,896 [WARN] ApiManager:304 - Cannot register API 'Wireless:BlueNRG-2' from pack STMicroelectronics.X-CUBE-BLE2.3.3.0: no header file found
2025-09-12 19:21:41,293 [INFO] UtilMem:74 - End LoadConfig() Used Memory: 889688000 Bytes (1018167296)
2025-09-12 19:21:41,305 [WARN] ThirdParty:779 - waiting for thirdparty lock release [change project]
2025-09-12 19:21:41,305 [INFO] ThirdParty:781 - entering critical section [change project]
2025-09-12 19:21:41,306 [INFO] ThirdParty:967 - CMSIS Pack Vendor :STMicroelectronics X-CUBE-PM33A1 1.0.0
2025-09-12 19:21:41,306 [INFO] ThirdParty:967 - CMSIS Pack Vendor :STMicroelectronics X-CUBE-NFC9 1.0.0
2025-09-12 19:21:41,306 [INFO] ThirdParty:967 - CMSIS Pack Vendor :STMicroelectronics USB_HOST 2.0.0
2025-09-12 19:21:41,306 [INFO] ThirdParty:967 - CMSIS Pack Vendor :STMicroelectronics X-CUBE-AZRTOS-F4 1.1.0
2025-09-12 19:21:41,306 [INFO] ThirdParty:967 - CMSIS Pack Vendor :STMicroelectronics FP-ATR-ASTRA1 2.0.2
2025-09-12 19:21:41,306 [INFO] ThirdParty:967 - CMSIS Pack Vendor :wolfSSL I-CUBE-wolfSSL 5.8.2
2025-09-12 19:21:41,306 [INFO] ThirdParty:967 - CMSIS Pack Vendor :STMicroelectronics X-CUBE-BLE1 7.1.0
2025-09-12 19:21:41,306 [INFO] ThirdParty:967 - CMSIS Pack Vendor :wolfSSL I-CUBE-wolfMQTT 1.19.2
2025-09-12 19:21:41,306 [INFO] ThirdParty:967 - CMSIS Pack Vendor :STMicroelectronics USB_DEVICE 3.0.0
2025-09-12 19:21:41,306 [INFO] ThirdParty:967 - CMSIS Pack Vendor :STMicroelectronics X-CUBE-ISPU 2.1.0
2025-09-12 19:21:41,306 [INFO] ThirdParty:967 - CMSIS Pack Vendor :STMicroelectronics X-CUBE-EEPRMA1 5.2.0
2025-09-12 19:21:41,306 [INFO] ThirdParty:967 - CMSIS Pack Vendor :STMicroelectronics X-CUBE-AZRTOS-WB 2.0.0
2025-09-12 19:21:41,306 [INFO] ThirdParty:967 - CMSIS Pack Vendor :STMicroelectronics X-CUBE-GNSS1 7.0.1
2025-09-12 19:21:41,306 [INFO] ThirdParty:967 - CMSIS Pack Vendor :STMicroelectronics X-CUBE-NFC12 1.0.0
2025-09-12 19:21:41,307 [INFO] ThirdParty:967 - CMSIS Pack Vendor :STMicroelectronics X-CUBE-AZRTOS-F7 1.1.0
2025-09-12 19:21:41,307 [INFO] ThirdParty:967 - CMSIS Pack Vendor :STMicroelectronics X-CUBE-AZRTOS-L5 2.0.0
2025-09-12 19:21:41,307 [INFO] ThirdParty:967 - CMSIS Pack Vendor :STMicroelectronics X-CUBE-TOUCHGFX 4.25.0
2025-09-12 19:21:41,307 [INFO] ThirdParty:967 - CMSIS Pack Vendor :STMicroelectronics USB_DEVICE 2.0.0
2025-09-12 19:21:41,307 [INFO] ThirdParty:967 - CMSIS Pack Vendor :STMicroelectronics X-CUBE-NFC6 3.1.0
2025-09-12 19:21:41,307 [INFO] ThirdParty:967 - CMSIS Pack Vendor :STMicroelectronics FreeRTOS 0.0.1
2025-09-12 19:21:41,307 [INFO] ThirdParty:967 - CMSIS Pack Vendor :STMicroelectronics X-CUBE-AZRTOS-G0 1.1.0
2025-09-12 19:21:41,307 [INFO] ThirdParty:967 - CMSIS Pack Vendor :STMicroelectronics X-CUBE-SAFEA1 1.2.2
2025-09-12 19:21:41,307 [INFO] ThirdParty:967 - CMSIS Pack Vendor :STMicroelectronics X-CUBE-NFC4 3.0.0
2025-09-12 19:21:41,307 [INFO] ThirdParty:967 - CMSIS Pack Vendor :STMicroelectronics X-CUBE-SUBG2 5.0.0
2025-09-12 19:21:41,307 [INFO] ThirdParty:967 - CMSIS Pack Vendor :STMicroelectronics X-CUBE-AZRTOS-H7RS 1.1.0
2025-09-12 19:21:41,307 [INFO] ThirdParty:967 - CMSIS Pack Vendor :STMicroelectronics lwIP 2.0.3
2025-09-12 19:21:41,307 [INFO] ThirdParty:967 - CMSIS Pack Vendor :STMicroelectronics USB_HOST 1.0.0
2025-09-12 19:21:41,307 [INFO] ThirdParty:967 - CMSIS Pack Vendor :STMicroelectronics X-CUBE-AZRTOS-G4 2.0.0
2025-09-12 19:21:41,307 [INFO] ThirdParty:967 - CMSIS Pack Vendor :STMicroelectronics X-CUBE-WB05N 2.0.0
2025-09-12 19:21:41,308 [INFO] ThirdParty:967 - CMSIS Pack Vendor :STMicroelectronics PDM2PCM 3.1.0
2025-09-12 19:21:41,308 [INFO] ThirdParty:967 - CMSIS Pack Vendor :STMicroelectronics PDM2PCM 3.3.0
2025-09-12 19:21:41,308 [INFO] ThirdParty:967 - CMSIS Pack Vendor :wolfSSL I-CUBE-wolfTPM 3.8.0
2025-09-12 19:21:41,308 [INFO] ThirdParty:967 - CMSIS Pack Vendor :STMicroelectronics X-CUBE-AZRTOS-H7 3.4.0
2025-09-12 19:21:41,308 [INFO] ThirdParty:967 - CMSIS Pack Vendor :wolfSSL I-CUBE-wolfSSH 1.4.20
2025-09-12 19:21:41,308 [INFO] ThirdParty:967 - CMSIS Pack Vendor :STMicroelectronics X-CUBE-NFC7 2.0.0
2025-09-12 19:21:41,308 [INFO] ThirdParty:967 - CMSIS Pack Vendor :STMicroelectronics FP-ATR-SIGFOX1 3.2.0
2025-09-12 19:21:41,309 [INFO] ThirdParty:967 - CMSIS Pack Vendor :STMicroelectronics X-CUBE-NFC10 1.0.0
2025-09-12 19:21:41,311 [INFO] ThirdParty:967 - CMSIS Pack Vendor :STMicroelectronics HAL Drivers 0.0.0
2025-09-12 19:21:41,311 [INFO] ThirdParty:967 - CMSIS Pack Vendor :STMicroelectronics MBEDTLS 2.16.2
2025-09-12 19:21:41,311 [INFO] ThirdParty:967 - CMSIS Pack Vendor :STMicroelectronics MBEDTLS 2.14.1
2025-09-12 19:21:41,311 [INFO] ThirdParty:967 - CMSIS Pack Vendor :STMicroelectronics X-CUBE-STSE01 1.0.0
2025-09-12 19:21:41,311 [INFO] ThirdParty:967 - CMSIS Pack Vendor :portGmbH I-Cube-SoM-uGOAL 1.1.0
2025-09-12 19:21:41,311 [INFO] ThirdParty:967 - CMSIS Pack Vendor :STMicroelectronics X-CUBE-AI 10.2.0
2025-09-12 19:21:41,311 [INFO] ThirdParty:967 - CMSIS Pack Vendor :STMicroelectronics X-CUBE-AZRTOS-WL 2.0.0
2025-09-12 19:21:41,311 [INFO] ThirdParty:967 - CMSIS Pack Vendor :SEGGER I-CUBE-embOS 1.3.1
2025-09-12 19:21:41,311 [INFO] ThirdParty:967 - CMSIS Pack Vendor :STMicroelectronics X-CUBE-ALGOBUILD 1.4.0
2025-09-12 19:21:41,312 [INFO] ThirdParty:967 - CMSIS Pack Vendor :STMicroelectronics X-CUBE-MEMS1 11.3.0
2025-09-12 19:21:41,312 [INFO] ThirdParty:967 - CMSIS Pack Vendor :STMicroelectronics USB_DEVICE 1.0.0
2025-09-12 19:21:41,312 [INFO] ThirdParty:967 - CMSIS Pack Vendor :STMicroelectronics X-CUBE-AZRTOS-L4 2.0.0
2025-09-12 19:21:41,312 [INFO] ThirdParty:967 - CMSIS Pack Vendor :STMicroelectronics ThreadX 0.0.2
2025-09-12 19:21:41,312 [INFO] ThirdParty:967 - CMSIS Pack Vendor :STMicroelectronics lwIP 2.1.2
2025-09-12 19:21:41,312 [INFO] ThirdParty:967 - CMSIS Pack Vendor :STMicroelectronics X-CUBE-SFXS2LP1 4.0.0
2025-09-12 19:21:41,313 [INFO] ThirdParty:967 - CMSIS Pack Vendor :STMicroelectronics X-CUBE-BLE2 3.3.0
2025-09-12 19:21:41,313 [INFO] ThirdParty:967 - CMSIS Pack Vendor :STMicroelectronics PDM2PCM 3.2.0
2025-09-12 19:21:41,313 [INFO] ThirdParty:787 - exiting critical section [change project]
2025-09-12 19:21:41,638 [INFO] PinOutPanel:1463 - setPackage(No Configuration,No Configuration)
2025-09-12 19:21:41,640 [INFO] PinOutPanel:1463 - setPackage(STM32F103C6Ux,UFQFPN48)
2025-09-12 19:21:42,181 [INFO] UtilMem:74 - Before build in PCC Used Memory: 861521944 Bytes (1018167296)
2025-09-12 19:21:43,023 [INFO] UtilMem:74 - After build in PCC Used Memory: 898759672 Bytes (1018167296)
2025-09-12 19:21:43,068 [INFO] IPUIPlugin:74 - create IPUIPlugin
2025-09-12 19:21:43,068 [INFO] IPUIPlugin:74 - create IPUIPlugin
2025-09-12 19:21:43,068 [INFO] IPUIPlugin:74 - create IPUIPlugin
2025-09-12 19:21:43,069 [INFO] IPUIPlugin:74 - create IPUIPlugin
2025-09-12 19:21:43,069 [INFO] IPUIPlugin:74 - create IPUIPlugin
2025-09-12 19:21:43,069 [INFO] IPUIPlugin:74 - create IPUIPlugin
2025-09-12 19:21:43,069 [INFO] IPUIPlugin:74 - create IPUIPlugin
2025-09-12 19:21:43,069 [INFO] IPUIPlugin:74 - create IPUIPlugin
2025-09-12 19:21:43,069 [INFO] IPUIPlugin:74 - create IPUIPlugin
2025-09-12 19:21:43,070 [INFO] IPUIPlugin:74 - create IPUIPlugin
2025-09-12 19:21:43,070 [INFO] IPUIPlugin:74 - create IPUIPlugin
2025-09-12 19:21:43,070 [INFO] IPUIPlugin:74 - create IPUIPlugin
2025-09-12 19:21:43,071 [INFO] IPUIPlugin:74 - create IPUIPlugin
2025-09-12 19:21:43,071 [INFO] IPUIPlugin:74 - create IPUIPlugin
2025-09-12 19:21:43,072 [INFO] IPUIPlugin:74 - create IPUIPlugin
2025-09-12 19:21:43,073 [INFO] IPUIPlugin:74 - create IPUIPlugin
2025-09-12 19:21:43,073 [INFO] IPUIPlugin:74 - create IPUIPlugin
2025-09-12 19:21:43,073 [INFO] IPUIPlugin:74 - create IPUIPlugin
2025-09-12 19:21:43,074 [INFO] IPUIPlugin:74 - create IPUIPlugin
2025-09-12 19:21:43,074 [INFO] IPUIPlugin:74 - create IPUIPlugin
2025-09-12 19:21:43,075 [INFO] IPUIPlugin:74 - create IPUIPlugin
2025-09-12 19:21:43,075 [INFO] IPUIPlugin:74 - create IPUIPlugin
2025-09-12 19:21:43,076 [INFO] IPUIPlugin:74 - create IPUIPlugin
2025-09-12 19:21:43,261 [INFO] OpenFileManager:333 - Restore cursor
2025-09-12 19:21:43,654 [INFO] UtilMem:74 - End SaveConfig() Used Memory: 862678440 Bytes (1018167296)
2025-09-12 19:21:43,748 [INFO] UtilMem:74 - End SaveConfig() Used Memory: 874735016 Bytes (1018167296)
2025-09-12 19:21:44,233 [INFO] BlockDiagram:2740 - set Specific Code input for plugin: NVIC
2025-09-12 19:21:44,233 [INFO] BlockDiagram:2740 - set Specific Code input for plugin: SYS
2025-09-12 19:21:44,234 [INFO] BlockDiagram:2740 - set Specific Code input for plugin: RCC
2025-09-12 19:21:44,235 [INFO] CodeGenerator:663 - code generatio: config db path: C:\ST\STM32CubeIDE_1.7.0\STM32CubeIDE\plugins\com.st.stm32cube.common.mx_6.3.0.202107141111\\db\
2025-09-12 19:21:44,677 [INFO] CodeEngine:239 - oldGeneratedFile, D:\destiny\Microprocessor_Lab\lab2\Lab2_ex2\Lab2_ex2\MXTmpFiles\license.tmp_save
2025-09-12 19:21:45,279 [INFO] CodeEngine:257 - Generated code: D:\destiny\Microprocessor_Lab\lab2\Lab2_ex2\Lab2_ex2\MXTmpFiles\license.tmp
2025-09-12 19:21:45,512 [INFO] CodeEngine:239 - oldGeneratedFile, D:\destiny\Microprocessor_Lab\lab2\Lab2_ex2\Lab2_ex2\Core\Src\stm32f1xx_it.c_save
2025-09-12 19:21:45,796 [INFO] CodeEngine:257 - Generated code: D:\destiny\Microprocessor_Lab\lab2\Lab2_ex2\Lab2_ex2\Core\Src\stm32f1xx_it.c
2025-09-12 19:21:45,814 [INFO] CodeEngine:239 - oldGeneratedFile, D:\destiny\Microprocessor_Lab\lab2\Lab2_ex2\Lab2_ex2\Core\Inc\stm32f1xx_it.h_save
2025-09-12 19:21:45,952 [INFO] CodeEngine:257 - Generated code: D:\destiny\Microprocessor_Lab\lab2\Lab2_ex2\Lab2_ex2\Core\Inc\stm32f1xx_it.h
2025-09-12 19:21:45,985 [INFO] CodeEngine:239 - oldGeneratedFile, D:\destiny\Microprocessor_Lab\lab2\Lab2_ex2\Lab2_ex2\Core\Src\stm32f1xx_hal_msp.c_save
2025-09-12 19:21:46,187 [INFO] CodeEngine:257 - Generated code: D:\destiny\Microprocessor_Lab\lab2\Lab2_ex2\Lab2_ex2\Core\Src\stm32f1xx_hal_msp.c
2025-09-12 19:21:46,202 [INFO] CodeEngine:239 - oldGeneratedFile, D:\destiny\Microprocessor_Lab\lab2\Lab2_ex2\Lab2_ex2\MXTmpFiles\system.tmp_save
2025-09-12 19:21:46,336 [INFO] CodeEngine:257 - Generated code: D:\destiny\Microprocessor_Lab\lab2\Lab2_ex2\Lab2_ex2\MXTmpFiles\system.tmp
2025-09-12 19:21:46,361 [INFO] CodeEngine:239 - oldGeneratedFile, D:\destiny\Microprocessor_Lab\lab2\Lab2_ex2\Lab2_ex2\Core\Inc\stm32f1xx_hal_conf.h_save
2025-09-12 19:21:46,542 [INFO] CodeEngine:257 - Generated code: D:\destiny\Microprocessor_Lab\lab2\Lab2_ex2\Lab2_ex2\Core\Inc\stm32f1xx_hal_conf.h
2025-09-12 19:21:46,617 [INFO] CodeEngine:239 - oldGeneratedFile, D:\destiny\Microprocessor_Lab\lab2\Lab2_ex2\Lab2_ex2\Core\Inc\main.h_save
2025-09-12 19:21:46,748 [INFO] CodeEngine:257 - Generated code: D:\destiny\Microprocessor_Lab\lab2\Lab2_ex2\Lab2_ex2\Core\Inc\main.h
2025-09-12 19:21:46,763 [INFO] CodeEngine:239 - oldGeneratedFile, D:\destiny\Microprocessor_Lab\lab2\Lab2_ex2\Lab2_ex2\Core\Src\main.c_save
2025-09-12 19:21:46,980 [INFO] CodeEngine:257 - Generated code: D:\destiny\Microprocessor_Lab\lab2\Lab2_ex2\Lab2_ex2\Core\Src\main.c
2025-09-12 19:21:49,041 [INFO] ProjectBuilder:2578 - Time for Copy HAL[1] : 111mS.
2025-09-12 19:21:49,049 [INFO] ProjectBuilder:3622 - Project Generator version: 3.14.1
2025-09-12 19:21:49,824 [INFO] ConfigFileManager:1271 - The Die is : DIE412
2025-09-12 19:21:49,854 [INFO] ApiDbMcu:468 - Load IP Config File for FATFS
2025-09-12 19:21:49,921 [INFO] ApiDbMcu:468 - Load IP Config File for FREERTOS
2025-09-12 19:21:49,975 [INFO] ApiDbMcu:468 - Load IP Config File for USB_DEVICE
2025-09-12 19:21:58,977 [INFO] ProjectBuilder:3789 - Time for Generating toolchain IDE Files: 9928mS.
2025-09-12 19:21:58,977 [INFO] ProjectBuilder:2457 - Time for Copy CMSIS : 0mS.
2025-09-12 19:21:58,979 [INFO] ProjectBuilder:2457 - Time for Copy CMSIS : 0mS.
2025-09-12 19:22:00,334 [INFO] McuFinderGlobals:52 - Set McuFinderConnectedMode to true
2025-09-12 19:22:00,336 [INFO] ApiDb:276 - Save user favorites file C:\Users\hi/.stm32cubeide/favorites.mcus.txt: 0 item(s)
2025-09-12 19:22:00,336 [INFO] ApiDb:280 - User favorites MCUs=[]
2025-09-12 19:56:27,226 [INFO] NvicIntPanel:96 - NVIC parent = com.st.microxplorer.plugins.ip.nvic.MultiNvicIntPanel[,0,0,0x0,invalid,layout=javax.swing.BoxLayout,alignmentX=0.0,alignmentY=0.0,border=,flags=9,maximumSize=,minimumSize=,preferredSize=]
2025-09-12 19:56:29,076 [INFO] NvicIntPanel:96 - NVIC parent = com.st.microxplorer.plugins.ip.nvic.MultiNvicIntPanel[,0,0,0x0,invalid,layout=javax.swing.BoxLayout,alignmentX=0.0,alignmentY=0.0,border=,flags=9,maximumSize=,minimumSize=,preferredSize=]
2025-09-12 19:57:06,733 [INFO] UtilMem:74 - End SaveConfig() Used Memory: 898737248 Bytes (1073741824)
2025-09-12 19:57:08,327 [INFO] UtilMem:74 - End SaveConfig() Used Memory: 925416264 Bytes (1073741824)
2025-09-12 19:57:11,399 [INFO] UtilMem:74 - End SaveConfig() Used Memory: 892350448 Bytes (1073741824)
2025-09-12 19:57:11,950 [INFO] BlockDiagram:2740 - set Specific Code input for plugin: NVIC
2025-09-12 19:57:11,950 [INFO] BlockDiagram:2740 - set Specific Code input for plugin: SYS
2025-09-12 19:57:11,950 [INFO] BlockDiagram:2740 - set Specific Code input for plugin: GPIO
2025-09-12 19:57:11,950 [INFO] BlockDiagram:2740 - set Specific Code input for plugin: RCC
2025-09-12 19:57:11,950 [INFO] BlockDiagram:2740 - set Specific Code input for plugin: TIM1_8F1
2025-09-12 19:57:11,950 [INFO] CodeGenerator:663 - code generatio: config db path: C:\ST\STM32CubeIDE_1.7.0\STM32CubeIDE\plugins\com.st.stm32cube.common.mx_6.3.0.202107141111\\db\
2025-09-12 19:57:12,418 [INFO] CodeEngine:239 - oldGeneratedFile, D:\destiny\Microprocessor_Lab\lab2\Lab2_ex2\Lab2_ex2\MXTmpFiles\license.tmp_save
2025-09-12 19:57:12,528 [INFO] CodeEngine:257 - Generated code: D:\destiny\Microprocessor_Lab\lab2\Lab2_ex2\Lab2_ex2\MXTmpFiles\license.tmp
2025-09-12 19:57:12,697 [INFO] CodeEngine:239 - oldGeneratedFile, D:\destiny\Microprocessor_Lab\lab2\Lab2_ex2\Lab2_ex2\MXTmpFiles\gpio.tmp_save
2025-09-12 19:57:12,837 [INFO] CodeEngine:257 - Generated code: D:\destiny\Microprocessor_Lab\lab2\Lab2_ex2\Lab2_ex2\MXTmpFiles\gpio.tmp
2025-09-12 19:57:13,150 [INFO] CodeEngine:239 - oldGeneratedFile, D:\destiny\Microprocessor_Lab\lab2\Lab2_ex2\Lab2_ex2\Core\Src\stm32f1xx_it.c_save
2025-09-12 19:57:13,353 [INFO] CodeEngine:257 - Generated code: D:\destiny\Microprocessor_Lab\lab2\Lab2_ex2\Lab2_ex2\Core\Src\stm32f1xx_it.c
2025-09-12 19:57:13,353 [INFO] CodeEngine:239 - oldGeneratedFile, D:\destiny\Microprocessor_Lab\lab2\Lab2_ex2\Lab2_ex2\Core\Inc\stm32f1xx_it.h_save
2025-09-12 19:57:13,478 [INFO] CodeEngine:257 - Generated code: D:\destiny\Microprocessor_Lab\lab2\Lab2_ex2\Lab2_ex2\Core\Inc\stm32f1xx_it.h
2025-09-12 19:57:13,509 [INFO] CodeEngine:239 - oldGeneratedFile, D:\destiny\Microprocessor_Lab\lab2\Lab2_ex2\Lab2_ex2\Core\Src\stm32f1xx_hal_msp.c_save
2025-09-12 19:57:13,697 [INFO] CodeEngine:257 - Generated code: D:\destiny\Microprocessor_Lab\lab2\Lab2_ex2\Lab2_ex2\Core\Src\stm32f1xx_hal_msp.c
2025-09-12 19:57:13,697 [INFO] CodeEngine:239 - oldGeneratedFile, D:\destiny\Microprocessor_Lab\lab2\Lab2_ex2\Lab2_ex2\MXTmpFiles\system.tmp_save
2025-09-12 19:57:13,806 [INFO] CodeEngine:257 - Generated code: D:\destiny\Microprocessor_Lab\lab2\Lab2_ex2\Lab2_ex2\MXTmpFiles\system.tmp
2025-09-12 19:57:13,821 [INFO] CodeEngine:239 - oldGeneratedFile, D:\destiny\Microprocessor_Lab\lab2\Lab2_ex2\Lab2_ex2\Core\Inc\stm32f1xx_hal_conf.h_save
2025-09-12 19:57:13,978 [INFO] CodeEngine:257 - Generated code: D:\destiny\Microprocessor_Lab\lab2\Lab2_ex2\Lab2_ex2\Core\Inc\stm32f1xx_hal_conf.h
2025-09-12 19:57:14,009 [WARN] IPConfigManager:3148 - IP not found : TIM
2025-09-12 19:57:14,009 [WARN] CodeGenerator:3268 - IP not found : null
2025-09-12 19:57:14,025 [INFO] CodeEngine:239 - oldGeneratedFile, D:\destiny\Microprocessor_Lab\lab2\Lab2_ex2\Lab2_ex2\Core\Inc\main.h_save
2025-09-12 19:57:14,181 [INFO] CodeEngine:257 - Generated code: D:\destiny\Microprocessor_Lab\lab2\Lab2_ex2\Lab2_ex2\Core\Inc\main.h
2025-09-12 19:57:14,196 [INFO] CodeEngine:239 - oldGeneratedFile, D:\destiny\Microprocessor_Lab\lab2\Lab2_ex2\Lab2_ex2\Core\Src\main.c_save
2025-09-12 19:57:14,384 [INFO] CodeEngine:257 - Generated code: D:\destiny\Microprocessor_Lab\lab2\Lab2_ex2\Lab2_ex2\Core\Src\main.c
2025-09-12 19:57:16,196 [INFO] ProjectBuilder:2578 - Time for Copy HAL[1] : 78mS.
2025-09-12 19:57:16,212 [INFO] ProjectBuilder:3622 - Project Generator version: 3.14.1
2025-09-12 19:57:17,751 [INFO] ConfigFileManager:1271 - The Die is : DIE412
2025-09-12 19:57:21,539 [INFO] ProjectBuilder:3789 - Time for Generating toolchain IDE Files: 5327mS.
2025-09-12 19:57:21,539 [INFO] ProjectBuilder:2457 - Time for Copy CMSIS : 0mS.
2025-09-12 19:57:21,555 [INFO] ProjectBuilder:2457 - Time for Copy CMSIS : 0mS.
2025-09-12 20:13:31,484 [INFO] UtilMem:74 - End SaveConfig() Used Memory: 927262576 Bytes (1073741824)
2025-09-12 20:13:33,845 [INFO] UtilMem:74 - End SaveConfig() Used Memory: 956771600 Bytes (1073741824)
2025-09-12 20:13:45,610 [INFO] UtilMem:74 - End SaveConfig() Used Memory: 938217592 Bytes (1073741824)
2025-09-12 20:13:46,142 [INFO] BlockDiagram:2740 - set Specific Code input for plugin: NVIC
2025-09-12 20:13:46,142 [INFO] BlockDiagram:2740 - set Specific Code input for plugin: SYS
2025-09-12 20:13:46,142 [INFO] BlockDiagram:2740 - set Specific Code input for plugin: GPIO
2025-09-12 20:13:46,142 [INFO] BlockDiagram:2740 - set Specific Code input for plugin: RCC
2025-09-12 20:13:46,142 [INFO] BlockDiagram:2740 - set Specific Code input for plugin: TIM1_8F1
2025-09-12 20:13:46,142 [INFO] CodeGenerator:663 - code generatio: config db path: C:\ST\STM32CubeIDE_1.7.0\STM32CubeIDE\plugins\com.st.stm32cube.common.mx_6.3.0.202107141111\\db\
2025-09-12 20:13:46,579 [INFO] CodeEngine:239 - oldGeneratedFile, D:\destiny\Microprocessor_Lab\lab2\Lab2_ex2\Lab2_ex2\MXTmpFiles\license.tmp_save
2025-09-12 20:13:47,560 [INFO] CodeEngine:257 - Generated code: D:\destiny\Microprocessor_Lab\lab2\Lab2_ex2\Lab2_ex2\MXTmpFiles\license.tmp
2025-09-12 20:13:47,599 [INFO] CodeEngine:239 - oldGeneratedFile, D:\destiny\Microprocessor_Lab\lab2\Lab2_ex2\Lab2_ex2\MXTmpFiles\gpio.tmp_save
2025-09-12 20:13:47,739 [INFO] CodeEngine:257 - Generated code: D:\destiny\Microprocessor_Lab\lab2\Lab2_ex2\Lab2_ex2\MXTmpFiles\gpio.tmp
2025-09-12 20:13:47,833 [INFO] CodeEngine:239 - oldGeneratedFile, D:\destiny\Microprocessor_Lab\lab2\Lab2_ex2\Lab2_ex2\Core\Src\stm32f1xx_it.c_save
2025-09-12 20:13:47,938 [INFO] CodeEngine:257 - Generated code: D:\destiny\Microprocessor_Lab\lab2\Lab2_ex2\Lab2_ex2\Core\Src\stm32f1xx_it.c
2025-09-12 20:13:47,938 [INFO] CodeEngine:239 - oldGeneratedFile, D:\destiny\Microprocessor_Lab\lab2\Lab2_ex2\Lab2_ex2\Core\Inc\stm32f1xx_it.h_save
2025-09-12 20:13:48,062 [INFO] CodeEngine:257 - Generated code: D:\destiny\Microprocessor_Lab\lab2\Lab2_ex2\Lab2_ex2\Core\Inc\stm32f1xx_it.h
2025-09-12 20:13:48,093 [INFO] CodeEngine:239 - oldGeneratedFile, D:\destiny\Microprocessor_Lab\lab2\Lab2_ex2\Lab2_ex2\Core\Src\stm32f1xx_hal_msp.c_save
2025-09-12 20:13:48,298 [INFO] CodeEngine:257 - Generated code: D:\destiny\Microprocessor_Lab\lab2\Lab2_ex2\Lab2_ex2\Core\Src\stm32f1xx_hal_msp.c
2025-09-12 20:13:48,298 [INFO] CodeEngine:239 - oldGeneratedFile, D:\destiny\Microprocessor_Lab\lab2\Lab2_ex2\Lab2_ex2\MXTmpFiles\system.tmp_save
2025-09-12 20:13:48,379 [INFO] CodeEngine:257 - Generated code: D:\destiny\Microprocessor_Lab\lab2\Lab2_ex2\Lab2_ex2\MXTmpFiles\system.tmp
2025-09-12 20:13:48,399 [INFO] CodeEngine:239 - oldGeneratedFile, D:\destiny\Microprocessor_Lab\lab2\Lab2_ex2\Lab2_ex2\Core\Inc\stm32f1xx_hal_conf.h_save
2025-09-12 20:13:48,547 [INFO] CodeEngine:257 - Generated code: D:\destiny\Microprocessor_Lab\lab2\Lab2_ex2\Lab2_ex2\Core\Inc\stm32f1xx_hal_conf.h
2025-09-12 20:13:48,578 [WARN] IPConfigManager:3148 - IP not found : TIM
2025-09-12 20:13:48,578 [WARN] CodeGenerator:3268 - IP not found : null
2025-09-12 20:13:48,611 [INFO] CodeEngine:239 - oldGeneratedFile, D:\destiny\Microprocessor_Lab\lab2\Lab2_ex2\Lab2_ex2\Core\Inc\main.h_save
2025-09-12 20:13:48,763 [INFO] CodeEngine:257 - Generated code: D:\destiny\Microprocessor_Lab\lab2\Lab2_ex2\Lab2_ex2\Core\Inc\main.h
2025-09-12 20:13:48,794 [INFO] CodeEngine:239 - oldGeneratedFile, D:\destiny\Microprocessor_Lab\lab2\Lab2_ex2\Lab2_ex2\Core\Src\main.c_save
2025-09-12 20:13:49,031 [INFO] CodeEngine:257 - Generated code: D:\destiny\Microprocessor_Lab\lab2\Lab2_ex2\Lab2_ex2\Core\Src\main.c
2025-09-12 20:13:50,214 [INFO] ProjectBuilder:2578 - Time for Copy HAL[1] : 78mS.
2025-09-12 20:13:50,214 [INFO] ProjectBuilder:3622 - Project Generator version: 3.14.1
2025-09-12 20:13:51,828 [INFO] ConfigFileManager:1271 - The Die is : DIE412
2025-09-12 20:13:55,229 [INFO] ProjectBuilder:3789 - Time for Generating toolchain IDE Files: 5015mS.
2025-09-12 20:13:55,230 [INFO] ProjectBuilder:2457 - Time for Copy CMSIS : 1mS.
2025-09-12 20:13:55,232 [INFO] ProjectBuilder:2457 - Time for Copy CMSIS : 0mS.
2025-09-12 20:41:50,980 [INFO] UtilMem:74 - End SaveConfig() Used Memory: 945701064 Bytes (1073741824)
2025-09-12 20:41:52,358 [INFO] UtilMem:74 - End SaveConfig() Used Memory: 972420000 Bytes (1073741824)
2025-09-12 20:41:53,751 [INFO] UtilMem:74 - End SaveConfig() Used Memory: 944914608 Bytes (1073741824)
2025-09-12 20:41:54,517 [INFO] BlockDiagram:2740 - set Specific Code input for plugin: NVIC
2025-09-12 20:41:54,517 [INFO] BlockDiagram:2740 - set Specific Code input for plugin: SYS
2025-09-12 20:41:54,518 [INFO] BlockDiagram:2740 - set Specific Code input for plugin: GPIO
2025-09-12 20:41:54,518 [INFO] BlockDiagram:2740 - set Specific Code input for plugin: RCC
2025-09-12 20:41:54,518 [INFO] BlockDiagram:2740 - set Specific Code input for plugin: TIM1_8F1
2025-09-12 20:41:54,519 [INFO] CodeGenerator:663 - code generatio: config db path: C:\ST\STM32CubeIDE_1.7.0\STM32CubeIDE\plugins\com.st.stm32cube.common.mx_6.3.0.202107141111\\db\
2025-09-12 20:41:56,080 [INFO] CodeEngine:239 - oldGeneratedFile, D:\destiny\Microprocessor_Lab\lab2\Lab2_ex2\Lab2_ex2\MXTmpFiles\license.tmp_save
2025-09-12 20:41:56,181 [INFO] CodeEngine:257 - Generated code: D:\destiny\Microprocessor_Lab\lab2\Lab2_ex2\Lab2_ex2\MXTmpFiles\license.tmp
2025-09-12 20:41:56,225 [INFO] CodeEngine:239 - oldGeneratedFile, D:\destiny\Microprocessor_Lab\lab2\Lab2_ex2\Lab2_ex2\MXTmpFiles\gpio.tmp_save
2025-09-12 20:41:56,336 [INFO] CodeEngine:257 - Generated code: D:\destiny\Microprocessor_Lab\lab2\Lab2_ex2\Lab2_ex2\MXTmpFiles\gpio.tmp
2025-09-12 20:41:56,461 [INFO] CodeEngine:239 - oldGeneratedFile, D:\destiny\Microprocessor_Lab\lab2\Lab2_ex2\Lab2_ex2\Core\Src\stm32f1xx_it.c_save
2025-09-12 20:41:56,614 [INFO] CodeEngine:257 - Generated code: D:\destiny\Microprocessor_Lab\lab2\Lab2_ex2\Lab2_ex2\Core\Src\stm32f1xx_it.c
2025-09-12 20:41:56,620 [INFO] CodeEngine:239 - oldGeneratedFile, D:\destiny\Microprocessor_Lab\lab2\Lab2_ex2\Lab2_ex2\Core\Inc\stm32f1xx_it.h_save
2025-09-12 20:41:56,716 [INFO] CodeEngine:257 - Generated code: D:\destiny\Microprocessor_Lab\lab2\Lab2_ex2\Lab2_ex2\Core\Inc\stm32f1xx_it.h
2025-09-12 20:41:56,757 [INFO] CodeEngine:239 - oldGeneratedFile, D:\destiny\Microprocessor_Lab\lab2\Lab2_ex2\Lab2_ex2\Core\Src\stm32f1xx_hal_msp.c_save
2025-09-12 20:41:56,904 [INFO] CodeEngine:257 - Generated code: D:\destiny\Microprocessor_Lab\lab2\Lab2_ex2\Lab2_ex2\Core\Src\stm32f1xx_hal_msp.c
2025-09-12 20:41:56,908 [INFO] CodeEngine:239 - oldGeneratedFile, D:\destiny\Microprocessor_Lab\lab2\Lab2_ex2\Lab2_ex2\MXTmpFiles\system.tmp_save
2025-09-12 20:41:56,997 [INFO] CodeEngine:257 - Generated code: D:\destiny\Microprocessor_Lab\lab2\Lab2_ex2\Lab2_ex2\MXTmpFiles\system.tmp
2025-09-12 20:41:57,027 [INFO] CodeEngine:239 - oldGeneratedFile, D:\destiny\Microprocessor_Lab\lab2\Lab2_ex2\Lab2_ex2\Core\Inc\stm32f1xx_hal_conf.h_save
2025-09-12 20:41:57,218 [INFO] CodeEngine:257 - Generated code: D:\destiny\Microprocessor_Lab\lab2\Lab2_ex2\Lab2_ex2\Core\Inc\stm32f1xx_hal_conf.h
2025-09-12 20:41:57,248 [WARN] IPConfigManager:3148 - IP not found : TIM
2025-09-12 20:41:57,250 [WARN] CodeGenerator:3268 - IP not found : null
2025-09-12 20:41:57,276 [INFO] CodeEngine:239 - oldGeneratedFile, D:\destiny\Microprocessor_Lab\lab2\Lab2_ex2\Lab2_ex2\Core\Inc\main.h_save
2025-09-12 20:41:57,407 [INFO] CodeEngine:257 - Generated code: D:\destiny\Microprocessor_Lab\lab2\Lab2_ex2\Lab2_ex2\Core\Inc\main.h
2025-09-12 20:41:57,425 [INFO] CodeEngine:239 - oldGeneratedFile, D:\destiny\Microprocessor_Lab\lab2\Lab2_ex2\Lab2_ex2\Core\Src\main.c_save
2025-09-12 20:41:57,647 [INFO] CodeEngine:257 - Generated code: D:\destiny\Microprocessor_Lab\lab2\Lab2_ex2\Lab2_ex2\Core\Src\main.c
2025-09-12 20:41:58,827 [INFO] ProjectBuilder:2578 - Time for Copy HAL[1] : 98mS.
2025-09-12 20:41:58,831 [INFO] ProjectBuilder:3622 - Project Generator version: 3.14.1
2025-09-12 20:42:00,442 [INFO] ConfigFileManager:1271 - The Die is : DIE412
2025-09-12 20:42:05,181 [INFO] ProjectBuilder:3789 - Time for Generating toolchain IDE Files: 6350mS.
2025-09-12 20:42:05,182 [INFO] ProjectBuilder:2457 - Time for Copy CMSIS : 0mS.
2025-09-12 20:42:05,184 [INFO] ProjectBuilder:2457 - Time for Copy CMSIS : 0mS.
2025-09-13 09:05:50,718 [INFO] Activator:177 - 


2025-09-13 09:05:50,733 [INFO] Activator:178 - !SESSION log4j initialized
2025-09-26 13:30:26,963 [INFO] Activator:177 - 


2025-09-26 13:30:26,967 [INFO] Activator:178 - !SESSION log4j initialized
2025-10-03 07:16:30,430 [INFO] Activator:177 - 


2025-10-03 07:16:30,430 [INFO] Activator:178 - !SESSION log4j initialized
2025-10-03 08:36:25,071 [INFO] Activator:177 - 


2025-10-03 08:36:25,071 [INFO] Activator:178 - !SESSION log4j initialized
2025-10-04 09:23:10,185 [INFO] Activator:177 - 


2025-10-04 09:23:10,185 [INFO] Activator:178 - !SESSION log4j initialized
2025-10-04 15:07:57,270 [INFO] Activator:177 - 


2025-10-04 15:07:57,277 [INFO] Activator:178 - !SESSION log4j initialized
