2025-09-22 10:00:47,658 [INFO] Activator:177 - 


2025-09-22 10:00:47,660 [INFO] Activator:178 - !SESSION log4j initialized
2025-09-22 10:01:23,513 [INFO] RetryExec:97 - I/O exception (java.net.SocketException) caught when processing request to {s}->https://sw-center.st.com:443: Software caused connection abort: connect
2025-09-22 10:01:23,517 [INFO] RetryExec:113 - Retrying request to {s}->https://sw-center.st.com:443
2025-09-22 10:01:44,563 [INFO] RetryExec:97 - I/O exception (java.net.SocketException) caught when processing request to {s}->https://sw-center.st.com:443: Network is unreachable: connect
2025-09-22 10:01:44,563 [INFO] RetryExec:113 - Retrying request to {s}->https://sw-center.st.com:443
2025-09-22 10:23:28,358 [INFO] McuFinderGlobals:39 - Set McuFinder mode to 2 (CubeIDE integrated)
2025-09-22 10:23:29,119 [INFO] ApplicationProperties:181 - Using Application install path: C:\ST\STM32CubeIDE_1.7.0\STM32CubeIDE\plugins\com.st.stm32cube.common.mx_6.3.0.202107141111
2025-09-22 10:23:29,137 [INFO] DbMcusXml:74 - Set database path to: C:\ST\STM32CubeIDE_1.7.0\STM32CubeIDE\plugins\com.st.stm32cube.common.mx_6.3.0.202107141111\\db\/mcu/
2025-09-22 10:23:29,144 [INFO] DbBoardsPdsc:56 - Set plugin database path to: C:\ST\STM32CubeIDE_1.7.0\STM32CubeIDE\plugins\com.st.stm32cube.common.mx_6.3.0.202107141111\\db\/plugins/boardmanager/
2025-09-22 10:23:29,144 [INFO] DbMcus:258 - Set plugin images path to: C:\ST\STM32CubeIDE_1.7.0\STM32CubeIDE\plugins\com.st.stm32cube.common.mx_6.3.0.202107141111\\db\/plugins/mcufinder/images/
2025-09-22 10:23:29,144 [INFO] DbBoards:264 - Set plugin images path to: C:\ST\STM32CubeIDE_1.7.0\STM32CubeIDE\plugins\com.st.stm32cube.common.mx_6.3.0.202107141111\\db\/plugins/mcufinder/images/
2025-09-22 10:23:29,148 [INFO] DbExamples:333 - Set plugin images path to: C:\ST\STM32CubeIDE_1.7.0\STM32CubeIDE\plugins\com.st.stm32cube.common.mx_6.3.0.202107141111\\db\/plugins/mcufinder/images/
2025-09-22 10:23:29,156 [INFO] DbMcusAds:119 - Set database path to: C:\Users\hi\.stmcufinder\plugins\mcufinder//mcu/
2025-09-22 10:23:29,158 [INFO] DbMcusDocs:110 - Set database path to: C:\Users\hi\.stmcufinder\plugins\mcufinder//mcu/
2025-09-22 10:23:29,162 [INFO] DbMcusJson:64 - Set database path to: C:\Users\hi\.stmcufinder\plugins\mcufinder//mcu/
2025-09-22 10:23:29,163 [INFO] DbBoardsDocs:110 - Set database path to: C:\Users\hi\.stmcufinder\plugins\mcufinder//mcu/
2025-09-22 10:23:29,165 [INFO] DbBoardsJson:57 - Set database path to: C:\Users\hi\.stmcufinder\plugins\mcufinder//mcu/
2025-09-22 10:23:29,260 [INFO] CrossReferenceDbSqlite:196 - Set database path to: C:\Users\hi\.stmcufinder\plugins\mcufinder//mcu/cs/
2025-09-22 10:23:29,260 [INFO] DbExamplesSqlite:767 - Set database path to: C:\Users\hi\.stmcufinder\plugins\mcufinder//mcu/
2025-09-22 10:23:29,415 [INFO] RulesReader:57 - Compatibility file has been processed (242 Rules)
2025-09-22 10:23:29,547 [INFO] DbMcusXml:74 - Set database path to: C:\ST\STM32CubeIDE_1.7.0\STM32CubeIDE\plugins\com.st.stm32cube.common.mx_6.3.0.202107141111\\db\/mcu/
2025-09-22 10:23:29,549 [INFO] DbBoardsPdsc:56 - Set plugin database path to: C:\ST\STM32CubeIDE_1.7.0\STM32CubeIDE\plugins\com.st.stm32cube.common.mx_6.3.0.202107141111\\db\/plugins/boardmanager/
2025-09-22 10:23:29,549 [INFO] DbMcus:258 - Set plugin images path to: C:\ST\STM32CubeIDE_1.7.0\STM32CubeIDE\plugins\com.st.stm32cube.common.mx_6.3.0.202107141111\\db\/plugins/mcufinder/images/
2025-09-22 10:23:29,549 [INFO] DbBoards:264 - Set plugin images path to: C:\ST\STM32CubeIDE_1.7.0\STM32CubeIDE\plugins\com.st.stm32cube.common.mx_6.3.0.202107141111\\db\/plugins/mcufinder/images/
2025-09-22 10:23:29,549 [INFO] DbExamples:333 - Set plugin images path to: C:\ST\STM32CubeIDE_1.7.0\STM32CubeIDE\plugins\com.st.stm32cube.common.mx_6.3.0.202107141111\\db\/plugins/mcufinder/images/
2025-09-22 10:23:29,549 [WARN] DbFile:35 - Overriding database path with different value: C:\Users\hi\.stmcufinder\plugins\mcufinder/ => C:\Users\hi\.stmcufinder\plugins\mcufinder
2025-09-22 10:23:29,549 [INFO] DbMcusAds:119 - Set database path to: C:\Users\hi\.stmcufinder\plugins\mcufinder//mcu/
2025-09-22 10:23:29,549 [WARN] DbFile:35 - Overriding database path with different value: C:\Users\hi\.stmcufinder\plugins\mcufinder/ => C:\Users\hi\.stmcufinder\plugins\mcufinder
2025-09-22 10:23:29,549 [INFO] DbMcusDocs:110 - Set database path to: C:\Users\hi\.stmcufinder\plugins\mcufinder//mcu/
2025-09-22 10:23:29,549 [WARN] DbFile:35 - Overriding database path with different value: C:\Users\hi\.stmcufinder\plugins\mcufinder/ => C:\Users\hi\.stmcufinder\plugins\mcufinder
2025-09-22 10:23:29,549 [INFO] DbMcusJson:64 - Set database path to: C:\Users\hi\.stmcufinder\plugins\mcufinder//mcu/
2025-09-22 10:23:29,549 [WARN] DbFile:35 - Overriding database path with different value: C:\Users\hi\.stmcufinder\plugins\mcufinder/ => C:\Users\hi\.stmcufinder\plugins\mcufinder
2025-09-22 10:23:29,549 [INFO] DbBoardsDocs:110 - Set database path to: C:\Users\hi\.stmcufinder\plugins\mcufinder//mcu/
2025-09-22 10:23:29,550 [WARN] DbFile:35 - Overriding database path with different value: C:\Users\hi\.stmcufinder\plugins\mcufinder/ => C:\Users\hi\.stmcufinder\plugins\mcufinder
2025-09-22 10:23:29,550 [INFO] DbBoardsJson:57 - Set database path to: C:\Users\hi\.stmcufinder\plugins\mcufinder//mcu/
2025-09-22 10:23:29,550 [WARN] DbFile:35 - Overriding database path with different value: C:\Users\hi\.stmcufinder\plugins\mcufinder/ => C:\Users\hi\.stmcufinder\plugins\mcufinder
2025-09-22 10:23:29,550 [WARN] DbFile:35 - Overriding database path with different value: C:\Users\hi\.stmcufinder\plugins\mcufinder/ => C:\Users\hi\.stmcufinder\plugins\mcufinder
2025-09-22 10:23:29,550 [INFO] CrossReferenceDbSqlite:196 - Set database path to: C:\Users\hi\.stmcufinder\plugins\mcufinder//mcu/cs/
2025-09-22 10:23:29,551 [WARN] DbFile:35 - Overriding database path with different value: C:\Users\hi\.stmcufinder\plugins\mcufinder/ => C:\Users\hi\.stmcufinder\plugins\mcufinder
2025-09-22 10:23:29,551 [INFO] DbExamplesSqlite:767 - Set database path to: C:\Users\hi\.stmcufinder\plugins\mcufinder//mcu/
2025-09-22 10:23:29,651 [INFO] MainPanel:214 - HeapMemory: 268435456
2025-09-22 10:23:29,772 [INFO] DbMcusXml:74 - Set database path to: C:\ST\STM32CubeIDE_1.7.0\STM32CubeIDE\plugins\com.st.stm32cube.common.mx_6.3.0.202107141111\\db\/mcu/
2025-09-22 10:23:29,773 [INFO] DbBoardsPdsc:56 - Set plugin database path to: C:\ST\STM32CubeIDE_1.7.0\STM32CubeIDE\plugins\com.st.stm32cube.common.mx_6.3.0.202107141111\\db\/plugins/boardmanager/
2025-09-22 10:23:29,773 [INFO] DbMcus:258 - Set plugin images path to: C:\ST\STM32CubeIDE_1.7.0\STM32CubeIDE\plugins\com.st.stm32cube.common.mx_6.3.0.202107141111\\db\/plugins/mcufinder/images/
2025-09-22 10:23:29,774 [INFO] DbBoards:264 - Set plugin images path to: C:\ST\STM32CubeIDE_1.7.0\STM32CubeIDE\plugins\com.st.stm32cube.common.mx_6.3.0.202107141111\\db\/plugins/mcufinder/images/
2025-09-22 10:23:29,774 [INFO] DbExamples:333 - Set plugin images path to: C:\ST\STM32CubeIDE_1.7.0\STM32CubeIDE\plugins\com.st.stm32cube.common.mx_6.3.0.202107141111\\db\/plugins/mcufinder/images/
2025-09-22 10:23:29,776 [WARN] DbFile:35 - Overriding database path with different value: C:\Users\hi\.stmcufinder\plugins\mcufinder/ => C:\Users\hi\.stmcufinder\plugins\mcufinder
2025-09-22 10:23:29,776 [INFO] DbMcusAds:119 - Set database path to: C:\Users\hi\.stmcufinder\plugins\mcufinder//mcu/
2025-09-22 10:23:29,776 [WARN] DbFile:35 - Overriding database path with different value: C:\Users\hi\.stmcufinder\plugins\mcufinder/ => C:\Users\hi\.stmcufinder\plugins\mcufinder
2025-09-22 10:23:29,776 [INFO] DbMcusDocs:110 - Set database path to: C:\Users\hi\.stmcufinder\plugins\mcufinder//mcu/
2025-09-22 10:23:29,776 [WARN] DbFile:35 - Overriding database path with different value: C:\Users\hi\.stmcufinder\plugins\mcufinder/ => C:\Users\hi\.stmcufinder\plugins\mcufinder
2025-09-22 10:23:29,776 [INFO] DbMcusJson:64 - Set database path to: C:\Users\hi\.stmcufinder\plugins\mcufinder//mcu/
2025-09-22 10:23:29,777 [WARN] DbFile:35 - Overriding database path with different value: C:\Users\hi\.stmcufinder\plugins\mcufinder/ => C:\Users\hi\.stmcufinder\plugins\mcufinder
2025-09-22 10:23:29,777 [INFO] DbBoardsDocs:110 - Set database path to: C:\Users\hi\.stmcufinder\plugins\mcufinder//mcu/
2025-09-22 10:23:29,777 [WARN] DbFile:35 - Overriding database path with different value: C:\Users\hi\.stmcufinder\plugins\mcufinder/ => C:\Users\hi\.stmcufinder\plugins\mcufinder
2025-09-22 10:23:29,777 [INFO] DbBoardsJson:57 - Set database path to: C:\Users\hi\.stmcufinder\plugins\mcufinder//mcu/
2025-09-22 10:23:29,777 [WARN] DbFile:35 - Overriding database path with different value: C:\Users\hi\.stmcufinder\plugins\mcufinder/ => C:\Users\hi\.stmcufinder\plugins\mcufinder
2025-09-22 10:23:29,777 [WARN] DbFile:35 - Overriding database path with different value: C:\Users\hi\.stmcufinder\plugins\mcufinder/ => C:\Users\hi\.stmcufinder\plugins\mcufinder
2025-09-22 10:23:29,777 [INFO] CrossReferenceDbSqlite:196 - Set database path to: C:\Users\hi\.stmcufinder\plugins\mcufinder//mcu/cs/
2025-09-22 10:23:29,777 [WARN] DbFile:35 - Overriding database path with different value: C:\Users\hi\.stmcufinder\plugins\mcufinder/ => C:\Users\hi\.stmcufinder\plugins\mcufinder
2025-09-22 10:23:29,778 [INFO] DbExamplesSqlite:767 - Set database path to: C:\Users\hi\.stmcufinder\plugins\mcufinder//mcu/
2025-09-22 10:23:29,803 [INFO] ApplicationProperties:181 - Using Application install path: C:\ST\STM32CubeIDE_1.7.0\STM32CubeIDE\plugins\com.st.stm32cube.common.mx_6.3.0.202107141111
2025-09-22 10:23:29,805 [INFO] PluginManage:188 - Search for loadable plugins [exclusion list=, ]
2025-09-22 10:23:29,808 [INFO] PluginManage:302 - Check plugin analytics
2025-09-22 10:23:34,847 [INFO] AnalyticsPlugin:257 - Accepted Software Licenses: 
2025-09-22 10:23:34,850 [INFO] AnalyticsPlugin:259 - Accepted CMSIS Pack Licenses: 
2025-09-22 10:23:34,851 [INFO] AnalyticsPlugin:261 - Accepted Firmware Licenses: 
2025-09-22 10:23:34,852 [INFO] PluginManage:352 - Loaded plugin analytics (category:tool,tabindex:-1)
2025-09-22 10:23:34,852 [INFO] PluginManage:302 - Check plugin clock
2025-09-22 10:23:34,893 [INFO] PluginManage:352 - Loaded plugin clock (category:base,tabindex:2)
2025-09-22 10:23:34,893 [INFO] PluginManage:302 - Check plugin ddr
2025-09-22 10:23:34,898 [INFO] PluginManage:352 - Loaded plugin ddr (category:tool,tabindex:6)
2025-09-22 10:23:34,898 [INFO] PluginManage:302 - Check plugin filemanager
2025-09-22 10:23:35,060 [INFO] PluginManage:352 - Loaded plugin filemanager (category:base,tabindex:10)
2025-09-22 10:23:35,060 [INFO] PluginManage:302 - Check plugin ipmanager
2025-09-22 10:23:35,078 [INFO] PluginManage:352 - Loaded plugin ipmanager (category:base,tabindex:5)
2025-09-22 10:23:35,078 [INFO] PluginManage:302 - Check plugin pinoutandconfiguration
2025-09-22 10:23:35,115 [INFO] PluginManage:352 - Loaded plugin pinoutandconfiguration (category:base,tabindex:1)
2025-09-22 10:23:35,116 [INFO] PluginManage:302 - Check plugin pinoutconfig
2025-09-22 10:23:35,180 [INFO] PluginManage:352 - Loaded plugin pinoutconfig (category:base,tabindex:0)
2025-09-22 10:23:35,180 [INFO] PluginManage:302 - Check plugin power
2025-09-22 10:23:35,284 [INFO] PluginManage:352 - Loaded plugin power (category:power,tabindex:4)
2025-09-22 10:23:35,284 [INFO] PluginManage:302 - Check plugin projectmanager
2025-09-22 10:23:35,322 [INFO] PluginManage:352 - Loaded plugin projectmanager (category:projectmanager,tabindex:3)
2025-09-22 10:23:35,322 [INFO] PluginManage:302 - Check plugin thirdparty
2025-09-22 10:23:35,745 [WARN] IntegrityCheckThread:78 - waiting for thirdparty lock release [integrity check]
2025-09-22 10:23:35,747 [INFO] IntegrityCheckThread:80 - entering critical section [integrity check]
2025-09-22 10:23:35,747 [INFO] PluginManage:352 - Loaded plugin thirdparty (category:base,tabindex:-1)
2025-09-22 10:23:35,747 [INFO] ThirdPartyUpdaterWithRetryManager:66 - Updater plugin not ready yet. [1/15]
2025-09-22 10:23:35,747 [INFO] PluginManage:302 - Check plugin tools
2025-09-22 10:23:35,886 [INFO] PluginManage:352 - Loaded plugin tools (category:base,tabindex:7)
2025-09-22 10:23:35,886 [INFO] PluginManage:302 - Check plugin tutovideos
2025-09-22 10:23:36,228 [INFO] PluginManage:352 - Loaded plugin tutovideos (category:base,tabindex:-1)
2025-09-22 10:23:36,228 [INFO] PluginManage:302 - Check plugin updater
2025-09-22 10:23:36,244 [INFO] PluginManage:352 - Loaded plugin updater (category:base,tabindex:12)
2025-09-22 10:23:36,246 [INFO] PluginManage:275 - PluginManage : Loaded plugins [13]
2025-09-22 10:23:36,485 [INFO] PinOutPanel:1463 - setPackage(No Configuration,No Configuration)
2025-09-22 10:23:36,632 [INFO] IPUIPlugin:74 - create IPUIPlugin
2025-09-22 10:23:36,632 [INFO] PluginManager:213 - loadIPPluginJar : add adc
2025-09-22 10:23:36,721 [INFO] IPUIPlugin:74 - create IPUIPlugin
2025-09-22 10:23:36,721 [INFO] PluginManager:213 - loadIPPluginJar : add aes
2025-09-22 10:23:36,819 [INFO] IPUIPlugin:74 - create IPUIPlugin
2025-09-22 10:23:36,819 [INFO] PluginManager:213 - loadIPPluginJar : add can
2025-09-22 10:23:36,901 [INFO] IPUIPlugin:74 - create IPUIPlugin
2025-09-22 10:23:36,902 [INFO] PluginManager:213 - loadIPPluginJar : add comp
2025-09-22 10:23:36,981 [INFO] IPUIPlugin:74 - create IPUIPlugin
2025-09-22 10:23:36,981 [INFO] PluginManager:213 - loadIPPluginJar : add cryp
2025-09-22 10:23:37,066 [INFO] IPUIPlugin:74 - create IPUIPlugin
2025-09-22 10:23:37,066 [INFO] PluginManager:213 - loadIPPluginJar : add dfsdm
2025-09-22 10:23:37,094 [INFO] IPUIPlugin:74 - create IPUIPlugin
2025-09-22 10:23:37,095 [INFO] PluginManager:213 - loadIPPluginJar : add dma
2025-09-22 10:23:37,210 [INFO] IPUIPlugin:74 - create IPUIPlugin
2025-09-22 10:23:37,211 [INFO] PluginManager:213 - loadIPPluginJar : add dma3
2025-09-22 10:23:37,274 [INFO] IPUIPlugin:74 - create IPUIPlugin
2025-09-22 10:23:37,274 [INFO] PluginManager:213 - loadIPPluginJar : add fatfs
2025-09-22 10:23:37,402 [INFO] IPUIPlugin:74 - create IPUIPlugin
2025-09-22 10:23:37,402 [INFO] PluginManager:213 - loadIPPluginJar : add fmc
2025-09-22 10:23:37,429 [INFO] IPUIPlugin:74 - create IPUIPlugin
2025-09-22 10:23:37,429 [INFO] PluginManager:213 - loadIPPluginJar : add freertos
2025-09-22 10:23:37,493 [INFO] IPUIPlugin:74 - create IPUIPlugin
2025-09-22 10:23:37,493 [INFO] PluginManager:213 - loadIPPluginJar : add genericplugin
2025-09-22 10:23:37,701 [INFO] IPUIPlugin:74 - create IPUIPlugin
2025-09-22 10:23:37,701 [INFO] PluginManager:213 - loadIPPluginJar : add gfxmmu
2025-09-22 10:23:37,984 [INFO] IPUIPlugin:74 - create IPUIPlugin
2025-09-22 10:23:37,985 [INFO] PluginManager:213 - loadIPPluginJar : add gic
2025-09-22 10:23:38,009 [INFO] IPUIPlugin:74 - create IPUIPlugin
2025-09-22 10:23:38,009 [INFO] PluginManager:213 - loadIPPluginJar : add gpio
2025-09-22 10:23:38,173 [INFO] IPUIPlugin:74 - create IPUIPlugin
2025-09-22 10:23:38,174 [INFO] PluginManager:213 - loadIPPluginJar : add gtzc
2025-09-22 10:23:38,251 [INFO] IPUIPlugin:74 - create IPUIPlugin
2025-09-22 10:23:38,251 [INFO] PluginManager:213 - loadIPPluginJar : add hash
2025-09-22 10:23:38,387 [INFO] IPUIPlugin:74 - create IPUIPlugin
2025-09-22 10:23:38,387 [INFO] PluginManager:213 - loadIPPluginJar : add i2c
2025-09-22 10:23:38,485 [INFO] IPUIPlugin:74 - create IPUIPlugin
2025-09-22 10:23:38,485 [INFO] PluginManager:213 - loadIPPluginJar : add i2s
2025-09-22 10:23:38,507 [INFO] IPUIPlugin:74 - create IPUIPlugin
2025-09-22 10:23:38,508 [INFO] PluginManager:213 - loadIPPluginJar : add ipddr
2025-09-22 10:23:38,722 [INFO] IPUIPlugin:74 - create IPUIPlugin
2025-09-22 10:23:38,723 [INFO] PluginManager:213 - loadIPPluginJar : add linkedlist
2025-09-22 10:23:38,760 [INFO] ThirdPartyUpdaterWithRetryManager:66 - Updater plugin not ready yet. [2/15]
2025-09-22 10:23:38,817 [INFO] IPUIPlugin:74 - create IPUIPlugin
2025-09-22 10:23:38,817 [INFO] PluginManager:213 - loadIPPluginJar : add lorawan
2025-09-22 10:23:38,922 [INFO] IPUIPlugin:74 - create IPUIPlugin
2025-09-22 10:23:38,923 [INFO] PluginManager:213 - loadIPPluginJar : add ltdc
2025-09-22 10:23:38,945 [INFO] IPUIPlugin:74 - create IPUIPlugin
2025-09-22 10:23:38,945 [INFO] PluginManager:213 - loadIPPluginJar : add mdma
2025-09-22 10:23:38,967 [INFO] IPUIPlugin:74 - create IPUIPlugin
2025-09-22 10:23:38,968 [INFO] PluginManager:213 - loadIPPluginJar : add nvic
2025-09-22 10:23:39,064 [INFO] IPUIPlugin:74 - create IPUIPlugin
2025-09-22 10:23:39,064 [INFO] PluginManager:213 - loadIPPluginJar : add opamp
2025-09-22 10:23:39,226 [INFO] IPUIPlugin:74 - create IPUIPlugin
2025-09-22 10:23:39,226 [INFO] PluginManager:213 - loadIPPluginJar : add openamp
2025-09-22 10:23:39,335 [INFO] IPUIPlugin:74 - create IPUIPlugin
2025-09-22 10:23:39,336 [INFO] PluginManager:213 - loadIPPluginJar : add pdm2pcm
2025-09-22 10:23:39,364 [INFO] IPUIPlugin:74 - create IPUIPlugin
2025-09-22 10:23:39,367 [INFO] PluginManager:213 - loadIPPluginJar : add plateformsettings
2025-09-22 10:23:39,444 [INFO] IPUIPlugin:74 - create IPUIPlugin
2025-09-22 10:23:39,444 [INFO] PluginManager:213 - loadIPPluginJar : add quadspi
2025-09-22 10:23:39,468 [INFO] IPUIPlugin:74 - create IPUIPlugin
2025-09-22 10:23:39,468 [INFO] PluginManager:213 - loadIPPluginJar : add resmgrutility
2025-09-22 10:23:39,580 [INFO] IPUIPlugin:74 - create IPUIPlugin
2025-09-22 10:23:39,580 [INFO] PluginManager:213 - loadIPPluginJar : add sai
2025-09-22 10:23:39,682 [INFO] IPUIPlugin:74 - create IPUIPlugin
2025-09-22 10:23:39,683 [INFO] PluginManager:213 - loadIPPluginJar : add spi
2025-09-22 10:23:39,810 [INFO] IPUIPlugin:74 - create IPUIPlugin
2025-09-22 10:23:39,810 [INFO] PluginManager:213 - loadIPPluginJar : add stm32_wpan
2025-09-22 10:23:39,882 [INFO] IPUIPlugin:74 - create IPUIPlugin
2025-09-22 10:23:39,882 [INFO] PluginManager:213 - loadIPPluginJar : add tim
2025-09-22 10:23:40,022 [INFO] IPUIPlugin:74 - create IPUIPlugin
2025-09-22 10:23:40,022 [INFO] PluginManager:213 - loadIPPluginJar : add touchsensing
2025-09-22 10:23:40,091 [INFO] IPUIPlugin:74 - create IPUIPlugin
2025-09-22 10:23:40,091 [INFO] PluginManager:213 - loadIPPluginJar : add tracer_emb
2025-09-22 10:23:40,178 [INFO] IPUIPlugin:74 - create IPUIPlugin
2025-09-22 10:23:40,178 [INFO] PluginManager:213 - loadIPPluginJar : add ts
2025-09-22 10:23:40,250 [INFO] IPUIPlugin:74 - create IPUIPlugin
2025-09-22 10:23:40,250 [INFO] PluginManager:213 - loadIPPluginJar : add tsc
2025-09-22 10:23:40,315 [INFO] IPUIPlugin:74 - create IPUIPlugin
2025-09-22 10:23:40,315 [INFO] PluginManager:213 - loadIPPluginJar : add ucpd
2025-09-22 10:23:40,428 [INFO] IPUIPlugin:74 - create IPUIPlugin
2025-09-22 10:23:40,428 [INFO] PluginManager:213 - loadIPPluginJar : add usart
2025-09-22 10:23:40,525 [INFO] IPUIPlugin:74 - create IPUIPlugin
2025-09-22 10:23:40,525 [INFO] PluginManager:213 - loadIPPluginJar : add usbx
2025-09-22 10:23:40,921 [FATAL] Updater:294 - Updater called before beeing initialized
2025-09-22 10:23:41,086 [FATAL] Updater:294 - Updater called before beeing initialized
2025-09-22 10:23:41,102 [INFO] DbMcusAds:47 - JSON generation date=Tue Jul 08 15:14:23 ICT 2025 (1751962463524)
2025-09-22 10:23:41,102 [FATAL] Updater:294 - Updater called before beeing initialized
2025-09-22 10:23:41,165 [WARN] DetailPanel:314 - Failed to get advertising image, set to default
2025-09-22 10:23:41,310 [FATAL] Updater:294 - Updater called before beeing initialized
2025-09-22 10:23:41,314 [FATAL] Updater:294 - Updater called before beeing initialized
2025-09-22 10:23:41,314 [FATAL] Updater:294 - Updater called before beeing initialized
2025-09-22 10:23:41,314 [WARN] DetailPanel:314 - Failed to get advertising image, set to default
2025-09-22 10:23:41,316 [FATAL] Updater:294 - Updater called before beeing initialized
2025-09-22 10:23:41,401 [ERROR] Updater:1075 - MainUpdater not yet initialized. External WinMGr cannot be set.
2025-09-22 10:23:41,429 [INFO] Updater:1012 - Updater Version found : 6.3.0
2025-09-22 10:23:41,454 [INFO] ApplicationProperties:181 - Using Application install path: C:\ST\STM32CubeIDE_1.7.0\STM32CubeIDE\plugins\com.st.stm32cube.common.mx_6.3.0.202107141111
2025-09-22 10:23:41,762 [INFO] ThirdPartyUpdaterWithRetryManager:66 - Updater plugin not ready yet. [3/15]
2025-09-22 10:23:42,028 [INFO] MainUpdater:2671 - connection check result : 10
2025-09-22 10:23:42,029 [INFO] MainUpdater:265 - Updater Check For Update Now.
2025-09-22 10:23:42,030 [INFO] MicroXplorer:478 - Change Database Version : DB.6.0.30
2025-09-22 10:23:42,349 [INFO] CheckServerUpdateThread:112 - End of CheckServer Thread
2025-09-22 10:23:42,422 [INFO] MainUpdater:2671 - connection check result : 10
2025-09-22 10:23:43,076 [INFO] McuFinderGlobals:52 - Set McuFinderConnectedMode to false
2025-09-22 10:23:43,222 [INFO] CrossSelectorPresenter:1330 - Cross Selector saved comparison directory: C:\Users\hi\.stmcufinder\plugins\mcufinder\mcu\cs_comparisons_mx
2025-09-22 10:23:43,229 [INFO] MultiScanPanel:197 - Auto-refresh data requested => check proxy status ongoing
2025-09-22 10:23:43,229 [INFO] MultiScanPanel:201 - Proxy status is invalid
2025-09-22 10:23:43,234 [INFO] FinderPluginLoader:87 - Searching for filters in installed packs
2025-09-22 10:23:43,235 [INFO] DbMcusXml:100 - Load MCU database from C:\ST\STM32CubeIDE_1.7.0\STM32CubeIDE\plugins\com.st.stm32cube.common.mx_6.3.0.202107141111\\db\/mcu/families.xml
2025-09-22 10:23:44,821 [INFO] DbMcusJson:93 - JSON generation date=Tue Nov 16 23:17:54 ICT 2021 (1637079474)
2025-09-22 10:23:45,204 [ERROR] Engine:463 - C:\Users\hi\.stm32cubemx\thirdparties\pdsc\STMicroelectronics.FP-SNS-MOTENVWB1.1.4.0.pdsc: PDSC version is not supported
2025-09-22 10:23:45,265 [WARN] PackLoader:238 - Cannot read IP mode file for STMicroelectronics.FP-ATR-ASTRA1.2.0.2
2025-09-22 10:23:45,287 [ERROR] Engine:463 - C:\Users\hi\.stm32cubemx\thirdparties\pdsc\STMicroelectronics.X-CUBE-SMBUS.2.1.0.pdsc: PDSC version is not supported
2025-09-22 10:23:45,304 [ERROR] Engine:463 - C:\Users\hi\.stm32cubemx\thirdparties\pdsc\STMicroelectronics.X-CUBE-ST60.1.0.0.pdsc: PDSC version is not supported
2025-09-22 10:23:45,418 [WARN] PackLoader:238 - Cannot read IP mode file for STMicroelectronics.X-CUBE-AZRTOS-F7.1.1.0
2025-09-22 10:23:45,451 [ERROR] Engine:463 - C:\Users\hi\.stm32cubemx\thirdparties\pdsc\WES.I-CUBE-Cesium.1.4.0.pdsc: PDSC version is not supported
2025-09-22 10:23:45,483 [ERROR] Engine:463 - C:\Users\hi\.stm32cubemx\thirdparties\pdsc\Infineon.AIROC-Wi-Fi-Bluetooth-STM32.1.7.1.pdsc: PDSC version is not supported
2025-09-22 10:23:45,572 [WARN] PackLoader:238 - Cannot read IP mode file for STMicroelectronics.X-CUBE-AZRTOS-H7.3.4.0
2025-09-22 10:23:45,605 [ERROR] Engine:463 - C:\Users\hi\.stm32cubemx\thirdparties\pdsc\STMicroelectronics.X-CUBE-DISPLAY.3.0.0.pdsc: PDSC version is not supported
2025-09-22 10:23:45,632 [WARN] PackLoader:238 - Cannot read IP mode file for STMicroelectronics.X-CUBE-NFC10.1.0.0
2025-09-22 10:23:45,670 [ERROR] Engine:463 - C:\Users\hi\.stm32cubemx\thirdparties\pdsc\emotas.I-CUBE-CANOPEN.1.3.0.pdsc: PDSC version is not supported
2025-09-22 10:23:45,693 [ERROR] Engine:463 - C:\Users\hi\.stm32cubemx\thirdparties\pdsc\STMicroelectronics.FP-SNS-STBOX1.2.1.0.pdsc: PDSC version is not supported
2025-09-22 10:23:45,712 [ERROR] Engine:463 - C:\Users\hi\.stm32cubemx\thirdparties\pdsc\STMicroelectronics.FP-SNS-SMARTAG2.1.2.0.pdsc: PDSC version is not supported
2025-09-22 10:23:45,731 [ERROR] Engine:463 - C:\Users\hi\.stm32cubemx\thirdparties\pdsc\STMicroelectronics.FP-SNS-FLIGHT1.5.1.0.pdsc: PDSC version is not supported
2025-09-22 10:23:45,766 [INFO] LogOutputStream:76 - [STDOUT_REDIRECT] 1 : Invalid condition id : UX_CORESTACK_Condition cause : null
2025-09-22 10:23:45,767 [INFO] LogOutputStream:76 - [STDOUT_REDIRECT] 1 : Invalid condition id : UX_CORESTACK_Condition cause : null
2025-09-22 10:23:45,769 [INFO] LogOutputStream:76 - [STDOUT_REDIRECT] 1 : Invalid condition id : UX_CORESTACK_Condition cause : null
2025-09-22 10:23:45,772 [INFO] LogOutputStream:76 - [STDOUT_REDIRECT] 1 : Invalid condition id : UX_CORESTACK_Condition cause : null
2025-09-22 10:23:45,773 [INFO] LogOutputStream:76 - [STDOUT_REDIRECT] 1 : Invalid condition id : UX_CORESTACK_Condition cause : null
2025-09-22 10:23:45,777 [WARN] PackLoader:238 - Cannot read IP mode file for STMicroelectronics.X-CUBE-AZRTOS-WL.2.0.0
2025-09-22 10:23:45,802 [ERROR] Engine:463 - C:\Users\hi\.stm32cubemx\thirdparties\pdsc\STMicroelectronics.FP-SNS-MOTENV1.5.0.0.pdsc: PDSC version is not supported
2025-09-22 10:23:45,842 [WARN] PackLoader:238 - Cannot read IP mode file for STMicroelectronics.X-CUBE-BLE2.3.3.0
2025-09-22 10:23:45,873 [WARN] PackLoader:238 - Cannot read IP mode file for STMicroelectronics.X-CUBE-NFC9.1.0.0
2025-09-22 10:23:45,914 [WARN] PackLoader:238 - Cannot read IP mode file for wolfSSL.I-CUBE-wolfSSL.5.8.2
2025-09-22 10:23:45,936 [WARN] PackLoader:238 - Cannot read IP mode file for STMicroelectronics.X-CUBE-BLE1.7.1.0
2025-09-22 10:23:45,957 [WARN] PackLoader:238 - Cannot read IP mode file for wolfSSL.I-CUBE-wolfMQTT.1.19.2
2025-09-22 10:23:45,981 [WARN] PackLoader:238 - Cannot read IP mode file for STMicroelectronics.X-CUBE-EEPRMA1.5.2.0
2025-09-22 10:23:46,052 [WARN] PackLoader:238 - Cannot read IP mode file for STMicroelectronics.X-CUBE-AZRTOS-G0.1.1.0
2025-09-22 10:23:46,085 [WARN] PackLoader:238 - Cannot read IP mode file for STMicroelectronics.X-CUBE-SAFEA1.1.2.2
2025-09-22 10:23:46,115 [WARN] PackLoader:238 - Cannot read IP mode file for STMicroelectronics.X-CUBE-NFC4.3.0.0
2025-09-22 10:23:46,134 [ERROR] Engine:463 - C:\Users\hi\.stm32cubemx\thirdparties\pdsc\EmbeddedOffice.I-CUBE-FS-RTOS.1.0.1.pdsc: PDSC version is not supported
2025-09-22 10:23:46,164 [INFO] DbMcus:175 - Found 1951 MCUs (1903 are supported by CubeMX, 1914 are visible in CubeMX)
2025-09-22 10:23:46,165 [INFO] ApiDb:251 - Load user favorites file C:\Users\hi/.stm32cubeide/favorites.mcus.txt: 0 item(s)
2025-09-22 10:23:46,165 [INFO] ApiDb:255 - User favorites MCUs=[]
2025-09-22 10:23:46,165 [INFO] DbMcus:187 - Set 0 / 0 favorites MCUs
2025-09-22 10:23:46,167 [WARN] PackLoader:238 - Cannot read IP mode file for STMicroelectronics.X-CUBE-WB05N.2.0.0
2025-09-22 10:23:46,191 [WARN] PackLoader:238 - Cannot read IP mode file for wolfSSL.I-CUBE-wolfTPM.3.8.0
2025-09-22 10:23:46,208 [ERROR] Engine:463 - C:\Users\hi\.stm32cubemx\thirdparties\pdsc\STMicroelectronics.X-CUBE-TCPP.4.2.0.pdsc: PDSC version is not supported
2025-09-22 10:23:46,226 [ERROR] Engine:463 - C:\Users\hi\.stm32cubemx\thirdparties\pdsc\RealThread.X-CUBE-RT-Thread_Nano.4.1.1.pdsc: PDSC version is not supported
2025-09-22 10:23:46,247 [WARN] PackLoader:238 - Cannot read IP mode file for STMicroelectronics.FP-ATR-SIGFOX1.3.2.0
2025-09-22 10:23:46,271 [ERROR] Engine:463 - C:\Users\hi\.stm32cubemx\thirdparties\pdsc\ITTIA_DB.I-CUBE-ITTIADB.8.9.0.pdsc: PDSC version is not supported
2025-09-22 10:23:46,294 [ERROR] Engine:463 - C:\Users\hi\.stm32cubemx\thirdparties\pdsc\STMicroelectronics.X-CUBE-ST67W61.1.0.0.pdsc: PDSC version is not supported
2025-09-22 10:23:46,331 [WARN] PackLoader:238 - Cannot read IP mode file for STMicroelectronics.X-CUBE-AI.10.2.0
2025-09-22 10:23:46,518 [WARN] PackLoader:238 - Cannot read IP mode file for SEGGER.I-CUBE-embOS.1.3.1
2025-09-22 10:23:46,653 [WARN] PackLoader:238 - Cannot read IP mode file for STMicroelectronics.X-CUBE-ALGOBUILD.1.4.0
2025-09-22 10:23:46,876 [WARN] PackLoader:238 - Cannot read IP mode file for STMicroelectronics.X-CUBE-MEMS1.11.3.0
2025-09-22 10:23:47,394 [WARN] PackLoader:238 - Cannot read IP mode file for STMicroelectronics.X-CUBE-PM33A1.1.0.0
2025-09-22 10:23:47,437 [INFO] DetailPanel:309 - Set advertising image to C:/Users/hi/STM32Cube/Repository/\en.2400x1350px.jpeg
2025-09-22 10:23:47,451 [WARN] PackLoader:238 - Cannot read IP mode file for STMicroelectronics.X-CUBE-AZRTOS-F4.1.1.0
2025-09-22 10:23:47,486 [ERROR] Engine:463 - C:\Users\hi\.stm32cubemx\thirdparties\pdsc\Avnet-IotConnect.X-CUBE-IoTC-DA16k-PMOD.1.0.0.pdsc: PDSC version is not supported
2025-09-22 10:23:47,506 [WARN] PackLoader:238 - Cannot read IP mode file for STMicroelectronics.X-CUBE-ISPU.2.1.0
2025-09-22 10:23:47,543 [WARN] PackLoader:238 - Cannot read IP mode file for STMicroelectronics.X-CUBE-NFC12.1.0.0
2025-09-22 10:23:47,612 [WARN] PackLoader:238 - Cannot read IP mode file for STMicroelectronics.X-CUBE-AZRTOS-L5.2.0.0
2025-09-22 10:23:47,639 [WARN] PackLoader:238 - Cannot read IP mode file for STMicroelectronics.X-CUBE-NFC6.3.1.0
2025-09-22 10:23:47,662 [ERROR] Engine:463 - C:\Users\hi\.stm32cubemx\thirdparties\pdsc\STMicroelectronics.X-CUBE-FREERTOS.1.3.1.pdsc: PDSC version is not supported
2025-09-22 10:23:47,684 [ERROR] Engine:463 - C:\Users\hi\.stm32cubemx\thirdparties\pdsc\STMicroelectronics.FP-SNS-STAIOTCFT.1.0.0.pdsc: PDSC version is not supported
2025-09-22 10:23:47,702 [ERROR] Engine:463 - C:\Users\hi\.stm32cubemx\thirdparties\pdsc\STMicroelectronics.X-CUBE-DPower.1.3.0.pdsc: PDSC version is not supported
2025-09-22 10:23:47,806 [WARN] ConditionMgr:437 - getConditionDescription Invalid condition id : LAN8742 Phy interface Condition cause : null
2025-09-22 10:23:47,808 [WARN] PackLoader:238 - Cannot read IP mode file for STMicroelectronics.X-CUBE-AZRTOS-L4.2.0.0
2025-09-22 10:23:47,812 [WARN] ConditionMgr:1038 - genDependencies : Invalid condition id : LAN8742 Phy interface Condition cause : null
2025-09-22 10:23:47,813 [WARN] ConditionMgr:1038 - genDependencies : Invalid condition id : LAN8742 Phy interface Condition cause : null
2025-09-22 10:23:47,814 [WARN] ConditionMgr:1038 - genDependencies : Invalid condition id : LAN8742 Phy interface Condition cause : null
2025-09-22 10:23:47,849 [WARN] PackLoader:238 - Cannot read IP mode file for STMicroelectronics.X-CUBE-SFXS2LP1.4.0.0
2025-09-22 10:23:47,887 [ERROR] Engine:463 - C:\Users\hi\.stm32cubemx\thirdparties\pdsc\STMicroelectronics.X-CUBE-BLEMGR.4.1.0.pdsc: PDSC version is not supported
2025-09-22 10:23:47,958 [WARN] ConditionMgr:437 - getConditionDescription Invalid condition id : UX DEVICE CLASS RTOS Condition cause : null
2025-09-22 10:23:47,959 [WARN] ConditionMgr:437 - getConditionDescription Invalid condition id : UX DEVICE CLASS RTOS Condition cause : null
2025-09-22 10:23:47,964 [WARN] PackLoader:238 - Cannot read IP mode file for STMicroelectronics.X-CUBE-AZRTOS-WB.2.0.0
2025-09-22 10:23:47,965 [WARN] ConditionMgr:1038 - genDependencies : Invalid condition id : UX DEVICE CLASS RTOS Condition cause : null
2025-09-22 10:23:47,965 [WARN] ConditionMgr:1038 - genDependencies : Invalid condition id : UX DEVICE CLASS RTOS Condition cause : null
2025-09-22 10:23:47,966 [WARN] ConditionMgr:1038 - genDependencies : Invalid condition id : UX DEVICE CLASS RTOS Condition cause : null
2025-09-22 10:23:47,967 [WARN] ConditionMgr:1038 - genDependencies : Invalid condition id : UX DEVICE CLASS RTOS Condition cause : null
2025-09-22 10:23:47,967 [WARN] ConditionMgr:1038 - genDependencies : Invalid condition id : UX DEVICE CLASS RTOS Condition cause : null
2025-09-22 10:23:48,003 [WARN] PackLoader:238 - Cannot read IP mode file for STMicroelectronics.X-CUBE-GNSS1.7.0.1
2025-09-22 10:23:48,038 [WARN] PackLoader:238 - Cannot read IP mode file for STMicroelectronics.X-CUBE-TOUCHGFX.4.25.0
2025-09-22 10:23:48,059 [ERROR] Engine:463 - C:\Users\hi\.stm32cubemx\thirdparties\pdsc\quantropi.X-CUBE-qispace-sdk-base.2.1.0.pdsc: PDSC version is not supported
2025-09-22 10:23:48,097 [WARN] PackLoader:238 - Cannot read IP mode file for STMicroelectronics.X-CUBE-SUBG2.5.0.0
2025-09-22 10:23:48,176 [WARN] PackLoader:238 - Cannot read IP mode file for STMicroelectronics.X-CUBE-AZRTOS-H7RS.1.1.0
2025-09-22 10:23:48,203 [ERROR] Engine:463 - C:\Users\hi\.stm32cubemx\thirdparties\pdsc\Cesanta.I-CUBE-Mongoose.7.13.0.pdsc: PDSC version is not supported
2025-09-22 10:23:48,232 [INFO] DbBoardsPdsc:90 - Found 25 items
2025-09-22 10:23:48,289 [INFO] DbBoardsPdsc:90 - Found 9 items
2025-09-22 10:23:48,295 [WARN] PackLoader:238 - Cannot read IP mode file for STMicroelectronics.X-CUBE-AZRTOS-G4.2.0.0
2025-09-22 10:23:48,315 [WARN] PackLoader:238 - Cannot read IP mode file for wolfSSL.I-CUBE-wolfSSH.1.4.20
2025-09-22 10:23:48,315 [INFO] DbBoardsPdsc:90 - Found 33 items
2025-09-22 10:23:48,336 [INFO] DbBoardsPdsc:90 - Found 1 items
2025-09-22 10:23:48,336 [WARN] PackLoader:238 - Cannot read IP mode file for STMicroelectronics.X-CUBE-NFC7.2.0.0
2025-09-22 10:23:48,367 [ERROR] Engine:463 - C:\Users\hi\.stm32cubemx\thirdparties\pdsc\STMicroelectronics.X-CUBE-IPS.3.1.0.pdsc: PDSC version is not supported
2025-09-22 10:23:48,372 [INFO] DbBoardsPdsc:90 - Found 48 items
2025-09-22 10:23:48,386 [ERROR] Engine:463 - C:\Users\hi\.stm32cubemx\thirdparties\pdsc\STMicroelectronics.X-CUBE-ALS.1.0.2.pdsc: PDSC version is not supported
2025-09-22 10:23:48,406 [INFO] DbBoardsPdsc:90 - Found 43 items
2025-09-22 10:23:48,414 [WARN] PackLoader:238 - Cannot read IP mode file for STMicroelectronics.X-CUBE-STSE01.1.0.0
2025-09-22 10:23:48,432 [INFO] DbBoardsPdsc:90 - Found 2 items
2025-09-22 10:23:48,443 [WARN] PackLoader:238 - Cannot read IP mode file for portGmbH.I-Cube-SoM-uGOAL.1.1.0
2025-09-22 10:23:48,453 [INFO] DbBoardsPdsc:90 - Found 5 items
2025-09-22 10:23:48,463 [WARN] DbBoardsPdsc:254 - Board STM32H7B3I-DK: unknown feature type=Audio, name=, username=Audio stereo codec with Headphone Amp (CS42L51-CNZ), n=1
2025-09-22 10:23:48,463 [WARN] DbBoardsPdsc:254 - Board STM32H735G-DK: unknown feature type=Audio, name=, username=Audio stereo codec with Headphone Amp (WM8994ECS/R), n=1
2025-09-22 10:23:48,466 [WARN] DbBoardsPdsc:254 - Board STM32H7B3I-EVAL: unknown feature type=Audio, name=, username=Multi-Channel Audio Codec (CS42L51-CNZ), n=1
2025-09-22 10:23:48,467 [WARN] DbBoardsPdsc:254 - Board STM32H7B3I-EVAL: unknown feature type=Meter, name=, username=Power-metering and Temperature-monitoring with sigma-delta modulators, n=1
2025-09-22 10:23:48,467 [WARN] DbBoardsPdsc:254 - Board STM32H7B3I-EVAL: unknown feature type=Motor, name=, username=Motor Control, n=1
2025-09-22 10:23:48,468 [WARN] DbBoardsPdsc:254 - Board STM32U575I-EV: unknown feature type=joystick, name=, username=4-direction joystick with selection button, n=1
2025-09-22 10:23:48,473 [ERROR] Engine:463 - C:\Users\hi\.stm32cubemx\thirdparties\pdsc\STMicroelectronics.X-CUBE-TOF1.3.4.3.pdsc: PDSC version is not supported
2025-09-22 10:23:48,474 [INFO] ThirdParty:915 - Integrity check success = true
2025-09-22 10:23:48,474 [INFO] IntegrityCheckThread:94 - exiting critical section [integrity check]
2025-09-22 10:23:48,474 [INFO] IntegrityCheckThread:97 - End integrity checks thread
2025-09-22 10:23:48,532 [INFO] DbBoardsJson:86 - JSON generation date=Tue Nov 16 23:17:54 ICT 2021 (1637079474)
2025-09-22 10:23:48,542 [INFO] DbBoards:117 - Found 167 boards (163 are supported by CubeMX)
2025-09-22 10:23:48,564 [INFO] DbBoardsDocs:143 - JSON generation date=Tue Nov 16 23:17:54 ICT 2021 (1637079474)
2025-09-22 10:23:48,569 [INFO] DbBoardsDocs:79 - Found 209 boards documents
2025-09-22 10:23:48,570 [WARN] DbBoards:127 - board B-L475E-IOT01A2 has no document id list !
2025-09-22 10:23:48,571 [WARN] DbBoards:127 - board NUCLEO-H743ZI has no document id list !
2025-09-22 10:23:48,572 [WARN] DbBoards:127 - board NUCLEO-WL55JC2 has no document id list !
2025-09-22 10:23:48,572 [WARN] DbBoards:127 - board P-NUCLEO-WB55-Nucleo has no document id list !
2025-09-22 10:23:48,572 [WARN] DbBoards:127 - board P-NUCLEO-WB55-USBDongle has no document id list !
2025-09-22 10:23:48,572 [WARN] DbBoards:127 - board STEVAL-BFA001V1B has no document id list !
2025-09-22 10:23:48,572 [WARN] DbBoards:127 - board STEVAL-BFA001V2B has no document id list !
2025-09-22 10:23:48,572 [WARN] DbBoards:127 - board STEVAL-IDP005V1 has no document id list !
2025-09-22 10:23:48,573 [WARN] DbBoards:127 - board STEVAL-IDP005V2 has no document id list !
2025-09-22 10:23:48,573 [WARN] DbBoards:127 - board STEVAL-MKSBOX1V1 has no document id list !
2025-09-22 10:23:48,573 [WARN] DbBoards:127 - board STEVAL-STWINKT1 has no document id list !
2025-09-22 10:23:48,573 [WARN] DbBoards:127 - board STEVAL-STWINKT1B has no document id list !
2025-09-22 10:23:48,573 [WARN] DbBoards:127 - board STM32439I-EVAL2 has no document id list !
2025-09-22 10:23:48,575 [WARN] DbBoards:127 - board STM32F401C-DISCO has no document id list !
2025-09-22 10:23:48,576 [WARN] DbBoards:127 - board STM32F769I-DISC1 has no document id list !
2025-09-22 10:23:48,577 [WARN] DbBoards:127 - board STM32G474E-EVAL1 has no document id list !
2025-09-22 10:23:48,577 [WARN] DbBoards:127 - board STM32H743I-EVAL2 has no document id list !
2025-09-22 10:23:48,577 [WARN] DbBoards:127 - board STM32H747I-DISC1 has no document id list !
2025-09-22 10:23:48,578 [WARN] DbBoards:127 - board STM32H753I-EVAL2 has no document id list !
2025-09-22 10:23:48,578 [WARN] DbBoards:127 - board STM32L-DISCOVERY has no document id list !
2025-09-22 10:23:48,753 [ERROR] DbBoards:189 - Image file not found for board B-U585I-IOT02A: C:\ST\STM32CubeIDE_1.7.0\STM32CubeIDE\plugins\com.st.stm32cube.common.mx_6.3.0.202107141111\\db\/plugins/mcufinder/images/boards/B-U585I-IOT02A_small.jpg
2025-09-22 10:23:48,907 [ERROR] DbBoards:189 - Image file not found for board NUCLEO-F413ZH: C:\ST\STM32CubeIDE_1.7.0\STM32CubeIDE\plugins\com.st.stm32cube.common.mx_6.3.0.202107141111\\db\/plugins/mcufinder/images/boards/nucleo-f413zh_small.jpg
2025-09-22 10:23:49,187 [ERROR] DbBoards:189 - Image file not found for board NUCLEO-L552ZE-Q: C:\ST\STM32CubeIDE_1.7.0\STM32CubeIDE\plugins\com.st.stm32cube.common.mx_6.3.0.202107141111\\db\/plugins/mcufinder/images/boards/nucleo_l552ze_q_small.jpg
2025-09-22 10:23:49,187 [ERROR] DbBoards:189 - Image file not found for board NUCLEO-U575ZI-Q: C:\ST\STM32CubeIDE_1.7.0\STM32CubeIDE\plugins\com.st.stm32cube.common.mx_6.3.0.202107141111\\db\/plugins/mcufinder/images/boards/nucleo-u575zi-q_small.jpg
2025-09-22 10:23:49,187 [ERROR] DbBoards:189 - Image file not found for board NUCLEO-WB15CC: C:\ST\STM32CubeIDE_1.7.0\STM32CubeIDE\plugins\com.st.stm32cube.common.mx_6.3.0.202107141111\\db\/plugins/mcufinder/images/boards/nucleo-wb15cc_small.jpg
2025-09-22 10:23:49,187 [ERROR] DbBoards:189 - Image file not found for board NUCLEO-WB55RG: C:\ST\STM32CubeIDE_1.7.0\STM32CubeIDE\plugins\com.st.stm32cube.common.mx_6.3.0.202107141111\\db\/plugins/mcufinder/images/boards/nucleo-wb55rg_small.jpg
2025-09-22 10:23:50,801 [INFO] ApiDb:251 - Load user favorites file C:\Users\hi/.stm32cubeide/favorites.boards.txt: 0 item(s)
2025-09-22 10:23:50,802 [INFO] ApiDb:255 - User favorites Boards=[]
2025-09-22 10:23:50,802 [INFO] DbBoards:206 - Set 0 / 0 favorites Boards
2025-09-22 10:24:30,115 [INFO] MainUpdater:2671 - connection check result : 10
2025-09-22 10:24:30,115 [INFO] MainUpdater:2671 - connection check result : 10
2025-09-22 10:24:30,207 [INFO] MicroXplorer:448 - Change Database Path : 
2025-09-22 10:24:30,208 [INFO] MicroXplorer:478 - Change Database Version : DB.6.0.30
2025-09-22 10:24:30,209 [WARN] ThirdParty:813 - waiting for thirdparty lock release [close project]
2025-09-22 10:24:30,209 [INFO] ThirdParty:815 - entering critical section [close project]
2025-09-22 10:24:30,210 [INFO] ThirdParty:825 - exiting critical section [close project]
2025-09-22 10:24:30,217 [INFO] PinOutPanel:1463 - setPackage(No Configuration,No Configuration)
2025-09-22 10:24:30,219 [INFO] UtilMem:74 - Begin LoadConfig() Used Memory: 441974784 Bytes (611319808)
2025-09-22 10:24:30,221 [INFO] MicroXplorer:448 - Change Database Path : 
2025-09-22 10:24:30,221 [INFO] MicroXplorer:478 - Change Database Version : DB.6.0.30
2025-09-22 10:24:30,222 [INFO] OpenFileManager:313 - Change cursor
2025-09-22 10:24:31,495 [INFO] Context:592 - Trying to add GPIOservice into a context  which must be forbidden
2025-09-22 10:24:31,826 [WARN] ApiManager:304 - Cannot register API 'Board Extension:PM33A1' from pack STMicroelectronics.X-CUBE-PM33A1.1.0.0: no header file found
2025-09-22 10:24:31,831 [WARN] ApiManager:304 - Cannot register API 'Board Extension:NFC09A1' from pack STMicroelectronics.X-CUBE-NFC9.1.0.0: no header file found
2025-09-22 10:24:31,837 [WARN] ApiManager:304 - Cannot register API 'Wireless:BlueNRG-MS' from pack STMicroelectronics.X-CUBE-BLE1.7.1.0: no header file found
2025-09-22 10:24:31,841 [WARN] ApiManager:304 - Cannot register API 'Board Extension:EEPRMA2' from pack STMicroelectronics.X-CUBE-EEPRMA1.5.2.0: no header file found
2025-09-22 10:24:31,841 [WARN] ApiManager:304 - Cannot register API 'Board Extension:PGEEZ1' from pack STMicroelectronics.X-CUBE-EEPRMA1.5.2.0: no header file found
2025-09-22 10:24:31,841 [WARN] ApiManager:304 - Cannot register API 'Board Extension:EEICA1' from pack STMicroelectronics.X-CUBE-EEPRMA1.5.2.0: no header file found
2025-09-22 10:24:31,841 [WARN] ApiManager:304 - Cannot register API 'Board Part:M24' from pack STMicroelectronics.X-CUBE-EEPRMA1.5.2.0: no header file found
2025-09-22 10:24:31,841 [WARN] ApiManager:304 - Cannot register API 'Board Part:M95' from pack STMicroelectronics.X-CUBE-EEPRMA1.5.2.0: no header file found
2025-09-22 10:24:31,841 [WARN] ApiManager:304 - Cannot register API 'Board Part:M95P32' from pack STMicroelectronics.X-CUBE-EEPRMA1.5.2.0: no header file found
2025-09-22 10:24:31,841 [WARN] ApiManager:304 - Cannot register API 'Board Part:M24256E-F' from pack STMicroelectronics.X-CUBE-EEPRMA1.5.2.0: no header file found
2025-09-22 10:24:31,841 [WARN] ApiManager:304 - Cannot register API 'Board Part:M24M01E-F' from pack STMicroelectronics.X-CUBE-EEPRMA1.5.2.0: no header file found
2025-09-22 10:24:31,842 [WARN] ApiManager:304 - Cannot register API 'PGEEZ1:SPI' from pack STMicroelectronics.X-CUBE-EEPRMA1.5.2.0: no header file found
2025-09-22 10:24:31,842 [WARN] ApiManager:304 - Cannot register API 'PGEEZ1:QDSPI' from pack STMicroelectronics.X-CUBE-EEPRMA1.5.2.0: no header file found
2025-09-22 10:24:31,847 [WARN] ApiManager:304 - Cannot register API 'Board Extension:GNSS1A1' from pack STMicroelectronics.X-CUBE-GNSS1.7.0.1: no header file found
2025-09-22 10:24:31,847 [WARN] ApiManager:304 - Cannot register API 'Board Support:Custom' from pack STMicroelectronics.X-CUBE-GNSS1.7.0.1: no header file found
2025-09-22 10:24:31,847 [WARN] ApiManager:304 - Cannot register API 'Data Exchange:lib_gnss' from pack STMicroelectronics.X-CUBE-GNSS1.7.0.1: no header file found
2025-09-22 10:24:31,849 [WARN] ApiManager:304 - Cannot register API 'Board Extension:NFC12A1' from pack STMicroelectronics.X-CUBE-NFC12.1.0.0: no header file found
2025-09-22 10:24:31,860 [WARN] ApiManager:304 - Cannot register API 'Board Extension:NFC06A1' from pack STMicroelectronics.X-CUBE-NFC6.3.1.0: no header file found
2025-09-22 10:24:31,860 [WARN] ApiManager:304 - Cannot register API 'Board Extension:NFC08A1' from pack STMicroelectronics.X-CUBE-NFC6.3.1.0: no header file found
2025-09-22 10:24:31,860 [INFO] RtosManager:484 - Registered RTOS mode: class=CMSIS, group=RTOS, mode=CMSIS_V1, owner=FREERTOS
2025-09-22 10:24:31,860 [INFO] RtosManager:484 - Registered RTOS mode: class=CMSIS, group=RTOS2, mode=CMSIS_V2, owner=FREERTOS
2025-09-22 10:24:31,860 [INFO] RtosManager:484 - Registered RTOS mode: class=RTOS, group=Core, mode=CMSIS_V1, owner=FREERTOS
2025-09-22 10:24:31,860 [INFO] RtosManager:484 - Registered RTOS mode: class=RTOS, group=Core, mode=CMSIS_V2, owner=FREERTOS
2025-09-22 10:24:31,860 [WARN] ModelIntegratedComponent:181 - Missing modes for component STMicroelectronics:FreeRTOS:0.0.1:STMicroelectronics:RTOS:FreeRTOS:Core:::10.2.0:
2025-09-22 10:24:31,864 [WARN] ApiManager:304 - Cannot register API 'Board Extension:STSAFEA1' from pack STMicroelectronics.X-CUBE-SAFEA1.1.2.2: no header file found
2025-09-22 10:24:31,864 [WARN] ApiManager:304 - Cannot register API 'Board Part:STSAFEA110' from pack STMicroelectronics.X-CUBE-SAFEA1.1.2.2: no header file found
2025-09-22 10:24:31,864 [WARN] ApiManager:304 - Cannot register API 'Security:ST_Cryptolib' from pack STMicroelectronics.X-CUBE-SAFEA1.1.2.2: no header file found
2025-09-22 10:24:31,864 [WARN] ApiManager:304 - Cannot register API 'Security:MbedTLS' from pack STMicroelectronics.X-CUBE-SAFEA1.1.2.2: no header file found
2025-09-22 10:24:31,864 [WARN] ApiManager:304 - Cannot register API 'Board Extension:NFC04A1' from pack STMicroelectronics.X-CUBE-NFC4.3.0.0: no header file found
2025-09-22 10:24:31,868 [WARN] ApiManager:304 - Cannot register API 'Board Extension:S2868A1' from pack STMicroelectronics.X-CUBE-SUBG2.5.0.0: no header file found
2025-09-22 10:24:31,868 [WARN] ApiManager:304 - Cannot register API 'Board Extension:S2868A2' from pack STMicroelectronics.X-CUBE-SUBG2.5.0.0: no header file found
2025-09-22 10:24:31,868 [WARN] ApiManager:304 - Cannot register API 'Board Extension:S2915A1' from pack STMicroelectronics.X-CUBE-SUBG2.5.0.0: no header file found
2025-09-22 10:24:31,880 [WARN] ApiManager:304 - Cannot register API 'Wireless:STM32WB05N' from pack STMicroelectronics.X-CUBE-WB05N.2.0.0: no header file found
2025-09-22 10:24:31,883 [WARN] ApiManager:304 - Cannot register API 'Board Extension:NFC07A1' from pack STMicroelectronics.X-CUBE-NFC7.2.0.0: no header file found
2025-09-22 10:24:31,884 [WARN] ApiManager:304 - Cannot register API 'Board Extension:NFC10A1' from pack STMicroelectronics.X-CUBE-NFC10.1.0.0: no header file found
2025-09-22 10:24:31,886 [WARN] ModelIntegratedComponent:60 - No mode defined for component null
2025-09-22 10:24:31,886 [WARN] ModelIntegratedComponent:60 - No mode defined for component null
2025-09-22 10:24:31,886 [WARN] ModelIntegratedComponent:60 - No mode defined for component null
2025-09-22 10:24:31,886 [WARN] ModelIntegratedComponent:60 - No mode defined for component null
2025-09-22 10:24:31,886 [WARN] ModelIntegratedComponent:60 - No mode defined for component null
2025-09-22 10:24:31,887 [WARN] ModelIntegratedComponent:60 - No mode defined for component null
2025-09-22 10:24:31,887 [WARN] ModelIntegratedComponent:60 - No mode defined for component null
2025-09-22 10:24:31,887 [WARN] ModelIntegratedComponent:60 - No mode defined for component null
2025-09-22 10:24:31,887 [WARN] ModelIntegratedComponent:60 - No mode defined for component null
2025-09-22 10:24:31,887 [WARN] ModelIntegratedComponent:60 - No mode defined for component null
2025-09-22 10:24:31,887 [WARN] ModelIntegratedComponent:60 - No mode defined for component null
2025-09-22 10:24:31,887 [WARN] ModelIntegratedComponent:60 - No mode defined for component null
2025-09-22 10:24:31,887 [WARN] ModelIntegratedComponent:60 - No mode defined for component null
2025-09-22 10:24:31,887 [WARN] ModelIntegratedComponent:60 - No mode defined for component null
2025-09-22 10:24:31,887 [WARN] ModelIntegratedComponent:60 - No mode defined for component null
2025-09-22 10:24:31,888 [WARN] ModelIntegratedComponent:60 - No mode defined for component null
2025-09-22 10:24:31,888 [WARN] ModelIntegratedComponent:60 - No mode defined for component null
2025-09-22 10:24:31,888 [WARN] ModelIntegratedComponent:60 - No mode defined for component null
2025-09-22 10:24:31,888 [WARN] ModelIntegratedComponent:60 - No mode defined for component null
2025-09-22 10:24:31,888 [WARN] ModelIntegratedComponent:60 - No mode defined for component null
2025-09-22 10:24:31,888 [WARN] ModelIntegratedComponent:60 - No mode defined for component null
2025-09-22 10:24:31,888 [WARN] ModelIntegratedComponent:60 - No mode defined for component null
2025-09-22 10:24:31,888 [WARN] ModelIntegratedComponent:60 - No mode defined for component null
2025-09-22 10:24:31,888 [WARN] ModelIntegratedComponent:60 - No mode defined for component null
2025-09-22 10:24:31,888 [WARN] ModelIntegratedComponent:60 - No mode defined for component null
2025-09-22 10:24:31,889 [WARN] ModelIntegratedComponent:60 - No mode defined for component null
2025-09-22 10:24:31,889 [WARN] ModelIntegratedComponent:60 - No mode defined for component null
2025-09-22 10:24:31,889 [WARN] ModelIntegratedComponent:60 - No mode defined for component null
2025-09-22 10:24:31,889 [WARN] ModelIntegratedComponent:60 - No mode defined for component null
2025-09-22 10:24:31,889 [WARN] ModelIntegratedComponent:60 - No mode defined for component null
2025-09-22 10:24:31,889 [WARN] ModelIntegratedComponent:60 - No mode defined for component null
2025-09-22 10:24:31,892 [WARN] ApiManager:304 - Cannot register API 'Board Extension:SAFEA1' from pack STMicroelectronics.X-CUBE-STSE01.1.0.0: no header file found
2025-09-22 10:24:31,893 [WARN] ApiManager:304 - Cannot register API 'Board Extension:ESE01A1' from pack STMicroelectronics.X-CUBE-STSE01.1.0.0: no header file found
2025-09-22 10:24:31,893 [WARN] ApiManager:304 - Cannot register API 'Board Part:STSAFEA110' from pack STMicroelectronics.X-CUBE-STSE01.1.0.0: no header file found
2025-09-22 10:24:31,893 [WARN] ApiManager:304 - Cannot register API 'Board Part:STSAFEA120' from pack STMicroelectronics.X-CUBE-STSE01.1.0.0: no header file found
2025-09-22 10:24:31,893 [WARN] ApiManager:304 - Cannot register API 'Security:STM32_Cryptographic' from pack STMicroelectronics.X-CUBE-STSE01.1.0.0: no header file found
2025-09-22 10:24:31,893 [WARN] ApiManager:304 - Cannot register API 'Security:STSELib' from pack STMicroelectronics.X-CUBE-STSE01.1.0.0: no header file found
2025-09-22 10:24:32,210 [WARN] ApiManager:304 - Cannot register API 'Board Extension:IKS01A3' from pack STMicroelectronics.X-CUBE-MEMS1.11.3.0: no header file found
2025-09-22 10:24:32,210 [WARN] ApiManager:304 - Cannot register API 'Board Extension:IKS02A1' from pack STMicroelectronics.X-CUBE-MEMS1.11.3.0: no header file found
2025-09-22 10:24:32,210 [WARN] ApiManager:304 - Cannot register API 'Board Extension:IKS4A1' from pack STMicroelectronics.X-CUBE-MEMS1.11.3.0: no header file found
2025-09-22 10:24:32,226 [WARN] ApiManager:304 - Cannot register API 'Board Extension:S2868A1' from pack STMicroelectronics.X-CUBE-SFXS2LP1.4.0.0: no header file found
2025-09-22 10:24:32,226 [WARN] ApiManager:304 - Cannot register API 'Board Extension:S2868A2' from pack STMicroelectronics.X-CUBE-SFXS2LP1.4.0.0: no header file found
2025-09-22 10:24:32,226 [WARN] ApiManager:304 - Cannot register API 'Board Extension:S2915A1' from pack STMicroelectronics.X-CUBE-SFXS2LP1.4.0.0: no header file found
2025-09-22 10:24:32,227 [WARN] ApiManager:304 - Cannot register API 'Wireless:BlueNRG-2' from pack STMicroelectronics.X-CUBE-BLE2.3.3.0: no header file found
2025-09-22 10:24:34,896 [INFO] UtilMem:74 - End LoadConfig() Used Memory: 521622008 Bytes (611319808)
2025-09-22 10:24:34,909 [WARN] ThirdParty:779 - waiting for thirdparty lock release [change project]
2025-09-22 10:24:34,909 [INFO] ThirdParty:781 - entering critical section [change project]
2025-09-22 10:24:34,909 [INFO] ThirdParty:967 - CMSIS Pack Vendor :STMicroelectronics X-CUBE-PM33A1 1.0.0
2025-09-22 10:24:34,909 [INFO] ThirdParty:967 - CMSIS Pack Vendor :STMicroelectronics X-CUBE-NFC9 1.0.0
2025-09-22 10:24:34,909 [INFO] ThirdParty:967 - CMSIS Pack Vendor :STMicroelectronics USB_HOST 2.0.0
2025-09-22 10:24:34,909 [INFO] ThirdParty:967 - CMSIS Pack Vendor :STMicroelectronics X-CUBE-AZRTOS-F4 1.1.0
2025-09-22 10:24:34,909 [INFO] ThirdParty:967 - CMSIS Pack Vendor :STMicroelectronics FP-ATR-ASTRA1 2.0.2
2025-09-22 10:24:34,909 [INFO] ThirdParty:967 - CMSIS Pack Vendor :wolfSSL I-CUBE-wolfSSL 5.8.2
2025-09-22 10:24:34,910 [INFO] ThirdParty:967 - CMSIS Pack Vendor :STMicroelectronics X-CUBE-BLE1 7.1.0
2025-09-22 10:24:34,910 [INFO] ThirdParty:967 - CMSIS Pack Vendor :wolfSSL I-CUBE-wolfMQTT 1.19.2
2025-09-22 10:24:34,910 [INFO] ThirdParty:967 - CMSIS Pack Vendor :STMicroelectronics USB_DEVICE 3.0.0
2025-09-22 10:24:34,911 [INFO] ThirdParty:967 - CMSIS Pack Vendor :STMicroelectronics X-CUBE-ISPU 2.1.0
2025-09-22 10:24:34,911 [INFO] ThirdParty:967 - CMSIS Pack Vendor :STMicroelectronics X-CUBE-EEPRMA1 5.2.0
2025-09-22 10:24:34,911 [INFO] ThirdParty:967 - CMSIS Pack Vendor :STMicroelectronics X-CUBE-AZRTOS-WB 2.0.0
2025-09-22 10:24:34,911 [INFO] ThirdParty:967 - CMSIS Pack Vendor :STMicroelectronics X-CUBE-GNSS1 7.0.1
2025-09-22 10:24:34,911 [INFO] ThirdParty:967 - CMSIS Pack Vendor :STMicroelectronics X-CUBE-NFC12 1.0.0
2025-09-22 10:24:34,911 [INFO] ThirdParty:967 - CMSIS Pack Vendor :STMicroelectronics X-CUBE-AZRTOS-F7 1.1.0
2025-09-22 10:24:34,911 [INFO] ThirdParty:967 - CMSIS Pack Vendor :STMicroelectronics X-CUBE-AZRTOS-L5 2.0.0
2025-09-22 10:24:34,911 [INFO] ThirdParty:967 - CMSIS Pack Vendor :STMicroelectronics X-CUBE-TOUCHGFX 4.25.0
2025-09-22 10:24:34,911 [INFO] ThirdParty:967 - CMSIS Pack Vendor :STMicroelectronics USB_DEVICE 2.0.0
2025-09-22 10:24:34,911 [INFO] ThirdParty:967 - CMSIS Pack Vendor :STMicroelectronics X-CUBE-NFC6 3.1.0
2025-09-22 10:24:34,911 [INFO] ThirdParty:967 - CMSIS Pack Vendor :STMicroelectronics FreeRTOS 0.0.1
2025-09-22 10:24:34,911 [INFO] ThirdParty:967 - CMSIS Pack Vendor :STMicroelectronics X-CUBE-AZRTOS-G0 1.1.0
2025-09-22 10:24:34,911 [INFO] ThirdParty:967 - CMSIS Pack Vendor :STMicroelectronics X-CUBE-SAFEA1 1.2.2
2025-09-22 10:24:34,911 [INFO] ThirdParty:967 - CMSIS Pack Vendor :STMicroelectronics X-CUBE-NFC4 3.0.0
2025-09-22 10:24:34,911 [INFO] ThirdParty:967 - CMSIS Pack Vendor :STMicroelectronics X-CUBE-SUBG2 5.0.0
2025-09-22 10:24:34,911 [INFO] ThirdParty:967 - CMSIS Pack Vendor :STMicroelectronics X-CUBE-AZRTOS-H7RS 1.1.0
2025-09-22 10:24:34,911 [INFO] ThirdParty:967 - CMSIS Pack Vendor :STMicroelectronics lwIP 2.0.3
2025-09-22 10:24:34,911 [INFO] ThirdParty:967 - CMSIS Pack Vendor :STMicroelectronics USB_HOST 1.0.0
2025-09-22 10:24:34,911 [INFO] ThirdParty:967 - CMSIS Pack Vendor :STMicroelectronics X-CUBE-AZRTOS-G4 2.0.0
2025-09-22 10:24:34,911 [INFO] ThirdParty:967 - CMSIS Pack Vendor :STMicroelectronics X-CUBE-WB05N 2.0.0
2025-09-22 10:24:34,911 [INFO] ThirdParty:967 - CMSIS Pack Vendor :STMicroelectronics PDM2PCM 3.1.0
2025-09-22 10:24:34,912 [INFO] ThirdParty:967 - CMSIS Pack Vendor :STMicroelectronics PDM2PCM 3.3.0
2025-09-22 10:24:34,912 [INFO] ThirdParty:967 - CMSIS Pack Vendor :wolfSSL I-CUBE-wolfTPM 3.8.0
2025-09-22 10:24:34,912 [INFO] ThirdParty:967 - CMSIS Pack Vendor :STMicroelectronics X-CUBE-AZRTOS-H7 3.4.0
2025-09-22 10:24:34,912 [INFO] ThirdParty:967 - CMSIS Pack Vendor :wolfSSL I-CUBE-wolfSSH 1.4.20
2025-09-22 10:24:34,912 [INFO] ThirdParty:967 - CMSIS Pack Vendor :STMicroelectronics X-CUBE-NFC7 2.0.0
2025-09-22 10:24:34,912 [INFO] ThirdParty:967 - CMSIS Pack Vendor :STMicroelectronics FP-ATR-SIGFOX1 3.2.0
2025-09-22 10:24:34,912 [INFO] ThirdParty:967 - CMSIS Pack Vendor :STMicroelectronics X-CUBE-NFC10 1.0.0
2025-09-22 10:24:34,912 [INFO] ThirdParty:967 - CMSIS Pack Vendor :STMicroelectronics HAL Drivers 0.0.0
2025-09-22 10:24:34,912 [INFO] ThirdParty:967 - CMSIS Pack Vendor :STMicroelectronics MBEDTLS 2.16.2
2025-09-22 10:24:34,912 [INFO] ThirdParty:967 - CMSIS Pack Vendor :STMicroelectronics MBEDTLS 2.14.1
2025-09-22 10:24:34,912 [INFO] ThirdParty:967 - CMSIS Pack Vendor :STMicroelectronics X-CUBE-STSE01 1.0.0
2025-09-22 10:24:34,912 [INFO] ThirdParty:967 - CMSIS Pack Vendor :portGmbH I-Cube-SoM-uGOAL 1.1.0
2025-09-22 10:24:34,912 [INFO] ThirdParty:967 - CMSIS Pack Vendor :STMicroelectronics X-CUBE-AI 10.2.0
2025-09-22 10:24:34,912 [INFO] ThirdParty:967 - CMSIS Pack Vendor :STMicroelectronics X-CUBE-AZRTOS-WL 2.0.0
2025-09-22 10:24:34,912 [INFO] ThirdParty:967 - CMSIS Pack Vendor :SEGGER I-CUBE-embOS 1.3.1
2025-09-22 10:24:34,913 [INFO] ThirdParty:967 - CMSIS Pack Vendor :STMicroelectronics X-CUBE-ALGOBUILD 1.4.0
2025-09-22 10:24:34,913 [INFO] ThirdParty:967 - CMSIS Pack Vendor :STMicroelectronics X-CUBE-MEMS1 11.3.0
2025-09-22 10:24:34,913 [INFO] ThirdParty:967 - CMSIS Pack Vendor :STMicroelectronics USB_DEVICE 1.0.0
2025-09-22 10:24:34,913 [INFO] ThirdParty:967 - CMSIS Pack Vendor :STMicroelectronics X-CUBE-AZRTOS-L4 2.0.0
2025-09-22 10:24:34,913 [INFO] ThirdParty:967 - CMSIS Pack Vendor :STMicroelectronics ThreadX 0.0.2
2025-09-22 10:24:34,913 [INFO] ThirdParty:967 - CMSIS Pack Vendor :STMicroelectronics lwIP 2.1.2
2025-09-22 10:24:34,913 [INFO] ThirdParty:967 - CMSIS Pack Vendor :STMicroelectronics X-CUBE-SFXS2LP1 4.0.0
2025-09-22 10:24:34,913 [INFO] ThirdParty:967 - CMSIS Pack Vendor :STMicroelectronics X-CUBE-BLE2 3.3.0
2025-09-22 10:24:34,913 [INFO] ThirdParty:967 - CMSIS Pack Vendor :STMicroelectronics PDM2PCM 3.2.0
2025-09-22 10:24:34,913 [INFO] ThirdParty:787 - exiting critical section [change project]
2025-09-22 10:24:35,227 [INFO] PinOutPanel:1463 - setPackage(No Configuration,No Configuration)
2025-09-22 10:24:35,229 [INFO] PinOutPanel:1463 - setPackage(STM32F103C6Ux,UFQFPN48)
2025-09-22 10:24:35,995 [INFO] UtilMem:74 - Before build in PCC Used Memory: 439831040 Bytes (611319808)
2025-09-22 10:24:37,306 [INFO] UtilMem:74 - After build in PCC Used Memory: 521097728 Bytes (611319808)
2025-09-22 10:24:37,332 [INFO] IPUIPlugin:74 - create IPUIPlugin
2025-09-22 10:24:37,332 [INFO] IPUIPlugin:74 - create IPUIPlugin
2025-09-22 10:24:37,332 [INFO] IPUIPlugin:74 - create IPUIPlugin
2025-09-22 10:24:37,332 [INFO] IPUIPlugin:74 - create IPUIPlugin
2025-09-22 10:24:37,332 [INFO] IPUIPlugin:74 - create IPUIPlugin
2025-09-22 10:24:37,332 [INFO] IPUIPlugin:74 - create IPUIPlugin
2025-09-22 10:24:37,333 [INFO] IPUIPlugin:74 - create IPUIPlugin
2025-09-22 10:24:37,333 [INFO] IPUIPlugin:74 - create IPUIPlugin
2025-09-22 10:24:37,333 [INFO] IPUIPlugin:74 - create IPUIPlugin
2025-09-22 10:24:37,333 [INFO] IPUIPlugin:74 - create IPUIPlugin
2025-09-22 10:24:37,333 [INFO] IPUIPlugin:74 - create IPUIPlugin
2025-09-22 10:24:37,334 [INFO] IPUIPlugin:74 - create IPUIPlugin
2025-09-22 10:24:37,334 [INFO] IPUIPlugin:74 - create IPUIPlugin
2025-09-22 10:24:37,334 [INFO] IPUIPlugin:74 - create IPUIPlugin
2025-09-22 10:24:37,335 [INFO] IPUIPlugin:74 - create IPUIPlugin
2025-09-22 10:24:37,335 [INFO] IPUIPlugin:74 - create IPUIPlugin
2025-09-22 10:24:37,336 [INFO] IPUIPlugin:74 - create IPUIPlugin
2025-09-22 10:24:37,336 [INFO] IPUIPlugin:74 - create IPUIPlugin
2025-09-22 10:24:37,336 [INFO] IPUIPlugin:74 - create IPUIPlugin
2025-09-22 10:24:37,337 [INFO] IPUIPlugin:74 - create IPUIPlugin
2025-09-22 10:24:37,338 [INFO] IPUIPlugin:74 - create IPUIPlugin
2025-09-22 10:24:37,338 [INFO] IPUIPlugin:74 - create IPUIPlugin
2025-09-22 10:24:37,339 [INFO] IPUIPlugin:74 - create IPUIPlugin
2025-09-22 10:24:37,531 [INFO] OpenFileManager:333 - Restore cursor
2025-09-22 10:24:37,919 [INFO] UtilMem:74 - End SaveConfig() Used Memory: 432028160 Bytes (611319808)
2025-09-22 10:24:38,021 [INFO] UtilMem:74 - End SaveConfig() Used Memory: 442513920 Bytes (611319808)
2025-09-22 10:24:38,384 [INFO] BlockDiagram:2740 - set Specific Code input for plugin: NVIC
2025-09-22 10:24:38,384 [INFO] BlockDiagram:2740 - set Specific Code input for plugin: SYS
2025-09-22 10:24:38,384 [INFO] BlockDiagram:2740 - set Specific Code input for plugin: GPIO
2025-09-22 10:24:38,384 [INFO] BlockDiagram:2740 - set Specific Code input for plugin: RCC
2025-09-22 10:24:38,384 [INFO] BlockDiagram:2740 - set Specific Code input for plugin: TIM1_8F1
2025-09-22 10:24:38,385 [INFO] CodeGenerator:663 - code generatio: config db path: C:\ST\STM32CubeIDE_1.7.0\STM32CubeIDE\plugins\com.st.stm32cube.common.mx_6.3.0.202107141111\\db\
2025-09-22 10:24:39,143 [INFO] CodeEngine:239 - oldGeneratedFile, D:\destiny\Microprocessor_Lab\lab2\Lab2_ex8\Lab2_ex8\MXTmpFiles\license.tmp_save
2025-09-22 10:24:39,686 [INFO] CodeEngine:257 - Generated code: D:\destiny\Microprocessor_Lab\lab2\Lab2_ex8\Lab2_ex8\MXTmpFiles\license.tmp
2025-09-22 10:24:39,943 [INFO] CodeEngine:239 - oldGeneratedFile, D:\destiny\Microprocessor_Lab\lab2\Lab2_ex8\Lab2_ex8\MXTmpFiles\gpio.tmp_save
2025-09-22 10:24:40,145 [INFO] CodeEngine:257 - Generated code: D:\destiny\Microprocessor_Lab\lab2\Lab2_ex8\Lab2_ex8\MXTmpFiles\gpio.tmp
2025-09-22 10:24:40,643 [INFO] CodeEngine:239 - oldGeneratedFile, D:\destiny\Microprocessor_Lab\lab2\Lab2_ex8\Lab2_ex8\Core\Src\stm32f1xx_it.c_save
2025-09-22 10:24:40,871 [INFO] CodeEngine:257 - Generated code: D:\destiny\Microprocessor_Lab\lab2\Lab2_ex8\Lab2_ex8\Core\Src\stm32f1xx_it.c
2025-09-22 10:24:40,891 [INFO] CodeEngine:239 - oldGeneratedFile, D:\destiny\Microprocessor_Lab\lab2\Lab2_ex8\Lab2_ex8\Core\Inc\stm32f1xx_it.h_save
2025-09-22 10:24:41,025 [INFO] CodeEngine:257 - Generated code: D:\destiny\Microprocessor_Lab\lab2\Lab2_ex8\Lab2_ex8\Core\Inc\stm32f1xx_it.h
2025-09-22 10:24:41,058 [INFO] CodeEngine:239 - oldGeneratedFile, D:\destiny\Microprocessor_Lab\lab2\Lab2_ex8\Lab2_ex8\Core\Src\stm32f1xx_hal_msp.c_save
2025-09-22 10:24:41,309 [INFO] CodeEngine:257 - Generated code: D:\destiny\Microprocessor_Lab\lab2\Lab2_ex8\Lab2_ex8\Core\Src\stm32f1xx_hal_msp.c
2025-09-22 10:24:41,328 [INFO] CodeEngine:239 - oldGeneratedFile, D:\destiny\Microprocessor_Lab\lab2\Lab2_ex8\Lab2_ex8\MXTmpFiles\system.tmp_save
2025-09-22 10:24:41,439 [INFO] CodeEngine:257 - Generated code: D:\destiny\Microprocessor_Lab\lab2\Lab2_ex8\Lab2_ex8\MXTmpFiles\system.tmp
2025-09-22 10:24:41,468 [INFO] CodeEngine:239 - oldGeneratedFile, D:\destiny\Microprocessor_Lab\lab2\Lab2_ex8\Lab2_ex8\Core\Inc\stm32f1xx_hal_conf.h_save
2025-09-22 10:24:41,625 [INFO] CodeEngine:257 - Generated code: D:\destiny\Microprocessor_Lab\lab2\Lab2_ex8\Lab2_ex8\Core\Inc\stm32f1xx_hal_conf.h
2025-09-22 10:24:41,671 [WARN] IPConfigManager:3148 - IP not found : TIM
2025-09-22 10:24:41,672 [WARN] CodeGenerator:3268 - IP not found : null
2025-09-22 10:24:41,701 [INFO] CodeEngine:239 - oldGeneratedFile, D:\destiny\Microprocessor_Lab\lab2\Lab2_ex8\Lab2_ex8\Core\Inc\main.h_save
2025-09-22 10:24:41,837 [INFO] CodeEngine:257 - Generated code: D:\destiny\Microprocessor_Lab\lab2\Lab2_ex8\Lab2_ex8\Core\Inc\main.h
2025-09-22 10:24:41,857 [INFO] CodeEngine:239 - oldGeneratedFile, D:\destiny\Microprocessor_Lab\lab2\Lab2_ex8\Lab2_ex8\Core\Src\main.c_save
2025-09-22 10:24:42,056 [INFO] CodeEngine:257 - Generated code: D:\destiny\Microprocessor_Lab\lab2\Lab2_ex8\Lab2_ex8\Core\Src\main.c
2025-09-22 10:24:43,413 [INFO] ProjectBuilder:2578 - Time for Copy HAL[1] : 129mS.
2025-09-22 10:24:43,421 [INFO] ProjectBuilder:3622 - Project Generator version: 3.14.1
2025-09-22 10:24:44,399 [INFO] ConfigFileManager:1271 - The Die is : DIE412
2025-09-22 10:24:44,446 [INFO] ApiDbMcu:468 - Load IP Config File for FATFS
2025-09-22 10:24:44,514 [INFO] ApiDbMcu:468 - Load IP Config File for FREERTOS
2025-09-22 10:24:44,564 [INFO] ApiDbMcu:468 - Load IP Config File for USB_DEVICE
2025-09-22 10:24:55,387 [INFO] ProjectBuilder:3789 - Time for Generating toolchain IDE Files: 11966mS.
2025-09-22 10:24:55,388 [INFO] ProjectBuilder:2457 - Time for Copy CMSIS : 0mS.
2025-09-22 10:24:55,392 [INFO] ProjectBuilder:2457 - Time for Copy CMSIS : 0mS.
2025-09-22 10:24:56,528 [INFO] McuFinderGlobals:52 - Set McuFinderConnectedMode to true
2025-09-22 10:24:56,909 [INFO] ApiDb:276 - Save user favorites file C:\Users\hi/.stm32cubeide/favorites.mcus.txt: 0 item(s)
2025-09-22 10:24:56,910 [INFO] ApiDb:280 - User favorites MCUs=[]
2025-09-22 20:25:01,564 [INFO] Activator:177 - 


2025-09-22 20:25:01,564 [INFO] Activator:178 - !SESSION log4j initialized
2025-09-27 10:08:14,062 [INFO] Activator:177 - 


2025-09-27 10:08:14,064 [INFO] Activator:178 - !SESSION log4j initialized
2025-10-02 21:27:02,839 [INFO] Activator:177 - 


2025-10-02 21:27:02,841 [INFO] Activator:178 - !SESSION log4j initialized
2025-10-04 19:48:45,209 [INFO] Activator:177 - 


2025-10-04 19:48:45,209 [INFO] Activator:178 - !SESSION log4j initialized
2025-10-04 19:58:37,758 [INFO] Activator:177 - 


2025-10-04 19:58:37,758 [INFO] Activator:178 - !SESSION log4j initialized
2025-10-04 20:05:35,695 [INFO] Activator:177 - 


2025-10-04 20:05:35,695 [INFO] Activator:178 - !SESSION log4j initialized
