2025-09-22 20:56:25,289 [INFO] Activator:177 - 


2025-09-22 20:56:25,291 [INFO] Activator:178 - !SESSION log4j initialized
2025-09-22 20:57:13,406 [INFO] McuFinderGlobals:39 - Set McuFinder mode to 2 (CubeIDE integrated)
2025-09-22 20:57:13,611 [INFO] ApplicationProperties:181 - Using Application install path: C:\ST\STM32CubeIDE_1.7.0\STM32CubeIDE\plugins\com.st.stm32cube.common.mx_6.3.0.202107141111
2025-09-22 20:57:13,628 [INFO] DbMcusXml:74 - Set database path to: C:\ST\STM32CubeIDE_1.7.0\STM32CubeIDE\plugins\com.st.stm32cube.common.mx_6.3.0.202107141111\\db\/mcu/
2025-09-22 20:57:13,633 [INFO] DbBoardsPdsc:56 - Set plugin database path to: C:\ST\STM32CubeIDE_1.7.0\STM32CubeIDE\plugins\com.st.stm32cube.common.mx_6.3.0.202107141111\\db\/plugins/boardmanager/
2025-09-22 20:57:13,633 [INFO] DbMcus:258 - Set plugin images path to: C:\ST\STM32CubeIDE_1.7.0\STM32CubeIDE\plugins\com.st.stm32cube.common.mx_6.3.0.202107141111\\db\/plugins/mcufinder/images/
2025-09-22 20:57:13,633 [INFO] DbBoards:264 - Set plugin images path to: C:\ST\STM32CubeIDE_1.7.0\STM32CubeIDE\plugins\com.st.stm32cube.common.mx_6.3.0.202107141111\\db\/plugins/mcufinder/images/
2025-09-22 20:57:13,637 [INFO] DbExamples:333 - Set plugin images path to: C:\ST\STM32CubeIDE_1.7.0\STM32CubeIDE\plugins\com.st.stm32cube.common.mx_6.3.0.202107141111\\db\/plugins/mcufinder/images/
2025-09-22 20:57:13,648 [INFO] DbMcusAds:119 - Set database path to: C:\Users\hi\.stmcufinder\plugins\mcufinder//mcu/
2025-09-22 20:57:13,649 [INFO] DbMcusDocs:110 - Set database path to: C:\Users\hi\.stmcufinder\plugins\mcufinder//mcu/
2025-09-22 20:57:13,651 [INFO] DbMcusJson:64 - Set database path to: C:\Users\hi\.stmcufinder\plugins\mcufinder//mcu/
2025-09-22 20:57:13,652 [INFO] DbBoardsDocs:110 - Set database path to: C:\Users\hi\.stmcufinder\plugins\mcufinder//mcu/
2025-09-22 20:57:13,654 [INFO] DbBoardsJson:57 - Set database path to: C:\Users\hi\.stmcufinder\plugins\mcufinder//mcu/
2025-09-22 20:57:13,664 [INFO] CrossReferenceDbSqlite:196 - Set database path to: C:\Users\hi\.stmcufinder\plugins\mcufinder//mcu/cs/
2025-09-22 20:57:13,669 [INFO] DbExamplesSqlite:767 - Set database path to: C:\Users\hi\.stmcufinder\plugins\mcufinder//mcu/
2025-09-22 20:57:13,798 [INFO] RulesReader:57 - Compatibility file has been processed (242 Rules)
2025-09-22 20:57:13,928 [INFO] DbMcusXml:74 - Set database path to: C:\ST\STM32CubeIDE_1.7.0\STM32CubeIDE\plugins\com.st.stm32cube.common.mx_6.3.0.202107141111\\db\/mcu/
2025-09-22 20:57:13,929 [INFO] DbBoardsPdsc:56 - Set plugin database path to: C:\ST\STM32CubeIDE_1.7.0\STM32CubeIDE\plugins\com.st.stm32cube.common.mx_6.3.0.202107141111\\db\/plugins/boardmanager/
2025-09-22 20:57:13,930 [INFO] DbMcus:258 - Set plugin images path to: C:\ST\STM32CubeIDE_1.7.0\STM32CubeIDE\plugins\com.st.stm32cube.common.mx_6.3.0.202107141111\\db\/plugins/mcufinder/images/
2025-09-22 20:57:13,930 [INFO] DbBoards:264 - Set plugin images path to: C:\ST\STM32CubeIDE_1.7.0\STM32CubeIDE\plugins\com.st.stm32cube.common.mx_6.3.0.202107141111\\db\/plugins/mcufinder/images/
2025-09-22 20:57:13,930 [INFO] DbExamples:333 - Set plugin images path to: C:\ST\STM32CubeIDE_1.7.0\STM32CubeIDE\plugins\com.st.stm32cube.common.mx_6.3.0.202107141111\\db\/plugins/mcufinder/images/
2025-09-22 20:57:13,930 [WARN] DbFile:35 - Overriding database path with different value: C:\Users\hi\.stmcufinder\plugins\mcufinder/ => C:\Users\hi\.stmcufinder\plugins\mcufinder
2025-09-22 20:57:13,930 [INFO] DbMcusAds:119 - Set database path to: C:\Users\hi\.stmcufinder\plugins\mcufinder//mcu/
2025-09-22 20:57:13,930 [WARN] DbFile:35 - Overriding database path with different value: C:\Users\hi\.stmcufinder\plugins\mcufinder/ => C:\Users\hi\.stmcufinder\plugins\mcufinder
2025-09-22 20:57:13,931 [INFO] DbMcusDocs:110 - Set database path to: C:\Users\hi\.stmcufinder\plugins\mcufinder//mcu/
2025-09-22 20:57:13,931 [WARN] DbFile:35 - Overriding database path with different value: C:\Users\hi\.stmcufinder\plugins\mcufinder/ => C:\Users\hi\.stmcufinder\plugins\mcufinder
2025-09-22 20:57:13,931 [INFO] DbMcusJson:64 - Set database path to: C:\Users\hi\.stmcufinder\plugins\mcufinder//mcu/
2025-09-22 20:57:13,931 [WARN] DbFile:35 - Overriding database path with different value: C:\Users\hi\.stmcufinder\plugins\mcufinder/ => C:\Users\hi\.stmcufinder\plugins\mcufinder
2025-09-22 20:57:13,931 [INFO] DbBoardsDocs:110 - Set database path to: C:\Users\hi\.stmcufinder\plugins\mcufinder//mcu/
2025-09-22 20:57:13,931 [WARN] DbFile:35 - Overriding database path with different value: C:\Users\hi\.stmcufinder\plugins\mcufinder/ => C:\Users\hi\.stmcufinder\plugins\mcufinder
2025-09-22 20:57:13,931 [INFO] DbBoardsJson:57 - Set database path to: C:\Users\hi\.stmcufinder\plugins\mcufinder//mcu/
2025-09-22 20:57:13,932 [WARN] DbFile:35 - Overriding database path with different value: C:\Users\hi\.stmcufinder\plugins\mcufinder/ => C:\Users\hi\.stmcufinder\plugins\mcufinder
2025-09-22 20:57:13,932 [WARN] DbFile:35 - Overriding database path with different value: C:\Users\hi\.stmcufinder\plugins\mcufinder/ => C:\Users\hi\.stmcufinder\plugins\mcufinder
2025-09-22 20:57:13,932 [INFO] CrossReferenceDbSqlite:196 - Set database path to: C:\Users\hi\.stmcufinder\plugins\mcufinder//mcu/cs/
2025-09-22 20:57:13,932 [WARN] DbFile:35 - Overriding database path with different value: C:\Users\hi\.stmcufinder\plugins\mcufinder/ => C:\Users\hi\.stmcufinder\plugins\mcufinder
2025-09-22 20:57:13,932 [INFO] DbExamplesSqlite:767 - Set database path to: C:\Users\hi\.stmcufinder\plugins\mcufinder//mcu/
2025-09-22 20:57:14,026 [INFO] MainPanel:214 - HeapMemory: 268435456
2025-09-22 20:57:14,147 [INFO] DbMcusXml:74 - Set database path to: C:\ST\STM32CubeIDE_1.7.0\STM32CubeIDE\plugins\com.st.stm32cube.common.mx_6.3.0.202107141111\\db\/mcu/
2025-09-22 20:57:14,147 [INFO] DbBoardsPdsc:56 - Set plugin database path to: C:\ST\STM32CubeIDE_1.7.0\STM32CubeIDE\plugins\com.st.stm32cube.common.mx_6.3.0.202107141111\\db\/plugins/boardmanager/
2025-09-22 20:57:14,147 [INFO] DbMcus:258 - Set plugin images path to: C:\ST\STM32CubeIDE_1.7.0\STM32CubeIDE\plugins\com.st.stm32cube.common.mx_6.3.0.202107141111\\db\/plugins/mcufinder/images/
2025-09-22 20:57:14,147 [INFO] DbBoards:264 - Set plugin images path to: C:\ST\STM32CubeIDE_1.7.0\STM32CubeIDE\plugins\com.st.stm32cube.common.mx_6.3.0.202107141111\\db\/plugins/mcufinder/images/
2025-09-22 20:57:14,147 [INFO] DbExamples:333 - Set plugin images path to: C:\ST\STM32CubeIDE_1.7.0\STM32CubeIDE\plugins\com.st.stm32cube.common.mx_6.3.0.202107141111\\db\/plugins/mcufinder/images/
2025-09-22 20:57:14,148 [WARN] DbFile:35 - Overriding database path with different value: C:\Users\hi\.stmcufinder\plugins\mcufinder/ => C:\Users\hi\.stmcufinder\plugins\mcufinder
2025-09-22 20:57:14,148 [INFO] DbMcusAds:119 - Set database path to: C:\Users\hi\.stmcufinder\plugins\mcufinder//mcu/
2025-09-22 20:57:14,148 [WARN] DbFile:35 - Overriding database path with different value: C:\Users\hi\.stmcufinder\plugins\mcufinder/ => C:\Users\hi\.stmcufinder\plugins\mcufinder
2025-09-22 20:57:14,148 [INFO] DbMcusDocs:110 - Set database path to: C:\Users\hi\.stmcufinder\plugins\mcufinder//mcu/
2025-09-22 20:57:14,149 [WARN] DbFile:35 - Overriding database path with different value: C:\Users\hi\.stmcufinder\plugins\mcufinder/ => C:\Users\hi\.stmcufinder\plugins\mcufinder
2025-09-22 20:57:14,149 [INFO] DbMcusJson:64 - Set database path to: C:\Users\hi\.stmcufinder\plugins\mcufinder//mcu/
2025-09-22 20:57:14,149 [WARN] DbFile:35 - Overriding database path with different value: C:\Users\hi\.stmcufinder\plugins\mcufinder/ => C:\Users\hi\.stmcufinder\plugins\mcufinder
2025-09-22 20:57:14,149 [INFO] DbBoardsDocs:110 - Set database path to: C:\Users\hi\.stmcufinder\plugins\mcufinder//mcu/
2025-09-22 20:57:14,149 [WARN] DbFile:35 - Overriding database path with different value: C:\Users\hi\.stmcufinder\plugins\mcufinder/ => C:\Users\hi\.stmcufinder\plugins\mcufinder
2025-09-22 20:57:14,149 [INFO] DbBoardsJson:57 - Set database path to: C:\Users\hi\.stmcufinder\plugins\mcufinder//mcu/
2025-09-22 20:57:14,149 [WARN] DbFile:35 - Overriding database path with different value: C:\Users\hi\.stmcufinder\plugins\mcufinder/ => C:\Users\hi\.stmcufinder\plugins\mcufinder
2025-09-22 20:57:14,150 [WARN] DbFile:35 - Overriding database path with different value: C:\Users\hi\.stmcufinder\plugins\mcufinder/ => C:\Users\hi\.stmcufinder\plugins\mcufinder
2025-09-22 20:57:14,150 [INFO] CrossReferenceDbSqlite:196 - Set database path to: C:\Users\hi\.stmcufinder\plugins\mcufinder//mcu/cs/
2025-09-22 20:57:14,150 [WARN] DbFile:35 - Overriding database path with different value: C:\Users\hi\.stmcufinder\plugins\mcufinder/ => C:\Users\hi\.stmcufinder\plugins\mcufinder
2025-09-22 20:57:14,150 [INFO] DbExamplesSqlite:767 - Set database path to: C:\Users\hi\.stmcufinder\plugins\mcufinder//mcu/
2025-09-22 20:57:14,176 [INFO] ApplicationProperties:181 - Using Application install path: C:\ST\STM32CubeIDE_1.7.0\STM32CubeIDE\plugins\com.st.stm32cube.common.mx_6.3.0.202107141111
2025-09-22 20:57:14,177 [INFO] PluginManage:188 - Search for loadable plugins [exclusion list=, ]
2025-09-22 20:57:14,179 [INFO] PluginManage:302 - Check plugin analytics
2025-09-22 20:57:18,925 [INFO] AnalyticsPlugin:257 - Accepted Software Licenses: 
2025-09-22 20:57:18,926 [INFO] AnalyticsPlugin:259 - Accepted CMSIS Pack Licenses: 
2025-09-22 20:57:18,926 [INFO] AnalyticsPlugin:261 - Accepted Firmware Licenses: 
2025-09-22 20:57:18,927 [INFO] PluginManage:352 - Loaded plugin analytics (category:tool,tabindex:-1)
2025-09-22 20:57:18,928 [INFO] PluginManage:302 - Check plugin clock
2025-09-22 20:57:18,953 [INFO] PluginManage:352 - Loaded plugin clock (category:base,tabindex:2)
2025-09-22 20:57:18,953 [INFO] PluginManage:302 - Check plugin ddr
2025-09-22 20:57:18,956 [INFO] PluginManage:352 - Loaded plugin ddr (category:tool,tabindex:6)
2025-09-22 20:57:18,956 [INFO] PluginManage:302 - Check plugin filemanager
2025-09-22 20:57:19,126 [INFO] PluginManage:352 - Loaded plugin filemanager (category:base,tabindex:10)
2025-09-22 20:57:19,126 [INFO] PluginManage:302 - Check plugin ipmanager
2025-09-22 20:57:19,138 [INFO] PluginManage:352 - Loaded plugin ipmanager (category:base,tabindex:5)
2025-09-22 20:57:19,139 [INFO] PluginManage:302 - Check plugin pinoutandconfiguration
2025-09-22 20:57:19,154 [INFO] PluginManage:352 - Loaded plugin pinoutandconfiguration (category:base,tabindex:1)
2025-09-22 20:57:19,154 [INFO] PluginManage:302 - Check plugin pinoutconfig
2025-09-22 20:57:19,201 [INFO] PluginManage:352 - Loaded plugin pinoutconfig (category:base,tabindex:0)
2025-09-22 20:57:19,201 [INFO] PluginManage:302 - Check plugin power
2025-09-22 20:57:19,221 [INFO] PluginManage:352 - Loaded plugin power (category:power,tabindex:4)
2025-09-22 20:57:19,221 [INFO] PluginManage:302 - Check plugin projectmanager
2025-09-22 20:57:19,244 [INFO] PluginManage:352 - Loaded plugin projectmanager (category:projectmanager,tabindex:3)
2025-09-22 20:57:19,246 [INFO] PluginManage:302 - Check plugin thirdparty
2025-09-22 20:57:19,426 [WARN] IntegrityCheckThread:78 - waiting for thirdparty lock release [integrity check]
2025-09-22 20:57:19,428 [INFO] IntegrityCheckThread:80 - entering critical section [integrity check]
2025-09-22 20:57:19,428 [INFO] ThirdPartyUpdaterWithRetryManager:66 - Updater plugin not ready yet. [1/15]
2025-09-22 20:57:19,428 [INFO] PluginManage:352 - Loaded plugin thirdparty (category:base,tabindex:-1)
2025-09-22 20:57:19,429 [INFO] PluginManage:302 - Check plugin tools
2025-09-22 20:57:19,437 [INFO] PluginManage:352 - Loaded plugin tools (category:base,tabindex:7)
2025-09-22 20:57:19,438 [INFO] PluginManage:302 - Check plugin tutovideos
2025-09-22 20:57:19,757 [INFO] PluginManage:352 - Loaded plugin tutovideos (category:base,tabindex:-1)
2025-09-22 20:57:19,757 [INFO] PluginManage:302 - Check plugin updater
2025-09-22 20:57:19,775 [INFO] PluginManage:352 - Loaded plugin updater (category:base,tabindex:12)
2025-09-22 20:57:19,776 [INFO] PluginManage:275 - PluginManage : Loaded plugins [13]
2025-09-22 20:57:20,041 [INFO] PinOutPanel:1463 - setPackage(No Configuration,No Configuration)
2025-09-22 20:57:20,163 [INFO] IPUIPlugin:74 - create IPUIPlugin
2025-09-22 20:57:20,163 [INFO] PluginManager:213 - loadIPPluginJar : add adc
2025-09-22 20:57:20,168 [INFO] IPUIPlugin:74 - create IPUIPlugin
2025-09-22 20:57:20,168 [INFO] PluginManager:213 - loadIPPluginJar : add aes
2025-09-22 20:57:20,172 [INFO] IPUIPlugin:74 - create IPUIPlugin
2025-09-22 20:57:20,172 [INFO] PluginManager:213 - loadIPPluginJar : add can
2025-09-22 20:57:20,174 [INFO] IPUIPlugin:74 - create IPUIPlugin
2025-09-22 20:57:20,174 [INFO] PluginManager:213 - loadIPPluginJar : add comp
2025-09-22 20:57:20,174 [INFO] IPUIPlugin:74 - create IPUIPlugin
2025-09-22 20:57:20,174 [INFO] PluginManager:213 - loadIPPluginJar : add cryp
2025-09-22 20:57:20,174 [INFO] IPUIPlugin:74 - create IPUIPlugin
2025-09-22 20:57:20,184 [INFO] PluginManager:213 - loadIPPluginJar : add dfsdm
2025-09-22 20:57:20,201 [INFO] IPUIPlugin:74 - create IPUIPlugin
2025-09-22 20:57:20,202 [INFO] PluginManager:213 - loadIPPluginJar : add dma
2025-09-22 20:57:20,206 [INFO] IPUIPlugin:74 - create IPUIPlugin
2025-09-22 20:57:20,206 [INFO] PluginManager:213 - loadIPPluginJar : add dma3
2025-09-22 20:57:20,209 [INFO] IPUIPlugin:74 - create IPUIPlugin
2025-09-22 20:57:20,209 [INFO] PluginManager:213 - loadIPPluginJar : add fatfs
2025-09-22 20:57:20,215 [INFO] IPUIPlugin:74 - create IPUIPlugin
2025-09-22 20:57:20,216 [INFO] PluginManager:213 - loadIPPluginJar : add fmc
2025-09-22 20:57:20,224 [INFO] IPUIPlugin:74 - create IPUIPlugin
2025-09-22 20:57:20,225 [INFO] PluginManager:213 - loadIPPluginJar : add freertos
2025-09-22 20:57:20,227 [INFO] IPUIPlugin:74 - create IPUIPlugin
2025-09-22 20:57:20,228 [INFO] PluginManager:213 - loadIPPluginJar : add genericplugin
2025-09-22 20:57:20,231 [INFO] IPUIPlugin:74 - create IPUIPlugin
2025-09-22 20:57:20,231 [INFO] PluginManager:213 - loadIPPluginJar : add gfxmmu
2025-09-22 20:57:20,240 [INFO] IPUIPlugin:74 - create IPUIPlugin
2025-09-22 20:57:20,240 [INFO] PluginManager:213 - loadIPPluginJar : add gic
2025-09-22 20:57:20,245 [INFO] IPUIPlugin:74 - create IPUIPlugin
2025-09-22 20:57:20,245 [INFO] PluginManager:213 - loadIPPluginJar : add gpio
2025-09-22 20:57:20,250 [INFO] IPUIPlugin:74 - create IPUIPlugin
2025-09-22 20:57:20,251 [INFO] PluginManager:213 - loadIPPluginJar : add gtzc
2025-09-22 20:57:20,254 [INFO] IPUIPlugin:74 - create IPUIPlugin
2025-09-22 20:57:20,254 [INFO] PluginManager:213 - loadIPPluginJar : add hash
2025-09-22 20:57:20,258 [INFO] IPUIPlugin:74 - create IPUIPlugin
2025-09-22 20:57:20,259 [INFO] PluginManager:213 - loadIPPluginJar : add i2c
2025-09-22 20:57:20,262 [INFO] IPUIPlugin:74 - create IPUIPlugin
2025-09-22 20:57:20,263 [INFO] PluginManager:213 - loadIPPluginJar : add i2s
2025-09-22 20:57:20,268 [INFO] IPUIPlugin:74 - create IPUIPlugin
2025-09-22 20:57:20,269 [INFO] PluginManager:213 - loadIPPluginJar : add ipddr
2025-09-22 20:57:20,277 [INFO] IPUIPlugin:74 - create IPUIPlugin
2025-09-22 20:57:20,278 [INFO] PluginManager:213 - loadIPPluginJar : add linkedlist
2025-09-22 20:57:20,282 [INFO] IPUIPlugin:74 - create IPUIPlugin
2025-09-22 20:57:20,282 [INFO] PluginManager:213 - loadIPPluginJar : add lorawan
2025-09-22 20:57:20,285 [INFO] IPUIPlugin:74 - create IPUIPlugin
2025-09-22 20:57:20,285 [INFO] PluginManager:213 - loadIPPluginJar : add ltdc
2025-09-22 20:57:20,291 [INFO] IPUIPlugin:74 - create IPUIPlugin
2025-09-22 20:57:20,292 [INFO] PluginManager:213 - loadIPPluginJar : add mdma
2025-09-22 20:57:20,297 [INFO] IPUIPlugin:74 - create IPUIPlugin
2025-09-22 20:57:20,298 [INFO] PluginManager:213 - loadIPPluginJar : add nvic
2025-09-22 20:57:20,303 [INFO] IPUIPlugin:74 - create IPUIPlugin
2025-09-22 20:57:20,303 [INFO] PluginManager:213 - loadIPPluginJar : add opamp
2025-09-22 20:57:20,307 [INFO] IPUIPlugin:74 - create IPUIPlugin
2025-09-22 20:57:20,308 [INFO] PluginManager:213 - loadIPPluginJar : add openamp
2025-09-22 20:57:20,312 [INFO] IPUIPlugin:74 - create IPUIPlugin
2025-09-22 20:57:20,312 [INFO] PluginManager:213 - loadIPPluginJar : add pdm2pcm
2025-09-22 20:57:20,322 [INFO] IPUIPlugin:74 - create IPUIPlugin
2025-09-22 20:57:20,326 [INFO] PluginManager:213 - loadIPPluginJar : add plateformsettings
2025-09-22 20:57:20,329 [INFO] IPUIPlugin:74 - create IPUIPlugin
2025-09-22 20:57:20,329 [INFO] PluginManager:213 - loadIPPluginJar : add quadspi
2025-09-22 20:57:20,335 [INFO] IPUIPlugin:74 - create IPUIPlugin
2025-09-22 20:57:20,336 [INFO] PluginManager:213 - loadIPPluginJar : add resmgrutility
2025-09-22 20:57:20,340 [INFO] IPUIPlugin:74 - create IPUIPlugin
2025-09-22 20:57:20,340 [INFO] PluginManager:213 - loadIPPluginJar : add sai
2025-09-22 20:57:20,343 [INFO] IPUIPlugin:74 - create IPUIPlugin
2025-09-22 20:57:20,343 [INFO] PluginManager:213 - loadIPPluginJar : add spi
2025-09-22 20:57:20,351 [INFO] IPUIPlugin:74 - create IPUIPlugin
2025-09-22 20:57:20,351 [INFO] PluginManager:213 - loadIPPluginJar : add stm32_wpan
2025-09-22 20:57:20,353 [INFO] IPUIPlugin:74 - create IPUIPlugin
2025-09-22 20:57:20,354 [INFO] PluginManager:213 - loadIPPluginJar : add tim
2025-09-22 20:57:20,358 [INFO] IPUIPlugin:74 - create IPUIPlugin
2025-09-22 20:57:20,359 [INFO] PluginManager:213 - loadIPPluginJar : add touchsensing
2025-09-22 20:57:20,361 [INFO] IPUIPlugin:74 - create IPUIPlugin
2025-09-22 20:57:20,362 [INFO] PluginManager:213 - loadIPPluginJar : add tracer_emb
2025-09-22 20:57:20,365 [INFO] IPUIPlugin:74 - create IPUIPlugin
2025-09-22 20:57:20,365 [INFO] PluginManager:213 - loadIPPluginJar : add ts
2025-09-22 20:57:20,368 [INFO] IPUIPlugin:74 - create IPUIPlugin
2025-09-22 20:57:20,368 [INFO] PluginManager:213 - loadIPPluginJar : add tsc
2025-09-22 20:57:20,371 [INFO] IPUIPlugin:74 - create IPUIPlugin
2025-09-22 20:57:20,371 [INFO] PluginManager:213 - loadIPPluginJar : add ucpd
2025-09-22 20:57:20,376 [INFO] IPUIPlugin:74 - create IPUIPlugin
2025-09-22 20:57:20,376 [INFO] PluginManager:213 - loadIPPluginJar : add usart
2025-09-22 20:57:20,380 [INFO] IPUIPlugin:74 - create IPUIPlugin
2025-09-22 20:57:20,380 [INFO] PluginManager:213 - loadIPPluginJar : add usbx
2025-09-22 20:57:20,819 [FATAL] Updater:294 - Updater called before beeing initialized
2025-09-22 20:57:20,975 [FATAL] Updater:294 - Updater called before beeing initialized
2025-09-22 20:57:20,982 [INFO] DbMcusAds:47 - JSON generation date=Tue Jul 08 15:14:23 ICT 2025 (1751962463524)
2025-09-22 20:57:20,982 [FATAL] Updater:294 - Updater called before beeing initialized
2025-09-22 20:57:21,033 [WARN] DetailPanel:314 - Failed to get advertising image, set to default
2025-09-22 20:57:21,203 [FATAL] Updater:294 - Updater called before beeing initialized
2025-09-22 20:57:21,205 [FATAL] Updater:294 - Updater called before beeing initialized
2025-09-22 20:57:21,206 [FATAL] Updater:294 - Updater called before beeing initialized
2025-09-22 20:57:21,206 [WARN] DetailPanel:314 - Failed to get advertising image, set to default
2025-09-22 20:57:21,208 [FATAL] Updater:294 - Updater called before beeing initialized
2025-09-22 20:57:21,313 [ERROR] Updater:1075 - MainUpdater not yet initialized. External WinMGr cannot be set.
2025-09-22 20:57:21,317 [INFO] Updater:1012 - Updater Version found : 6.3.0
2025-09-22 20:57:21,348 [INFO] ApplicationProperties:181 - Using Application install path: C:\ST\STM32CubeIDE_1.7.0\STM32CubeIDE\plugins\com.st.stm32cube.common.mx_6.3.0.202107141111
2025-09-22 20:57:22,429 [INFO] ThirdPartyUpdaterWithRetryManager:66 - Updater plugin not ready yet. [2/15]
2025-09-22 20:57:22,716 [INFO] MainUpdater:2671 - connection check result : 10
2025-09-22 20:57:22,717 [INFO] MainUpdater:265 - Updater Check For Update Now.
2025-09-22 20:57:22,718 [INFO] MicroXplorer:478 - Change Database Version : DB.6.0.30
2025-09-22 20:57:22,932 [INFO] CheckServerUpdateThread:112 - End of CheckServer Thread
2025-09-22 20:57:22,961 [INFO] MainUpdater:2671 - connection check result : 10
2025-09-22 20:57:23,264 [INFO] McuFinderGlobals:52 - Set McuFinderConnectedMode to false
2025-09-22 20:57:23,415 [INFO] CrossSelectorPresenter:1330 - Cross Selector saved comparison directory: C:\Users\hi\.stmcufinder\plugins\mcufinder\mcu\cs_comparisons_mx
2025-09-22 20:57:23,424 [INFO] MultiScanPanel:197 - Auto-refresh data requested => check proxy status ongoing
2025-09-22 20:57:23,424 [INFO] MultiScanPanel:201 - Proxy status is invalid
2025-09-22 20:57:23,432 [INFO] FinderPluginLoader:87 - Searching for filters in installed packs
2025-09-22 20:57:23,434 [INFO] DbMcusXml:100 - Load MCU database from C:\ST\STM32CubeIDE_1.7.0\STM32CubeIDE\plugins\com.st.stm32cube.common.mx_6.3.0.202107141111\\db\/mcu/families.xml
2025-09-22 20:57:25,075 [INFO] DbMcusJson:93 - JSON generation date=Tue Nov 16 23:17:54 ICT 2021 (1637079474)
2025-09-22 20:57:25,870 [ERROR] Engine:463 - C:\Users\hi\.stm32cubemx\thirdparties\pdsc\STMicroelectronics.FP-SNS-MOTENVWB1.1.4.0.pdsc: PDSC version is not supported
2025-09-22 20:57:25,951 [WARN] PackLoader:238 - Cannot read IP mode file for STMicroelectronics.FP-ATR-ASTRA1.2.0.2
2025-09-22 20:57:25,963 [ERROR] Engine:463 - C:\Users\hi\.stm32cubemx\thirdparties\pdsc\STMicroelectronics.X-CUBE-SMBUS.2.1.0.pdsc: PDSC version is not supported
2025-09-22 20:57:25,968 [ERROR] Engine:463 - C:\Users\hi\.stm32cubemx\thirdparties\pdsc\STMicroelectronics.X-CUBE-ST60.1.0.0.pdsc: PDSC version is not supported
2025-09-22 20:57:26,037 [WARN] PackLoader:238 - Cannot read IP mode file for STMicroelectronics.X-CUBE-AZRTOS-F7.1.1.0
2025-09-22 20:57:26,059 [ERROR] Engine:463 - C:\Users\hi\.stm32cubemx\thirdparties\pdsc\WES.I-CUBE-Cesium.1.4.0.pdsc: PDSC version is not supported
2025-09-22 20:57:26,084 [ERROR] Engine:463 - C:\Users\hi\.stm32cubemx\thirdparties\pdsc\Infineon.AIROC-Wi-Fi-Bluetooth-STM32.1.7.1.pdsc: PDSC version is not supported
2025-09-22 20:57:26,178 [WARN] PackLoader:238 - Cannot read IP mode file for STMicroelectronics.X-CUBE-AZRTOS-H7.3.4.0
2025-09-22 20:57:26,194 [ERROR] Engine:463 - C:\Users\hi\.stm32cubemx\thirdparties\pdsc\STMicroelectronics.X-CUBE-DISPLAY.3.0.0.pdsc: PDSC version is not supported
2025-09-22 20:57:26,209 [WARN] PackLoader:238 - Cannot read IP mode file for STMicroelectronics.X-CUBE-NFC10.1.0.0
2025-09-22 20:57:26,218 [ERROR] Engine:463 - C:\Users\hi\.stm32cubemx\thirdparties\pdsc\emotas.I-CUBE-CANOPEN.1.3.0.pdsc: PDSC version is not supported
2025-09-22 20:57:26,224 [ERROR] Engine:463 - C:\Users\hi\.stm32cubemx\thirdparties\pdsc\STMicroelectronics.FP-SNS-STBOX1.2.1.0.pdsc: PDSC version is not supported
2025-09-22 20:57:26,228 [ERROR] Engine:463 - C:\Users\hi\.stm32cubemx\thirdparties\pdsc\STMicroelectronics.FP-SNS-SMARTAG2.1.2.0.pdsc: PDSC version is not supported
2025-09-22 20:57:26,231 [ERROR] Engine:463 - C:\Users\hi\.stm32cubemx\thirdparties\pdsc\STMicroelectronics.FP-SNS-FLIGHT1.5.1.0.pdsc: PDSC version is not supported
2025-09-22 20:57:26,250 [INFO] LogOutputStream:76 - [STDOUT_REDIRECT] 1 : Invalid condition id : UX_CORESTACK_Condition cause : null
2025-09-22 20:57:26,253 [INFO] LogOutputStream:76 - [STDOUT_REDIRECT] 1 : Invalid condition id : UX_CORESTACK_Condition cause : null
2025-09-22 20:57:26,256 [INFO] LogOutputStream:76 - [STDOUT_REDIRECT] 1 : Invalid condition id : UX_CORESTACK_Condition cause : null
2025-09-22 20:57:26,258 [INFO] LogOutputStream:76 - [STDOUT_REDIRECT] 1 : Invalid condition id : UX_CORESTACK_Condition cause : null
2025-09-22 20:57:26,260 [INFO] LogOutputStream:76 - [STDOUT_REDIRECT] 1 : Invalid condition id : UX_CORESTACK_Condition cause : null
2025-09-22 20:57:26,267 [WARN] PackLoader:238 - Cannot read IP mode file for STMicroelectronics.X-CUBE-AZRTOS-WL.2.0.0
2025-09-22 20:57:26,291 [ERROR] Engine:463 - C:\Users\hi\.stm32cubemx\thirdparties\pdsc\STMicroelectronics.FP-SNS-MOTENV1.5.0.0.pdsc: PDSC version is not supported
2025-09-22 20:57:26,307 [WARN] PackLoader:238 - Cannot read IP mode file for STMicroelectronics.X-CUBE-BLE2.3.3.0
2025-09-22 20:57:26,316 [WARN] PackLoader:238 - Cannot read IP mode file for STMicroelectronics.X-CUBE-NFC9.1.0.0
2025-09-22 20:57:26,329 [WARN] PackLoader:238 - Cannot read IP mode file for wolfSSL.I-CUBE-wolfSSL.5.8.2
2025-09-22 20:57:26,339 [WARN] PackLoader:238 - Cannot read IP mode file for STMicroelectronics.X-CUBE-BLE1.7.1.0
2025-09-22 20:57:26,346 [WARN] PackLoader:238 - Cannot read IP mode file for wolfSSL.I-CUBE-wolfMQTT.1.19.2
2025-09-22 20:57:26,360 [WARN] PackLoader:238 - Cannot read IP mode file for STMicroelectronics.X-CUBE-EEPRMA1.5.2.0
2025-09-22 20:57:26,407 [WARN] PackLoader:238 - Cannot read IP mode file for STMicroelectronics.X-CUBE-AZRTOS-G0.1.1.0
2025-09-22 20:57:26,421 [WARN] PackLoader:238 - Cannot read IP mode file for STMicroelectronics.X-CUBE-SAFEA1.1.2.2
2025-09-22 20:57:26,446 [WARN] PackLoader:238 - Cannot read IP mode file for STMicroelectronics.X-CUBE-NFC4.3.0.0
2025-09-22 20:57:26,455 [ERROR] Engine:463 - C:\Users\hi\.stm32cubemx\thirdparties\pdsc\EmbeddedOffice.I-CUBE-FS-RTOS.1.0.1.pdsc: PDSC version is not supported
2025-09-22 20:57:26,467 [WARN] PackLoader:238 - Cannot read IP mode file for STMicroelectronics.X-CUBE-WB05N.2.0.0
2025-09-22 20:57:26,476 [WARN] PackLoader:238 - Cannot read IP mode file for wolfSSL.I-CUBE-wolfTPM.3.8.0
2025-09-22 20:57:26,529 [ERROR] Engine:463 - C:\Users\hi\.stm32cubemx\thirdparties\pdsc\STMicroelectronics.X-CUBE-TCPP.4.2.0.pdsc: PDSC version is not supported
2025-09-22 20:57:26,534 [ERROR] Engine:463 - C:\Users\hi\.stm32cubemx\thirdparties\pdsc\RealThread.X-CUBE-RT-Thread_Nano.4.1.1.pdsc: PDSC version is not supported
2025-09-22 20:57:26,542 [WARN] PackLoader:238 - Cannot read IP mode file for STMicroelectronics.FP-ATR-SIGFOX1.3.2.0
2025-09-22 20:57:26,550 [ERROR] Engine:463 - C:\Users\hi\.stm32cubemx\thirdparties\pdsc\ITTIA_DB.I-CUBE-ITTIADB.8.9.0.pdsc: PDSC version is not supported
2025-09-22 20:57:26,553 [ERROR] Engine:463 - C:\Users\hi\.stm32cubemx\thirdparties\pdsc\STMicroelectronics.X-CUBE-ST67W61.1.0.0.pdsc: PDSC version is not supported
2025-09-22 20:57:26,559 [WARN] PackLoader:238 - Cannot read IP mode file for STMicroelectronics.X-CUBE-AI.10.2.0
2025-09-22 20:57:26,628 [WARN] PackLoader:238 - Cannot read IP mode file for SEGGER.I-CUBE-embOS.1.3.1
2025-09-22 20:57:26,691 [INFO] DbMcus:175 - Found 1951 MCUs (1903 are supported by CubeMX, 1914 are visible in CubeMX)
2025-09-22 20:57:26,695 [INFO] ApiDb:251 - Load user favorites file C:\Users\hi/.stm32cubeide/favorites.mcus.txt: 0 item(s)
2025-09-22 20:57:26,695 [INFO] ApiDb:255 - User favorites MCUs=[]
2025-09-22 20:57:26,695 [INFO] DbMcus:187 - Set 0 / 0 favorites MCUs
2025-09-22 20:57:26,748 [WARN] PackLoader:238 - Cannot read IP mode file for STMicroelectronics.X-CUBE-ALGOBUILD.1.4.0
2025-09-22 20:57:26,927 [WARN] PackLoader:238 - Cannot read IP mode file for STMicroelectronics.X-CUBE-MEMS1.11.3.0
2025-09-22 20:57:27,498 [WARN] PackLoader:238 - Cannot read IP mode file for STMicroelectronics.X-CUBE-PM33A1.1.0.0
2025-09-22 20:57:27,547 [WARN] PackLoader:238 - Cannot read IP mode file for STMicroelectronics.X-CUBE-AZRTOS-F4.1.1.0
2025-09-22 20:57:27,555 [ERROR] Engine:463 - C:\Users\hi\.stm32cubemx\thirdparties\pdsc\Avnet-IotConnect.X-CUBE-IoTC-DA16k-PMOD.1.0.0.pdsc: PDSC version is not supported
2025-09-22 20:57:27,561 [WARN] PackLoader:238 - Cannot read IP mode file for STMicroelectronics.X-CUBE-ISPU.2.1.0
2025-09-22 20:57:27,583 [WARN] PackLoader:238 - Cannot read IP mode file for STMicroelectronics.X-CUBE-NFC12.1.0.0
2025-09-22 20:57:27,615 [WARN] PackLoader:238 - Cannot read IP mode file for STMicroelectronics.X-CUBE-AZRTOS-L5.2.0.0
2025-09-22 20:57:27,630 [WARN] PackLoader:238 - Cannot read IP mode file for STMicroelectronics.X-CUBE-NFC6.3.1.0
2025-09-22 20:57:27,637 [ERROR] Engine:463 - C:\Users\hi\.stm32cubemx\thirdparties\pdsc\STMicroelectronics.X-CUBE-FREERTOS.1.3.1.pdsc: PDSC version is not supported
2025-09-22 20:57:27,640 [ERROR] Engine:463 - C:\Users\hi\.stm32cubemx\thirdparties\pdsc\STMicroelectronics.FP-SNS-STAIOTCFT.1.0.0.pdsc: PDSC version is not supported
2025-09-22 20:57:27,643 [ERROR] Engine:463 - C:\Users\hi\.stm32cubemx\thirdparties\pdsc\STMicroelectronics.X-CUBE-DPower.1.3.0.pdsc: PDSC version is not supported
2025-09-22 20:57:27,672 [WARN] ConditionMgr:437 - getConditionDescription Invalid condition id : LAN8742 Phy interface Condition cause : null
2025-09-22 20:57:27,673 [WARN] PackLoader:238 - Cannot read IP mode file for STMicroelectronics.X-CUBE-AZRTOS-L4.2.0.0
2025-09-22 20:57:27,675 [WARN] ConditionMgr:1038 - genDependencies : Invalid condition id : LAN8742 Phy interface Condition cause : null
2025-09-22 20:57:27,675 [WARN] ConditionMgr:1038 - genDependencies : Invalid condition id : LAN8742 Phy interface Condition cause : null
2025-09-22 20:57:27,677 [WARN] ConditionMgr:1038 - genDependencies : Invalid condition id : LAN8742 Phy interface Condition cause : null
2025-09-22 20:57:27,688 [WARN] PackLoader:238 - Cannot read IP mode file for STMicroelectronics.X-CUBE-SFXS2LP1.4.0.0
2025-09-22 20:57:27,694 [ERROR] Engine:463 - C:\Users\hi\.stm32cubemx\thirdparties\pdsc\STMicroelectronics.X-CUBE-BLEMGR.4.1.0.pdsc: PDSC version is not supported
2025-09-22 20:57:27,734 [WARN] ConditionMgr:437 - getConditionDescription Invalid condition id : UX DEVICE CLASS RTOS Condition cause : null
2025-09-22 20:57:27,735 [WARN] ConditionMgr:437 - getConditionDescription Invalid condition id : UX DEVICE CLASS RTOS Condition cause : null
2025-09-22 20:57:27,739 [WARN] PackLoader:238 - Cannot read IP mode file for STMicroelectronics.X-CUBE-AZRTOS-WB.2.0.0
2025-09-22 20:57:27,741 [WARN] ConditionMgr:1038 - genDependencies : Invalid condition id : UX DEVICE CLASS RTOS Condition cause : null
2025-09-22 20:57:27,741 [WARN] ConditionMgr:1038 - genDependencies : Invalid condition id : UX DEVICE CLASS RTOS Condition cause : null
2025-09-22 20:57:27,743 [WARN] ConditionMgr:1038 - genDependencies : Invalid condition id : UX DEVICE CLASS RTOS Condition cause : null
2025-09-22 20:57:27,743 [WARN] ConditionMgr:1038 - genDependencies : Invalid condition id : UX DEVICE CLASS RTOS Condition cause : null
2025-09-22 20:57:27,743 [WARN] ConditionMgr:1038 - genDependencies : Invalid condition id : UX DEVICE CLASS RTOS Condition cause : null
2025-09-22 20:57:27,753 [WARN] PackLoader:238 - Cannot read IP mode file for STMicroelectronics.X-CUBE-GNSS1.7.0.1
2025-09-22 20:57:27,763 [WARN] PackLoader:238 - Cannot read IP mode file for STMicroelectronics.X-CUBE-TOUCHGFX.4.25.0
2025-09-22 20:57:27,766 [ERROR] Engine:463 - C:\Users\hi\.stm32cubemx\thirdparties\pdsc\quantropi.X-CUBE-qispace-sdk-base.2.1.0.pdsc: PDSC version is not supported
2025-09-22 20:57:27,787 [WARN] PackLoader:238 - Cannot read IP mode file for STMicroelectronics.X-CUBE-SUBG2.5.0.0
2025-09-22 20:57:27,853 [WARN] PackLoader:238 - Cannot read IP mode file for STMicroelectronics.X-CUBE-AZRTOS-H7RS.1.1.0
2025-09-22 20:57:27,862 [ERROR] Engine:463 - C:\Users\hi\.stm32cubemx\thirdparties\pdsc\Cesanta.I-CUBE-Mongoose.7.13.0.pdsc: PDSC version is not supported
2025-09-22 20:57:27,898 [WARN] PackLoader:238 - Cannot read IP mode file for STMicroelectronics.X-CUBE-AZRTOS-G4.2.0.0
2025-09-22 20:57:27,907 [INFO] DetailPanel:309 - Set advertising image to C:/Users/hi/STM32Cube/Repository/\en.2400x1350px.jpeg
2025-09-22 20:57:27,908 [WARN] PackLoader:238 - Cannot read IP mode file for wolfSSL.I-CUBE-wolfSSH.1.4.20
2025-09-22 20:57:27,919 [WARN] PackLoader:238 - Cannot read IP mode file for STMicroelectronics.X-CUBE-NFC7.2.0.0
2025-09-22 20:57:27,937 [ERROR] Engine:463 - C:\Users\hi\.stm32cubemx\thirdparties\pdsc\STMicroelectronics.X-CUBE-IPS.3.1.0.pdsc: PDSC version is not supported
2025-09-22 20:57:27,940 [ERROR] Engine:463 - C:\Users\hi\.stm32cubemx\thirdparties\pdsc\STMicroelectronics.X-CUBE-ALS.1.0.2.pdsc: PDSC version is not supported
2025-09-22 20:57:27,954 [WARN] PackLoader:238 - Cannot read IP mode file for STMicroelectronics.X-CUBE-STSE01.1.0.0
2025-09-22 20:57:27,971 [WARN] PackLoader:238 - Cannot read IP mode file for portGmbH.I-Cube-SoM-uGOAL.1.1.0
2025-09-22 20:57:27,986 [ERROR] Engine:463 - C:\Users\hi\.stm32cubemx\thirdparties\pdsc\STMicroelectronics.X-CUBE-TOF1.3.4.3.pdsc: PDSC version is not supported
2025-09-22 20:57:27,987 [INFO] ThirdParty:915 - Integrity check success = true
2025-09-22 20:57:27,987 [INFO] IntegrityCheckThread:94 - exiting critical section [integrity check]
2025-09-22 20:57:27,987 [INFO] IntegrityCheckThread:97 - End integrity checks thread
2025-09-22 20:57:28,821 [INFO] DbBoardsPdsc:90 - Found 25 items
2025-09-22 20:57:28,824 [INFO] DbBoardsPdsc:90 - Found 9 items
2025-09-22 20:57:28,830 [INFO] DbBoardsPdsc:90 - Found 33 items
2025-09-22 20:57:28,837 [INFO] DbBoardsPdsc:90 - Found 1 items
2025-09-22 20:57:28,853 [INFO] DbBoardsPdsc:90 - Found 48 items
2025-09-22 20:57:28,868 [INFO] DbBoardsPdsc:90 - Found 43 items
2025-09-22 20:57:28,871 [INFO] DbBoardsPdsc:90 - Found 2 items
2025-09-22 20:57:28,874 [INFO] DbBoardsPdsc:90 - Found 5 items
2025-09-22 20:57:28,882 [WARN] DbBoardsPdsc:254 - Board STM32H7B3I-DK: unknown feature type=Audio, name=, username=Audio stereo codec with Headphone Amp (CS42L51-CNZ), n=1
2025-09-22 20:57:28,882 [WARN] DbBoardsPdsc:254 - Board STM32H735G-DK: unknown feature type=Audio, name=, username=Audio stereo codec with Headphone Amp (WM8994ECS/R), n=1
2025-09-22 20:57:28,886 [WARN] DbBoardsPdsc:254 - Board STM32H7B3I-EVAL: unknown feature type=Audio, name=, username=Multi-Channel Audio Codec (CS42L51-CNZ), n=1
2025-09-22 20:57:28,886 [WARN] DbBoardsPdsc:254 - Board STM32H7B3I-EVAL: unknown feature type=Meter, name=, username=Power-metering and Temperature-monitoring with sigma-delta modulators, n=1
2025-09-22 20:57:28,887 [WARN] DbBoardsPdsc:254 - Board STM32H7B3I-EVAL: unknown feature type=Motor, name=, username=Motor Control, n=1
2025-09-22 20:57:28,888 [WARN] DbBoardsPdsc:254 - Board STM32U575I-EV: unknown feature type=joystick, name=, username=4-direction joystick with selection button, n=1
2025-09-22 20:57:28,927 [INFO] DbBoardsJson:86 - JSON generation date=Tue Nov 16 23:17:54 ICT 2021 (1637079474)
2025-09-22 20:57:28,941 [INFO] DbBoards:117 - Found 167 boards (163 are supported by CubeMX)
2025-09-22 20:57:28,953 [INFO] DbBoardsDocs:143 - JSON generation date=Tue Nov 16 23:17:54 ICT 2021 (1637079474)
2025-09-22 20:57:28,959 [INFO] DbBoardsDocs:79 - Found 209 boards documents
2025-09-22 20:57:28,960 [WARN] DbBoards:127 - board B-L475E-IOT01A2 has no document id list !
2025-09-22 20:57:28,963 [WARN] DbBoards:127 - board NUCLEO-H743ZI has no document id list !
2025-09-22 20:57:28,965 [WARN] DbBoards:127 - board NUCLEO-WL55JC2 has no document id list !
2025-09-22 20:57:28,965 [WARN] DbBoards:127 - board P-NUCLEO-WB55-Nucleo has no document id list !
2025-09-22 20:57:28,965 [WARN] DbBoards:127 - board P-NUCLEO-WB55-USBDongle has no document id list !
2025-09-22 20:57:28,965 [WARN] DbBoards:127 - board STEVAL-BFA001V1B has no document id list !
2025-09-22 20:57:28,965 [WARN] DbBoards:127 - board STEVAL-BFA001V2B has no document id list !
2025-09-22 20:57:28,965 [WARN] DbBoards:127 - board STEVAL-IDP005V1 has no document id list !
2025-09-22 20:57:28,967 [WARN] DbBoards:127 - board STEVAL-IDP005V2 has no document id list !
2025-09-22 20:57:28,968 [WARN] DbBoards:127 - board STEVAL-MKSBOX1V1 has no document id list !
2025-09-22 20:57:28,968 [WARN] DbBoards:127 - board STEVAL-STWINKT1 has no document id list !
2025-09-22 20:57:28,968 [WARN] DbBoards:127 - board STEVAL-STWINKT1B has no document id list !
2025-09-22 20:57:28,968 [WARN] DbBoards:127 - board STM32439I-EVAL2 has no document id list !
2025-09-22 20:57:28,969 [WARN] DbBoards:127 - board STM32F401C-DISCO has no document id list !
2025-09-22 20:57:28,970 [WARN] DbBoards:127 - board STM32F769I-DISC1 has no document id list !
2025-09-22 20:57:28,971 [WARN] DbBoards:127 - board STM32G474E-EVAL1 has no document id list !
2025-09-22 20:57:28,971 [WARN] DbBoards:127 - board STM32H743I-EVAL2 has no document id list !
2025-09-22 20:57:28,972 [WARN] DbBoards:127 - board STM32H747I-DISC1 has no document id list !
2025-09-22 20:57:28,972 [WARN] DbBoards:127 - board STM32H753I-EVAL2 has no document id list !
2025-09-22 20:57:28,973 [WARN] DbBoards:127 - board STM32L-DISCOVERY has no document id list !
2025-09-22 20:57:29,260 [ERROR] DbBoards:189 - Image file not found for board B-U585I-IOT02A: C:\ST\STM32CubeIDE_1.7.0\STM32CubeIDE\plugins\com.st.stm32cube.common.mx_6.3.0.202107141111\\db\/plugins/mcufinder/images/boards/B-U585I-IOT02A_small.jpg
2025-09-22 20:57:29,439 [ERROR] DbBoards:189 - Image file not found for board NUCLEO-F413ZH: C:\ST\STM32CubeIDE_1.7.0\STM32CubeIDE\plugins\com.st.stm32cube.common.mx_6.3.0.202107141111\\db\/plugins/mcufinder/images/boards/nucleo-f413zh_small.jpg
2025-09-22 20:57:29,780 [ERROR] DbBoards:189 - Image file not found for board NUCLEO-L552ZE-Q: C:\ST\STM32CubeIDE_1.7.0\STM32CubeIDE\plugins\com.st.stm32cube.common.mx_6.3.0.202107141111\\db\/plugins/mcufinder/images/boards/nucleo_l552ze_q_small.jpg
2025-09-22 20:57:29,780 [ERROR] DbBoards:189 - Image file not found for board NUCLEO-U575ZI-Q: C:\ST\STM32CubeIDE_1.7.0\STM32CubeIDE\plugins\com.st.stm32cube.common.mx_6.3.0.202107141111\\db\/plugins/mcufinder/images/boards/nucleo-u575zi-q_small.jpg
2025-09-22 20:57:29,780 [ERROR] DbBoards:189 - Image file not found for board NUCLEO-WB15CC: C:\ST\STM32CubeIDE_1.7.0\STM32CubeIDE\plugins\com.st.stm32cube.common.mx_6.3.0.202107141111\\db\/plugins/mcufinder/images/boards/nucleo-wb15cc_small.jpg
2025-09-22 20:57:29,780 [ERROR] DbBoards:189 - Image file not found for board NUCLEO-WB55RG: C:\ST\STM32CubeIDE_1.7.0\STM32CubeIDE\plugins\com.st.stm32cube.common.mx_6.3.0.202107141111\\db\/plugins/mcufinder/images/boards/nucleo-wb55rg_small.jpg
2025-09-22 20:57:31,500 [INFO] ApiDb:251 - Load user favorites file C:\Users\hi/.stm32cubeide/favorites.boards.txt: 0 item(s)
2025-09-22 20:57:31,500 [INFO] ApiDb:255 - User favorites Boards=[]
2025-09-22 20:57:31,500 [INFO] DbBoards:206 - Set 0 / 0 favorites Boards
2025-09-22 20:58:20,338 [INFO] MainUpdater:2671 - connection check result : 10
2025-09-22 20:58:20,339 [INFO] MainUpdater:2671 - connection check result : 10
2025-09-22 20:58:20,410 [INFO] MicroXplorer:448 - Change Database Path : 
2025-09-22 20:58:20,410 [INFO] MicroXplorer:478 - Change Database Version : DB.6.0.30
2025-09-22 20:58:20,412 [WARN] ThirdParty:813 - waiting for thirdparty lock release [close project]
2025-09-22 20:58:20,412 [INFO] ThirdParty:815 - entering critical section [close project]
2025-09-22 20:58:20,414 [INFO] ThirdParty:825 - exiting critical section [close project]
2025-09-22 20:58:20,420 [INFO] PinOutPanel:1463 - setPackage(No Configuration,No Configuration)
2025-09-22 20:58:20,421 [INFO] UtilMem:74 - Begin LoadConfig() Used Memory: 415757744 Bytes (574619648)
2025-09-22 20:58:20,423 [INFO] MicroXplorer:448 - Change Database Path : 
2025-09-22 20:58:20,423 [INFO] MicroXplorer:478 - Change Database Version : DB.6.0.30
2025-09-22 20:58:20,423 [INFO] OpenFileManager:313 - Change cursor
2025-09-22 20:58:21,584 [INFO] Context:592 - Trying to add GPIOservice into a context  which must be forbidden
2025-09-22 20:58:21,914 [WARN] ApiManager:304 - Cannot register API 'Board Extension:PM33A1' from pack STMicroelectronics.X-CUBE-PM33A1.1.0.0: no header file found
2025-09-22 20:58:21,919 [WARN] ApiManager:304 - Cannot register API 'Board Extension:NFC09A1' from pack STMicroelectronics.X-CUBE-NFC9.1.0.0: no header file found
2025-09-22 20:58:21,927 [WARN] ApiManager:304 - Cannot register API 'Wireless:BlueNRG-MS' from pack STMicroelectronics.X-CUBE-BLE1.7.1.0: no header file found
2025-09-22 20:58:21,930 [WARN] ApiManager:304 - Cannot register API 'Board Extension:EEPRMA2' from pack STMicroelectronics.X-CUBE-EEPRMA1.5.2.0: no header file found
2025-09-22 20:58:21,931 [WARN] ApiManager:304 - Cannot register API 'Board Extension:PGEEZ1' from pack STMicroelectronics.X-CUBE-EEPRMA1.5.2.0: no header file found
2025-09-22 20:58:21,931 [WARN] ApiManager:304 - Cannot register API 'Board Extension:EEICA1' from pack STMicroelectronics.X-CUBE-EEPRMA1.5.2.0: no header file found
2025-09-22 20:58:21,931 [WARN] ApiManager:304 - Cannot register API 'Board Part:M24' from pack STMicroelectronics.X-CUBE-EEPRMA1.5.2.0: no header file found
2025-09-22 20:58:21,931 [WARN] ApiManager:304 - Cannot register API 'Board Part:M95' from pack STMicroelectronics.X-CUBE-EEPRMA1.5.2.0: no header file found
2025-09-22 20:58:21,931 [WARN] ApiManager:304 - Cannot register API 'Board Part:M95P32' from pack STMicroelectronics.X-CUBE-EEPRMA1.5.2.0: no header file found
2025-09-22 20:58:21,931 [WARN] ApiManager:304 - Cannot register API 'Board Part:M24256E-F' from pack STMicroelectronics.X-CUBE-EEPRMA1.5.2.0: no header file found
2025-09-22 20:58:21,931 [WARN] ApiManager:304 - Cannot register API 'Board Part:M24M01E-F' from pack STMicroelectronics.X-CUBE-EEPRMA1.5.2.0: no header file found
2025-09-22 20:58:21,931 [WARN] ApiManager:304 - Cannot register API 'PGEEZ1:SPI' from pack STMicroelectronics.X-CUBE-EEPRMA1.5.2.0: no header file found
2025-09-22 20:58:21,932 [WARN] ApiManager:304 - Cannot register API 'PGEEZ1:QDSPI' from pack STMicroelectronics.X-CUBE-EEPRMA1.5.2.0: no header file found
2025-09-22 20:58:21,937 [WARN] ApiManager:304 - Cannot register API 'Board Extension:GNSS1A1' from pack STMicroelectronics.X-CUBE-GNSS1.7.0.1: no header file found
2025-09-22 20:58:21,937 [WARN] ApiManager:304 - Cannot register API 'Board Support:Custom' from pack STMicroelectronics.X-CUBE-GNSS1.7.0.1: no header file found
2025-09-22 20:58:21,937 [WARN] ApiManager:304 - Cannot register API 'Data Exchange:lib_gnss' from pack STMicroelectronics.X-CUBE-GNSS1.7.0.1: no header file found
2025-09-22 20:58:21,939 [WARN] ApiManager:304 - Cannot register API 'Board Extension:NFC12A1' from pack STMicroelectronics.X-CUBE-NFC12.1.0.0: no header file found
2025-09-22 20:58:21,951 [WARN] ApiManager:304 - Cannot register API 'Board Extension:NFC06A1' from pack STMicroelectronics.X-CUBE-NFC6.3.1.0: no header file found
2025-09-22 20:58:21,952 [WARN] ApiManager:304 - Cannot register API 'Board Extension:NFC08A1' from pack STMicroelectronics.X-CUBE-NFC6.3.1.0: no header file found
2025-09-22 20:58:21,953 [INFO] RtosManager:484 - Registered RTOS mode: class=CMSIS, group=RTOS, mode=CMSIS_V1, owner=FREERTOS
2025-09-22 20:58:21,953 [INFO] RtosManager:484 - Registered RTOS mode: class=CMSIS, group=RTOS2, mode=CMSIS_V2, owner=FREERTOS
2025-09-22 20:58:21,953 [INFO] RtosManager:484 - Registered RTOS mode: class=RTOS, group=Core, mode=CMSIS_V1, owner=FREERTOS
2025-09-22 20:58:21,954 [INFO] RtosManager:484 - Registered RTOS mode: class=RTOS, group=Core, mode=CMSIS_V2, owner=FREERTOS
2025-09-22 20:58:21,954 [WARN] ModelIntegratedComponent:181 - Missing modes for component STMicroelectronics:FreeRTOS:0.0.1:STMicroelectronics:RTOS:FreeRTOS:Core:::10.2.0:
2025-09-22 20:58:21,957 [WARN] ApiManager:304 - Cannot register API 'Board Extension:STSAFEA1' from pack STMicroelectronics.X-CUBE-SAFEA1.1.2.2: no header file found
2025-09-22 20:58:21,957 [WARN] ApiManager:304 - Cannot register API 'Board Part:STSAFEA110' from pack STMicroelectronics.X-CUBE-SAFEA1.1.2.2: no header file found
2025-09-22 20:58:21,957 [WARN] ApiManager:304 - Cannot register API 'Security:ST_Cryptolib' from pack STMicroelectronics.X-CUBE-SAFEA1.1.2.2: no header file found
2025-09-22 20:58:21,957 [WARN] ApiManager:304 - Cannot register API 'Security:MbedTLS' from pack STMicroelectronics.X-CUBE-SAFEA1.1.2.2: no header file found
2025-09-22 20:58:21,959 [WARN] ApiManager:304 - Cannot register API 'Board Extension:NFC04A1' from pack STMicroelectronics.X-CUBE-NFC4.3.0.0: no header file found
2025-09-22 20:58:21,964 [WARN] ApiManager:304 - Cannot register API 'Board Extension:S2868A1' from pack STMicroelectronics.X-CUBE-SUBG2.5.0.0: no header file found
2025-09-22 20:58:21,965 [WARN] ApiManager:304 - Cannot register API 'Board Extension:S2868A2' from pack STMicroelectronics.X-CUBE-SUBG2.5.0.0: no header file found
2025-09-22 20:58:21,965 [WARN] ApiManager:304 - Cannot register API 'Board Extension:S2915A1' from pack STMicroelectronics.X-CUBE-SUBG2.5.0.0: no header file found
2025-09-22 20:58:21,970 [WARN] ApiManager:304 - Cannot register API 'Wireless:STM32WB05N' from pack STMicroelectronics.X-CUBE-WB05N.2.0.0: no header file found
2025-09-22 20:58:21,974 [WARN] ApiManager:304 - Cannot register API 'Board Extension:NFC07A1' from pack STMicroelectronics.X-CUBE-NFC7.2.0.0: no header file found
2025-09-22 20:58:21,976 [WARN] ApiManager:304 - Cannot register API 'Board Extension:NFC10A1' from pack STMicroelectronics.X-CUBE-NFC10.1.0.0: no header file found
2025-09-22 20:58:21,978 [WARN] ModelIntegratedComponent:60 - No mode defined for component null
2025-09-22 20:58:21,978 [WARN] ModelIntegratedComponent:60 - No mode defined for component null
2025-09-22 20:58:21,978 [WARN] ModelIntegratedComponent:60 - No mode defined for component null
2025-09-22 20:58:21,978 [WARN] ModelIntegratedComponent:60 - No mode defined for component null
2025-09-22 20:58:21,979 [WARN] ModelIntegratedComponent:60 - No mode defined for component null
2025-09-22 20:58:21,979 [WARN] ModelIntegratedComponent:60 - No mode defined for component null
2025-09-22 20:58:21,979 [WARN] ModelIntegratedComponent:60 - No mode defined for component null
2025-09-22 20:58:21,979 [WARN] ModelIntegratedComponent:60 - No mode defined for component null
2025-09-22 20:58:21,979 [WARN] ModelIntegratedComponent:60 - No mode defined for component null
2025-09-22 20:58:21,979 [WARN] ModelIntegratedComponent:60 - No mode defined for component null
2025-09-22 20:58:21,979 [WARN] ModelIntegratedComponent:60 - No mode defined for component null
2025-09-22 20:58:21,979 [WARN] ModelIntegratedComponent:60 - No mode defined for component null
2025-09-22 20:58:21,979 [WARN] ModelIntegratedComponent:60 - No mode defined for component null
2025-09-22 20:58:21,979 [WARN] ModelIntegratedComponent:60 - No mode defined for component null
2025-09-22 20:58:21,980 [WARN] ModelIntegratedComponent:60 - No mode defined for component null
2025-09-22 20:58:21,980 [WARN] ModelIntegratedComponent:60 - No mode defined for component null
2025-09-22 20:58:21,980 [WARN] ModelIntegratedComponent:60 - No mode defined for component null
2025-09-22 20:58:21,980 [WARN] ModelIntegratedComponent:60 - No mode defined for component null
2025-09-22 20:58:21,980 [WARN] ModelIntegratedComponent:60 - No mode defined for component null
2025-09-22 20:58:21,980 [WARN] ModelIntegratedComponent:60 - No mode defined for component null
2025-09-22 20:58:21,980 [WARN] ModelIntegratedComponent:60 - No mode defined for component null
2025-09-22 20:58:21,980 [WARN] ModelIntegratedComponent:60 - No mode defined for component null
2025-09-22 20:58:21,980 [WARN] ModelIntegratedComponent:60 - No mode defined for component null
2025-09-22 20:58:21,980 [WARN] ModelIntegratedComponent:60 - No mode defined for component null
2025-09-22 20:58:21,980 [WARN] ModelIntegratedComponent:60 - No mode defined for component null
2025-09-22 20:58:21,981 [WARN] ModelIntegratedComponent:60 - No mode defined for component null
2025-09-22 20:58:21,981 [WARN] ModelIntegratedComponent:60 - No mode defined for component null
2025-09-22 20:58:21,981 [WARN] ModelIntegratedComponent:60 - No mode defined for component null
2025-09-22 20:58:21,981 [WARN] ModelIntegratedComponent:60 - No mode defined for component null
2025-09-22 20:58:21,981 [WARN] ModelIntegratedComponent:60 - No mode defined for component null
2025-09-22 20:58:21,981 [WARN] ModelIntegratedComponent:60 - No mode defined for component null
2025-09-22 20:58:21,983 [WARN] ApiManager:304 - Cannot register API 'Board Extension:SAFEA1' from pack STMicroelectronics.X-CUBE-STSE01.1.0.0: no header file found
2025-09-22 20:58:21,983 [WARN] ApiManager:304 - Cannot register API 'Board Extension:ESE01A1' from pack STMicroelectronics.X-CUBE-STSE01.1.0.0: no header file found
2025-09-22 20:58:21,983 [WARN] ApiManager:304 - Cannot register API 'Board Part:STSAFEA110' from pack STMicroelectronics.X-CUBE-STSE01.1.0.0: no header file found
2025-09-22 20:58:21,984 [WARN] ApiManager:304 - Cannot register API 'Board Part:STSAFEA120' from pack STMicroelectronics.X-CUBE-STSE01.1.0.0: no header file found
2025-09-22 20:58:21,984 [WARN] ApiManager:304 - Cannot register API 'Security:STM32_Cryptographic' from pack STMicroelectronics.X-CUBE-STSE01.1.0.0: no header file found
2025-09-22 20:58:21,984 [WARN] ApiManager:304 - Cannot register API 'Security:STSELib' from pack STMicroelectronics.X-CUBE-STSE01.1.0.0: no header file found
2025-09-22 20:58:22,305 [WARN] ApiManager:304 - Cannot register API 'Board Extension:IKS01A3' from pack STMicroelectronics.X-CUBE-MEMS1.11.3.0: no header file found
2025-09-22 20:58:22,305 [WARN] ApiManager:304 - Cannot register API 'Board Extension:IKS02A1' from pack STMicroelectronics.X-CUBE-MEMS1.11.3.0: no header file found
2025-09-22 20:58:22,305 [WARN] ApiManager:304 - Cannot register API 'Board Extension:IKS4A1' from pack STMicroelectronics.X-CUBE-MEMS1.11.3.0: no header file found
2025-09-22 20:58:22,320 [WARN] ApiManager:304 - Cannot register API 'Board Extension:S2868A1' from pack STMicroelectronics.X-CUBE-SFXS2LP1.4.0.0: no header file found
2025-09-22 20:58:22,320 [WARN] ApiManager:304 - Cannot register API 'Board Extension:S2868A2' from pack STMicroelectronics.X-CUBE-SFXS2LP1.4.0.0: no header file found
2025-09-22 20:58:22,320 [WARN] ApiManager:304 - Cannot register API 'Board Extension:S2915A1' from pack STMicroelectronics.X-CUBE-SFXS2LP1.4.0.0: no header file found
2025-09-22 20:58:22,321 [WARN] ApiManager:304 - Cannot register API 'Wireless:BlueNRG-2' from pack STMicroelectronics.X-CUBE-BLE2.3.3.0: no header file found
2025-09-22 20:58:25,553 [INFO] UtilMem:74 - End LoadConfig() Used Memory: 396198560 Bytes (574619648)
2025-09-22 20:58:25,555 [WARN] ThirdParty:779 - waiting for thirdparty lock release [change project]
2025-09-22 20:58:25,556 [INFO] ThirdParty:781 - entering critical section [change project]
2025-09-22 20:58:25,556 [INFO] ThirdParty:967 - CMSIS Pack Vendor :STMicroelectronics X-CUBE-PM33A1 1.0.0
2025-09-22 20:58:25,556 [INFO] ThirdParty:967 - CMSIS Pack Vendor :STMicroelectronics X-CUBE-NFC9 1.0.0
2025-09-22 20:58:25,556 [INFO] ThirdParty:967 - CMSIS Pack Vendor :STMicroelectronics USB_HOST 2.0.0
2025-09-22 20:58:25,556 [INFO] ThirdParty:967 - CMSIS Pack Vendor :STMicroelectronics X-CUBE-AZRTOS-F4 1.1.0
2025-09-22 20:58:25,556 [INFO] ThirdParty:967 - CMSIS Pack Vendor :STMicroelectronics FP-ATR-ASTRA1 2.0.2
2025-09-22 20:58:25,556 [INFO] ThirdParty:967 - CMSIS Pack Vendor :wolfSSL I-CUBE-wolfSSL 5.8.2
2025-09-22 20:58:25,557 [INFO] ThirdParty:967 - CMSIS Pack Vendor :STMicroelectronics X-CUBE-BLE1 7.1.0
2025-09-22 20:58:25,557 [INFO] ThirdParty:967 - CMSIS Pack Vendor :wolfSSL I-CUBE-wolfMQTT 1.19.2
2025-09-22 20:58:25,557 [INFO] ThirdParty:967 - CMSIS Pack Vendor :STMicroelectronics USB_DEVICE 3.0.0
2025-09-22 20:58:25,557 [INFO] ThirdParty:967 - CMSIS Pack Vendor :STMicroelectronics X-CUBE-ISPU 2.1.0
2025-09-22 20:58:25,557 [INFO] ThirdParty:967 - CMSIS Pack Vendor :STMicroelectronics X-CUBE-EEPRMA1 5.2.0
2025-09-22 20:58:25,557 [INFO] ThirdParty:967 - CMSIS Pack Vendor :STMicroelectronics X-CUBE-AZRTOS-WB 2.0.0
2025-09-22 20:58:25,557 [INFO] ThirdParty:967 - CMSIS Pack Vendor :STMicroelectronics X-CUBE-GNSS1 7.0.1
2025-09-22 20:58:25,557 [INFO] ThirdParty:967 - CMSIS Pack Vendor :STMicroelectronics X-CUBE-NFC12 1.0.0
2025-09-22 20:58:25,557 [INFO] ThirdParty:967 - CMSIS Pack Vendor :STMicroelectronics X-CUBE-AZRTOS-F7 1.1.0
2025-09-22 20:58:25,557 [INFO] ThirdParty:967 - CMSIS Pack Vendor :STMicroelectronics X-CUBE-AZRTOS-L5 2.0.0
2025-09-22 20:58:25,557 [INFO] ThirdParty:967 - CMSIS Pack Vendor :STMicroelectronics X-CUBE-TOUCHGFX 4.25.0
2025-09-22 20:58:25,557 [INFO] ThirdParty:967 - CMSIS Pack Vendor :STMicroelectronics USB_DEVICE 2.0.0
2025-09-22 20:58:25,557 [INFO] ThirdParty:967 - CMSIS Pack Vendor :STMicroelectronics X-CUBE-NFC6 3.1.0
2025-09-22 20:58:25,557 [INFO] ThirdParty:967 - CMSIS Pack Vendor :STMicroelectronics FreeRTOS 0.0.1
2025-09-22 20:58:25,558 [INFO] ThirdParty:967 - CMSIS Pack Vendor :STMicroelectronics X-CUBE-AZRTOS-G0 1.1.0
2025-09-22 20:58:25,558 [INFO] ThirdParty:967 - CMSIS Pack Vendor :STMicroelectronics X-CUBE-SAFEA1 1.2.2
2025-09-22 20:58:25,558 [INFO] ThirdParty:967 - CMSIS Pack Vendor :STMicroelectronics X-CUBE-NFC4 3.0.0
2025-09-22 20:58:25,558 [INFO] ThirdParty:967 - CMSIS Pack Vendor :STMicroelectronics X-CUBE-SUBG2 5.0.0
2025-09-22 20:58:25,558 [INFO] ThirdParty:967 - CMSIS Pack Vendor :STMicroelectronics X-CUBE-AZRTOS-H7RS 1.1.0
2025-09-22 20:58:25,558 [INFO] ThirdParty:967 - CMSIS Pack Vendor :STMicroelectronics lwIP 2.0.3
2025-09-22 20:58:25,558 [INFO] ThirdParty:967 - CMSIS Pack Vendor :STMicroelectronics USB_HOST 1.0.0
2025-09-22 20:58:25,558 [INFO] ThirdParty:967 - CMSIS Pack Vendor :STMicroelectronics X-CUBE-AZRTOS-G4 2.0.0
2025-09-22 20:58:25,558 [INFO] ThirdParty:967 - CMSIS Pack Vendor :STMicroelectronics X-CUBE-WB05N 2.0.0
2025-09-22 20:58:25,558 [INFO] ThirdParty:967 - CMSIS Pack Vendor :STMicroelectronics PDM2PCM 3.1.0
2025-09-22 20:58:25,558 [INFO] ThirdParty:967 - CMSIS Pack Vendor :STMicroelectronics PDM2PCM 3.3.0
2025-09-22 20:58:25,558 [INFO] ThirdParty:967 - CMSIS Pack Vendor :wolfSSL I-CUBE-wolfTPM 3.8.0
2025-09-22 20:58:25,558 [INFO] ThirdParty:967 - CMSIS Pack Vendor :STMicroelectronics X-CUBE-AZRTOS-H7 3.4.0
2025-09-22 20:58:25,558 [INFO] ThirdParty:967 - CMSIS Pack Vendor :wolfSSL I-CUBE-wolfSSH 1.4.20
2025-09-22 20:58:25,559 [INFO] ThirdParty:967 - CMSIS Pack Vendor :STMicroelectronics X-CUBE-NFC7 2.0.0
2025-09-22 20:58:25,559 [INFO] ThirdParty:967 - CMSIS Pack Vendor :STMicroelectronics FP-ATR-SIGFOX1 3.2.0
2025-09-22 20:58:25,559 [INFO] ThirdParty:967 - CMSIS Pack Vendor :STMicroelectronics X-CUBE-NFC10 1.0.0
2025-09-22 20:58:25,559 [INFO] ThirdParty:967 - CMSIS Pack Vendor :STMicroelectronics HAL Drivers 0.0.0
2025-09-22 20:58:25,559 [INFO] ThirdParty:967 - CMSIS Pack Vendor :STMicroelectronics MBEDTLS 2.16.2
2025-09-22 20:58:25,559 [INFO] ThirdParty:967 - CMSIS Pack Vendor :STMicroelectronics MBEDTLS 2.14.1
2025-09-22 20:58:25,559 [INFO] ThirdParty:967 - CMSIS Pack Vendor :STMicroelectronics X-CUBE-STSE01 1.0.0
2025-09-22 20:58:25,559 [INFO] ThirdParty:967 - CMSIS Pack Vendor :portGmbH I-Cube-SoM-uGOAL 1.1.0
2025-09-22 20:58:25,559 [INFO] ThirdParty:967 - CMSIS Pack Vendor :STMicroelectronics X-CUBE-AI 10.2.0
2025-09-22 20:58:25,559 [INFO] ThirdParty:967 - CMSIS Pack Vendor :STMicroelectronics X-CUBE-AZRTOS-WL 2.0.0
2025-09-22 20:58:25,559 [INFO] ThirdParty:967 - CMSIS Pack Vendor :SEGGER I-CUBE-embOS 1.3.1
2025-09-22 20:58:25,559 [INFO] ThirdParty:967 - CMSIS Pack Vendor :STMicroelectronics X-CUBE-ALGOBUILD 1.4.0
2025-09-22 20:58:25,559 [INFO] ThirdParty:967 - CMSIS Pack Vendor :STMicroelectronics X-CUBE-MEMS1 11.3.0
2025-09-22 20:58:25,559 [INFO] ThirdParty:967 - CMSIS Pack Vendor :STMicroelectronics USB_DEVICE 1.0.0
2025-09-22 20:58:25,559 [INFO] ThirdParty:967 - CMSIS Pack Vendor :STMicroelectronics X-CUBE-AZRTOS-L4 2.0.0
2025-09-22 20:58:25,560 [INFO] ThirdParty:967 - CMSIS Pack Vendor :STMicroelectronics ThreadX 0.0.2
2025-09-22 20:58:25,560 [INFO] ThirdParty:967 - CMSIS Pack Vendor :STMicroelectronics lwIP 2.1.2
2025-09-22 20:58:25,560 [INFO] ThirdParty:967 - CMSIS Pack Vendor :STMicroelectronics X-CUBE-SFXS2LP1 4.0.0
2025-09-22 20:58:25,560 [INFO] ThirdParty:967 - CMSIS Pack Vendor :STMicroelectronics X-CUBE-BLE2 3.3.0
2025-09-22 20:58:25,560 [INFO] ThirdParty:967 - CMSIS Pack Vendor :STMicroelectronics PDM2PCM 3.2.0
2025-09-22 20:58:25,560 [INFO] ThirdParty:787 - exiting critical section [change project]
2025-09-22 20:58:25,840 [INFO] PinOutPanel:1463 - setPackage(No Configuration,No Configuration)
2025-09-22 20:58:25,842 [INFO] PinOutPanel:1463 - setPackage(STM32F103C6Ux,UFQFPN48)
2025-09-22 20:58:26,421 [INFO] UtilMem:74 - Before build in PCC Used Memory: 390118912 Bytes (574619648)
2025-09-22 20:58:27,273 [INFO] UtilMem:74 - After build in PCC Used Memory: 471385600 Bytes (574619648)
2025-09-22 20:58:27,300 [INFO] IPUIPlugin:74 - create IPUIPlugin
2025-09-22 20:58:27,301 [INFO] IPUIPlugin:74 - create IPUIPlugin
2025-09-22 20:58:27,301 [INFO] IPUIPlugin:74 - create IPUIPlugin
2025-09-22 20:58:27,301 [INFO] IPUIPlugin:74 - create IPUIPlugin
2025-09-22 20:58:27,301 [INFO] IPUIPlugin:74 - create IPUIPlugin
2025-09-22 20:58:27,301 [INFO] IPUIPlugin:74 - create IPUIPlugin
2025-09-22 20:58:27,301 [INFO] IPUIPlugin:74 - create IPUIPlugin
2025-09-22 20:58:27,302 [INFO] IPUIPlugin:74 - create IPUIPlugin
2025-09-22 20:58:27,302 [INFO] IPUIPlugin:74 - create IPUIPlugin
2025-09-22 20:58:27,302 [INFO] IPUIPlugin:74 - create IPUIPlugin
2025-09-22 20:58:27,302 [INFO] IPUIPlugin:74 - create IPUIPlugin
2025-09-22 20:58:27,303 [INFO] IPUIPlugin:74 - create IPUIPlugin
2025-09-22 20:58:27,303 [INFO] IPUIPlugin:74 - create IPUIPlugin
2025-09-22 20:58:27,304 [INFO] IPUIPlugin:74 - create IPUIPlugin
2025-09-22 20:58:27,328 [INFO] IPUIPlugin:74 - create IPUIPlugin
2025-09-22 20:58:27,329 [INFO] IPUIPlugin:74 - create IPUIPlugin
2025-09-22 20:58:27,330 [INFO] IPUIPlugin:74 - create IPUIPlugin
2025-09-22 20:58:27,330 [INFO] IPUIPlugin:74 - create IPUIPlugin
2025-09-22 20:58:27,331 [INFO] IPUIPlugin:74 - create IPUIPlugin
2025-09-22 20:58:27,331 [INFO] IPUIPlugin:74 - create IPUIPlugin
2025-09-22 20:58:27,332 [INFO] IPUIPlugin:74 - create IPUIPlugin
2025-09-22 20:58:27,332 [INFO] IPUIPlugin:74 - create IPUIPlugin
2025-09-22 20:58:27,333 [INFO] IPUIPlugin:74 - create IPUIPlugin
2025-09-22 20:58:27,519 [INFO] OpenFileManager:333 - Restore cursor
2025-09-22 20:58:27,923 [INFO] UtilMem:74 - End SaveConfig() Used Memory: 446555528 Bytes (574619648)
2025-09-22 20:58:28,016 [INFO] UtilMem:74 - End SaveConfig() Used Memory: 457695560 Bytes (574619648)
2025-09-22 20:58:28,478 [INFO] BlockDiagram:2740 - set Specific Code input for plugin: NVIC
2025-09-22 20:58:28,478 [INFO] BlockDiagram:2740 - set Specific Code input for plugin: SYS
2025-09-22 20:58:28,478 [INFO] BlockDiagram:2740 - set Specific Code input for plugin: GPIO
2025-09-22 20:58:28,478 [INFO] BlockDiagram:2740 - set Specific Code input for plugin: RCC
2025-09-22 20:58:28,479 [INFO] BlockDiagram:2740 - set Specific Code input for plugin: TIM1_8F1
2025-09-22 20:58:28,479 [INFO] CodeGenerator:663 - code generatio: config db path: C:\ST\STM32CubeIDE_1.7.0\STM32CubeIDE\plugins\com.st.stm32cube.common.mx_6.3.0.202107141111\\db\
2025-09-22 20:58:29,118 [INFO] CodeEngine:239 - oldGeneratedFile, D:\destiny\Microprocessor_Lab\lab2\Lab2_ex9\Lab2_ex9\MXTmpFiles\license.tmp_save
2025-09-22 20:58:29,569 [INFO] CodeEngine:257 - Generated code: D:\destiny\Microprocessor_Lab\lab2\Lab2_ex9\Lab2_ex9\MXTmpFiles\license.tmp
2025-09-22 20:58:29,757 [INFO] CodeEngine:239 - oldGeneratedFile, D:\destiny\Microprocessor_Lab\lab2\Lab2_ex9\Lab2_ex9\MXTmpFiles\gpio.tmp_save
2025-09-22 20:58:29,962 [INFO] CodeEngine:257 - Generated code: D:\destiny\Microprocessor_Lab\lab2\Lab2_ex9\Lab2_ex9\MXTmpFiles\gpio.tmp
2025-09-22 20:58:30,320 [INFO] CodeEngine:239 - oldGeneratedFile, D:\destiny\Microprocessor_Lab\lab2\Lab2_ex9\Lab2_ex9\Core\Src\stm32f1xx_it.c_save
2025-09-22 20:58:30,578 [INFO] CodeEngine:257 - Generated code: D:\destiny\Microprocessor_Lab\lab2\Lab2_ex9\Lab2_ex9\Core\Src\stm32f1xx_it.c
2025-09-22 20:58:30,582 [INFO] CodeEngine:239 - oldGeneratedFile, D:\destiny\Microprocessor_Lab\lab2\Lab2_ex9\Lab2_ex9\Core\Inc\stm32f1xx_it.h_save
2025-09-22 20:58:30,695 [INFO] CodeEngine:257 - Generated code: D:\destiny\Microprocessor_Lab\lab2\Lab2_ex9\Lab2_ex9\Core\Inc\stm32f1xx_it.h
2025-09-22 20:58:30,708 [INFO] CodeEngine:239 - oldGeneratedFile, D:\destiny\Microprocessor_Lab\lab2\Lab2_ex9\Lab2_ex9\Core\Src\stm32f1xx_hal_msp.c_save
2025-09-22 20:58:30,928 [INFO] CodeEngine:257 - Generated code: D:\destiny\Microprocessor_Lab\lab2\Lab2_ex9\Lab2_ex9\Core\Src\stm32f1xx_hal_msp.c
2025-09-22 20:58:30,932 [INFO] CodeEngine:239 - oldGeneratedFile, D:\destiny\Microprocessor_Lab\lab2\Lab2_ex9\Lab2_ex9\MXTmpFiles\system.tmp_save
2025-09-22 20:58:31,068 [INFO] CodeEngine:257 - Generated code: D:\destiny\Microprocessor_Lab\lab2\Lab2_ex9\Lab2_ex9\MXTmpFiles\system.tmp
2025-09-22 20:58:31,077 [INFO] CodeEngine:239 - oldGeneratedFile, D:\destiny\Microprocessor_Lab\lab2\Lab2_ex9\Lab2_ex9\Core\Inc\stm32f1xx_hal_conf.h_save
2025-09-22 20:58:31,220 [INFO] CodeEngine:257 - Generated code: D:\destiny\Microprocessor_Lab\lab2\Lab2_ex9\Lab2_ex9\Core\Inc\stm32f1xx_hal_conf.h
2025-09-22 20:58:31,274 [WARN] IPConfigManager:3148 - IP not found : TIM
2025-09-22 20:58:31,276 [WARN] CodeGenerator:3268 - IP not found : null
2025-09-22 20:58:31,286 [INFO] CodeEngine:239 - oldGeneratedFile, D:\destiny\Microprocessor_Lab\lab2\Lab2_ex9\Lab2_ex9\Core\Inc\main.h_save
2025-09-22 20:58:31,462 [INFO] CodeEngine:257 - Generated code: D:\destiny\Microprocessor_Lab\lab2\Lab2_ex9\Lab2_ex9\Core\Inc\main.h
2025-09-22 20:58:31,466 [INFO] CodeEngine:239 - oldGeneratedFile, D:\destiny\Microprocessor_Lab\lab2\Lab2_ex9\Lab2_ex9\Core\Src\main.c_save
2025-09-22 20:58:31,698 [INFO] CodeEngine:257 - Generated code: D:\destiny\Microprocessor_Lab\lab2\Lab2_ex9\Lab2_ex9\Core\Src\main.c
2025-09-22 20:58:33,178 [INFO] ProjectBuilder:2578 - Time for Copy HAL[1] : 103mS.
2025-09-22 20:58:33,187 [INFO] ProjectBuilder:3622 - Project Generator version: 3.14.1
2025-09-22 20:58:34,000 [INFO] ConfigFileManager:1271 - The Die is : DIE412
2025-09-22 20:58:34,028 [INFO] ApiDbMcu:468 - Load IP Config File for FATFS
2025-09-22 20:58:34,068 [INFO] ApiDbMcu:468 - Load IP Config File for FREERTOS
2025-09-22 20:58:34,100 [INFO] ApiDbMcu:468 - Load IP Config File for USB_DEVICE
2025-09-22 20:58:40,000 [INFO] ProjectBuilder:3789 - Time for Generating toolchain IDE Files: 6813mS.
2025-09-22 20:58:40,001 [INFO] ProjectBuilder:2457 - Time for Copy CMSIS : 0mS.
2025-09-22 20:58:40,003 [INFO] ProjectBuilder:2457 - Time for Copy CMSIS : 0mS.
2025-09-22 20:58:40,417 [INFO] McuFinderGlobals:52 - Set McuFinderConnectedMode to true
2025-09-22 20:58:41,785 [INFO] ApiDb:276 - Save user favorites file C:\Users\hi/.stm32cubeide/favorites.mcus.txt: 0 item(s)
2025-09-22 20:58:41,785 [INFO] ApiDb:280 - User favorites MCUs=[]
2025-09-22 21:04:31,624 [INFO] UtilMem:74 - End SaveConfig() Used Memory: 919861496 Bytes (1073741824)
2025-09-22 21:04:34,147 [INFO] UtilMem:74 - End SaveConfig() Used Memory: 936802072 Bytes (1073741824)
2025-09-22 21:04:38,709 [INFO] UtilMem:74 - End SaveConfig() Used Memory: 958527448 Bytes (1073741824)
2025-09-22 21:04:39,340 [INFO] BlockDiagram:2740 - set Specific Code input for plugin: NVIC
2025-09-22 21:04:39,340 [INFO] BlockDiagram:2740 - set Specific Code input for plugin: SYS
2025-09-22 21:04:39,340 [INFO] BlockDiagram:2740 - set Specific Code input for plugin: GPIO
2025-09-22 21:04:39,341 [INFO] BlockDiagram:2740 - set Specific Code input for plugin: RCC
2025-09-22 21:04:39,341 [INFO] BlockDiagram:2740 - set Specific Code input for plugin: TIM1_8F1
2025-09-22 21:04:39,341 [INFO] CodeGenerator:663 - code generatio: config db path: C:\ST\STM32CubeIDE_1.7.0\STM32CubeIDE\plugins\com.st.stm32cube.common.mx_6.3.0.202107141111\\db\
2025-09-22 21:04:39,812 [INFO] CodeEngine:239 - oldGeneratedFile, D:\destiny\Microprocessor_Lab\lab2\Lab2_ex9\Lab2_ex9\MXTmpFiles\license.tmp_save
2025-09-22 21:04:39,928 [INFO] CodeEngine:257 - Generated code: D:\destiny\Microprocessor_Lab\lab2\Lab2_ex9\Lab2_ex9\MXTmpFiles\license.tmp
2025-09-22 21:04:40,992 [INFO] CodeEngine:239 - oldGeneratedFile, D:\destiny\Microprocessor_Lab\lab2\Lab2_ex9\Lab2_ex9\MXTmpFiles\gpio.tmp_save
2025-09-22 21:04:41,186 [INFO] CodeEngine:257 - Generated code: D:\destiny\Microprocessor_Lab\lab2\Lab2_ex9\Lab2_ex9\MXTmpFiles\gpio.tmp
2025-09-22 21:04:41,419 [INFO] CodeEngine:239 - oldGeneratedFile, D:\destiny\Microprocessor_Lab\lab2\Lab2_ex9\Lab2_ex9\Core\Src\stm32f1xx_it.c_save
2025-09-22 21:04:41,573 [INFO] CodeEngine:257 - Generated code: D:\destiny\Microprocessor_Lab\lab2\Lab2_ex9\Lab2_ex9\Core\Src\stm32f1xx_it.c
2025-09-22 21:04:41,580 [INFO] CodeEngine:239 - oldGeneratedFile, D:\destiny\Microprocessor_Lab\lab2\Lab2_ex9\Lab2_ex9\Core\Inc\stm32f1xx_it.h_save
2025-09-22 21:04:41,712 [INFO] CodeEngine:257 - Generated code: D:\destiny\Microprocessor_Lab\lab2\Lab2_ex9\Lab2_ex9\Core\Inc\stm32f1xx_it.h
2025-09-22 21:04:41,742 [INFO] CodeEngine:239 - oldGeneratedFile, D:\destiny\Microprocessor_Lab\lab2\Lab2_ex9\Lab2_ex9\Core\Src\stm32f1xx_hal_msp.c_save
2025-09-22 21:04:41,896 [INFO] CodeEngine:257 - Generated code: D:\destiny\Microprocessor_Lab\lab2\Lab2_ex9\Lab2_ex9\Core\Src\stm32f1xx_hal_msp.c
2025-09-22 21:04:41,900 [INFO] CodeEngine:239 - oldGeneratedFile, D:\destiny\Microprocessor_Lab\lab2\Lab2_ex9\Lab2_ex9\MXTmpFiles\system.tmp_save
2025-09-22 21:04:42,012 [INFO] CodeEngine:257 - Generated code: D:\destiny\Microprocessor_Lab\lab2\Lab2_ex9\Lab2_ex9\MXTmpFiles\system.tmp
2025-09-22 21:04:42,040 [INFO] CodeEngine:239 - oldGeneratedFile, D:\destiny\Microprocessor_Lab\lab2\Lab2_ex9\Lab2_ex9\Core\Inc\stm32f1xx_hal_conf.h_save
2025-09-22 21:04:42,211 [INFO] CodeEngine:257 - Generated code: D:\destiny\Microprocessor_Lab\lab2\Lab2_ex9\Lab2_ex9\Core\Inc\stm32f1xx_hal_conf.h
2025-09-22 21:04:42,242 [WARN] IPConfigManager:3148 - IP not found : TIM
2025-09-22 21:04:42,244 [WARN] CodeGenerator:3268 - IP not found : null
2025-09-22 21:04:42,271 [INFO] CodeEngine:239 - oldGeneratedFile, D:\destiny\Microprocessor_Lab\lab2\Lab2_ex9\Lab2_ex9\Core\Inc\main.h_save
2025-09-22 21:04:42,433 [INFO] CodeEngine:257 - Generated code: D:\destiny\Microprocessor_Lab\lab2\Lab2_ex9\Lab2_ex9\Core\Inc\main.h
2025-09-22 21:04:42,454 [INFO] CodeEngine:239 - oldGeneratedFile, D:\destiny\Microprocessor_Lab\lab2\Lab2_ex9\Lab2_ex9\Core\Src\main.c_save
2025-09-22 21:04:42,686 [INFO] CodeEngine:257 - Generated code: D:\destiny\Microprocessor_Lab\lab2\Lab2_ex9\Lab2_ex9\Core\Src\main.c
2025-09-22 21:04:43,890 [INFO] ProjectBuilder:2578 - Time for Copy HAL[1] : 92mS.
2025-09-22 21:04:43,896 [INFO] ProjectBuilder:3622 - Project Generator version: 3.14.1
2025-09-22 21:04:45,467 [INFO] ConfigFileManager:1271 - The Die is : DIE412
2025-09-22 21:04:50,128 [INFO] ProjectBuilder:3789 - Time for Generating toolchain IDE Files: 6232mS.
2025-09-22 21:04:50,129 [INFO] ProjectBuilder:2457 - Time for Copy CMSIS : 0mS.
2025-09-22 21:04:50,131 [INFO] ProjectBuilder:2457 - Time for Copy CMSIS : 0mS.
2025-09-23 16:05:29,582 [INFO] Activator:177 - 


2025-09-23 16:05:29,587 [INFO] Activator:178 - !SESSION log4j initialized
2025-09-24 14:00:32,463 [INFO] Activator:177 - 


2025-09-24 14:00:32,466 [INFO] Activator:178 - !SESSION log4j initialized
2025-09-24 20:29:53,627 [INFO] Activator:177 - 


2025-09-24 20:29:53,629 [INFO] Activator:178 - !SESSION log4j initialized
2025-09-27 10:10:39,420 [INFO] Activator:177 - 


2025-09-27 10:10:39,422 [INFO] Activator:178 - !SESSION log4j initialized
2025-09-28 19:38:06,255 [INFO] Activator:177 - 


2025-09-28 19:38:06,259 [INFO] Activator:178 - !SESSION log4j initialized
2025-10-02 19:20:02,936 [INFO] Activator:177 - 


2025-10-02 19:20:02,939 [INFO] Activator:178 - !SESSION log4j initialized
2025-10-03 07:52:45,620 [INFO] Activator:177 - 


2025-10-03 07:52:45,634 [INFO] Activator:178 - !SESSION log4j initialized
2025-10-04 15:59:53,356 [INFO] Activator:177 - 


2025-10-04 15:59:53,359 [INFO] Activator:178 - !SESSION log4j initialized
