2025-09-14 20:52:40,313 [INFO] Activator:177 - 


2025-09-14 20:52:40,313 [INFO] Activator:178 - !SESSION log4j initialized
2025-09-14 20:54:47,119 [INFO] Activator:177 - 


2025-09-14 20:54:47,119 [INFO] Activator:178 - !SESSION log4j initialized
2025-09-14 21:00:26,216 [INFO] Activator:177 - 


2025-09-14 21:00:26,216 [INFO] Activator:178 - !SESSION log4j initialized
2025-09-14 21:02:17,241 [INFO] Activator:177 - 


2025-09-14 21:02:17,241 [INFO] Activator:178 - !SESSION log4j initialized
2025-09-14 21:04:02,601 [INFO] Activator:177 - 


2025-09-14 21:04:02,601 [INFO] Activator:178 - !SESSION log4j initialized
2025-09-14 21:05:05,083 [INFO] McuFinderGlobals:39 - Set McuFinder mode to 2 (CubeIDE integrated)
2025-09-14 21:05:05,364 [INFO] ApplicationProperties:181 - Using Application install path: C:\ST\STM32CubeIDE_1.7.0\STM32CubeIDE\plugins\com.st.stm32cube.common.mx_6.3.0.202107141111
2025-09-14 21:05:05,382 [INFO] DbMcusXml:74 - Set database path to: C:\ST\STM32CubeIDE_1.7.0\STM32CubeIDE\plugins\com.st.stm32cube.common.mx_6.3.0.202107141111\\db\/mcu/
2025-09-14 21:05:05,388 [INFO] DbBoardsPdsc:56 - Set plugin database path to: C:\ST\STM32CubeIDE_1.7.0\STM32CubeIDE\plugins\com.st.stm32cube.common.mx_6.3.0.202107141111\\db\/plugins/boardmanager/
2025-09-14 21:05:05,388 [INFO] DbMcus:258 - Set plugin images path to: C:\ST\STM32CubeIDE_1.7.0\STM32CubeIDE\plugins\com.st.stm32cube.common.mx_6.3.0.202107141111\\db\/plugins/mcufinder/images/
2025-09-14 21:05:05,389 [INFO] DbBoards:264 - Set plugin images path to: C:\ST\STM32CubeIDE_1.7.0\STM32CubeIDE\plugins\com.st.stm32cube.common.mx_6.3.0.202107141111\\db\/plugins/mcufinder/images/
2025-09-14 21:05:05,393 [INFO] DbExamples:333 - Set plugin images path to: C:\ST\STM32CubeIDE_1.7.0\STM32CubeIDE\plugins\com.st.stm32cube.common.mx_6.3.0.202107141111\\db\/plugins/mcufinder/images/
2025-09-14 21:05:05,404 [INFO] DbMcusAds:119 - Set database path to: C:\Users\hi\.stmcufinder\plugins\mcufinder//mcu/
2025-09-14 21:05:05,405 [INFO] DbMcusDocs:110 - Set database path to: C:\Users\hi\.stmcufinder\plugins\mcufinder//mcu/
2025-09-14 21:05:05,408 [INFO] DbMcusJson:64 - Set database path to: C:\Users\hi\.stmcufinder\plugins\mcufinder//mcu/
2025-09-14 21:05:05,409 [INFO] DbBoardsDocs:110 - Set database path to: C:\Users\hi\.stmcufinder\plugins\mcufinder//mcu/
2025-09-14 21:05:05,411 [INFO] DbBoardsJson:57 - Set database path to: C:\Users\hi\.stmcufinder\plugins\mcufinder//mcu/
2025-09-14 21:05:05,434 [INFO] CrossReferenceDbSqlite:196 - Set database path to: C:\Users\hi\.stmcufinder\plugins\mcufinder//mcu/cs/
2025-09-14 21:05:05,438 [INFO] DbExamplesSqlite:767 - Set database path to: C:\Users\hi\.stmcufinder\plugins\mcufinder//mcu/
2025-09-14 21:05:05,573 [INFO] RulesReader:57 - Compatibility file has been processed (242 Rules)
2025-09-14 21:05:05,702 [INFO] DbMcusXml:74 - Set database path to: C:\ST\STM32CubeIDE_1.7.0\STM32CubeIDE\plugins\com.st.stm32cube.common.mx_6.3.0.202107141111\\db\/mcu/
2025-09-14 21:05:05,704 [INFO] DbBoardsPdsc:56 - Set plugin database path to: C:\ST\STM32CubeIDE_1.7.0\STM32CubeIDE\plugins\com.st.stm32cube.common.mx_6.3.0.202107141111\\db\/plugins/boardmanager/
2025-09-14 21:05:05,704 [INFO] DbMcus:258 - Set plugin images path to: C:\ST\STM32CubeIDE_1.7.0\STM32CubeIDE\plugins\com.st.stm32cube.common.mx_6.3.0.202107141111\\db\/plugins/mcufinder/images/
2025-09-14 21:05:05,704 [INFO] DbBoards:264 - Set plugin images path to: C:\ST\STM32CubeIDE_1.7.0\STM32CubeIDE\plugins\com.st.stm32cube.common.mx_6.3.0.202107141111\\db\/plugins/mcufinder/images/
2025-09-14 21:05:05,704 [INFO] DbExamples:333 - Set plugin images path to: C:\ST\STM32CubeIDE_1.7.0\STM32CubeIDE\plugins\com.st.stm32cube.common.mx_6.3.0.202107141111\\db\/plugins/mcufinder/images/
2025-09-14 21:05:05,705 [WARN] DbFile:35 - Overriding database path with different value: C:\Users\hi\.stmcufinder\plugins\mcufinder/ => C:\Users\hi\.stmcufinder\plugins\mcufinder
2025-09-14 21:05:05,705 [INFO] DbMcusAds:119 - Set database path to: C:\Users\hi\.stmcufinder\plugins\mcufinder//mcu/
2025-09-14 21:05:05,705 [WARN] DbFile:35 - Overriding database path with different value: C:\Users\hi\.stmcufinder\plugins\mcufinder/ => C:\Users\hi\.stmcufinder\plugins\mcufinder
2025-09-14 21:05:05,705 [INFO] DbMcusDocs:110 - Set database path to: C:\Users\hi\.stmcufinder\plugins\mcufinder//mcu/
2025-09-14 21:05:05,706 [WARN] DbFile:35 - Overriding database path with different value: C:\Users\hi\.stmcufinder\plugins\mcufinder/ => C:\Users\hi\.stmcufinder\plugins\mcufinder
2025-09-14 21:05:05,706 [INFO] DbMcusJson:64 - Set database path to: C:\Users\hi\.stmcufinder\plugins\mcufinder//mcu/
2025-09-14 21:05:05,706 [WARN] DbFile:35 - Overriding database path with different value: C:\Users\hi\.stmcufinder\plugins\mcufinder/ => C:\Users\hi\.stmcufinder\plugins\mcufinder
2025-09-14 21:05:05,706 [INFO] DbBoardsDocs:110 - Set database path to: C:\Users\hi\.stmcufinder\plugins\mcufinder//mcu/
2025-09-14 21:05:05,706 [WARN] DbFile:35 - Overriding database path with different value: C:\Users\hi\.stmcufinder\plugins\mcufinder/ => C:\Users\hi\.stmcufinder\plugins\mcufinder
2025-09-14 21:05:05,707 [INFO] DbBoardsJson:57 - Set database path to: C:\Users\hi\.stmcufinder\plugins\mcufinder//mcu/
2025-09-14 21:05:05,707 [WARN] DbFile:35 - Overriding database path with different value: C:\Users\hi\.stmcufinder\plugins\mcufinder/ => C:\Users\hi\.stmcufinder\plugins\mcufinder
2025-09-14 21:05:05,707 [WARN] DbFile:35 - Overriding database path with different value: C:\Users\hi\.stmcufinder\plugins\mcufinder/ => C:\Users\hi\.stmcufinder\plugins\mcufinder
2025-09-14 21:05:05,707 [INFO] CrossReferenceDbSqlite:196 - Set database path to: C:\Users\hi\.stmcufinder\plugins\mcufinder//mcu/cs/
2025-09-14 21:05:05,708 [WARN] DbFile:35 - Overriding database path with different value: C:\Users\hi\.stmcufinder\plugins\mcufinder/ => C:\Users\hi\.stmcufinder\plugins\mcufinder
2025-09-14 21:05:05,708 [INFO] DbExamplesSqlite:767 - Set database path to: C:\Users\hi\.stmcufinder\plugins\mcufinder//mcu/
2025-09-14 21:05:05,810 [INFO] MainPanel:214 - HeapMemory: 324009984
2025-09-14 21:05:05,951 [INFO] DbMcusXml:74 - Set database path to: C:\ST\STM32CubeIDE_1.7.0\STM32CubeIDE\plugins\com.st.stm32cube.common.mx_6.3.0.202107141111\\db\/mcu/
2025-09-14 21:05:05,952 [INFO] DbBoardsPdsc:56 - Set plugin database path to: C:\ST\STM32CubeIDE_1.7.0\STM32CubeIDE\plugins\com.st.stm32cube.common.mx_6.3.0.202107141111\\db\/plugins/boardmanager/
2025-09-14 21:05:05,952 [INFO] DbMcus:258 - Set plugin images path to: C:\ST\STM32CubeIDE_1.7.0\STM32CubeIDE\plugins\com.st.stm32cube.common.mx_6.3.0.202107141111\\db\/plugins/mcufinder/images/
2025-09-14 21:05:05,952 [INFO] DbBoards:264 - Set plugin images path to: C:\ST\STM32CubeIDE_1.7.0\STM32CubeIDE\plugins\com.st.stm32cube.common.mx_6.3.0.202107141111\\db\/plugins/mcufinder/images/
2025-09-14 21:05:05,952 [INFO] DbExamples:333 - Set plugin images path to: C:\ST\STM32CubeIDE_1.7.0\STM32CubeIDE\plugins\com.st.stm32cube.common.mx_6.3.0.202107141111\\db\/plugins/mcufinder/images/
2025-09-14 21:05:05,953 [WARN] DbFile:35 - Overriding database path with different value: C:\Users\hi\.stmcufinder\plugins\mcufinder/ => C:\Users\hi\.stmcufinder\plugins\mcufinder
2025-09-14 21:05:05,953 [INFO] DbMcusAds:119 - Set database path to: C:\Users\hi\.stmcufinder\plugins\mcufinder//mcu/
2025-09-14 21:05:05,953 [WARN] DbFile:35 - Overriding database path with different value: C:\Users\hi\.stmcufinder\plugins\mcufinder/ => C:\Users\hi\.stmcufinder\plugins\mcufinder
2025-09-14 21:05:05,953 [INFO] DbMcusDocs:110 - Set database path to: C:\Users\hi\.stmcufinder\plugins\mcufinder//mcu/
2025-09-14 21:05:05,953 [WARN] DbFile:35 - Overriding database path with different value: C:\Users\hi\.stmcufinder\plugins\mcufinder/ => C:\Users\hi\.stmcufinder\plugins\mcufinder
2025-09-14 21:05:05,954 [INFO] DbMcusJson:64 - Set database path to: C:\Users\hi\.stmcufinder\plugins\mcufinder//mcu/
2025-09-14 21:05:05,954 [WARN] DbFile:35 - Overriding database path with different value: C:\Users\hi\.stmcufinder\plugins\mcufinder/ => C:\Users\hi\.stmcufinder\plugins\mcufinder
2025-09-14 21:05:05,954 [INFO] DbBoardsDocs:110 - Set database path to: C:\Users\hi\.stmcufinder\plugins\mcufinder//mcu/
2025-09-14 21:05:05,954 [WARN] DbFile:35 - Overriding database path with different value: C:\Users\hi\.stmcufinder\plugins\mcufinder/ => C:\Users\hi\.stmcufinder\plugins\mcufinder
2025-09-14 21:05:05,954 [INFO] DbBoardsJson:57 - Set database path to: C:\Users\hi\.stmcufinder\plugins\mcufinder//mcu/
2025-09-14 21:05:05,954 [WARN] DbFile:35 - Overriding database path with different value: C:\Users\hi\.stmcufinder\plugins\mcufinder/ => C:\Users\hi\.stmcufinder\plugins\mcufinder
2025-09-14 21:05:05,954 [WARN] DbFile:35 - Overriding database path with different value: C:\Users\hi\.stmcufinder\plugins\mcufinder/ => C:\Users\hi\.stmcufinder\plugins\mcufinder
2025-09-14 21:05:05,955 [INFO] CrossReferenceDbSqlite:196 - Set database path to: C:\Users\hi\.stmcufinder\plugins\mcufinder//mcu/cs/
2025-09-14 21:05:05,955 [WARN] DbFile:35 - Overriding database path with different value: C:\Users\hi\.stmcufinder\plugins\mcufinder/ => C:\Users\hi\.stmcufinder\plugins\mcufinder
2025-09-14 21:05:05,955 [INFO] DbExamplesSqlite:767 - Set database path to: C:\Users\hi\.stmcufinder\plugins\mcufinder//mcu/
2025-09-14 21:05:05,978 [INFO] ApplicationProperties:181 - Using Application install path: C:\ST\STM32CubeIDE_1.7.0\STM32CubeIDE\plugins\com.st.stm32cube.common.mx_6.3.0.202107141111
2025-09-14 21:05:05,980 [INFO] PluginManage:188 - Search for loadable plugins [exclusion list=, ]
2025-09-14 21:05:05,982 [INFO] PluginManage:302 - Check plugin analytics
2025-09-14 21:05:10,731 [INFO] AnalyticsPlugin:257 - Accepted Software Licenses: 
2025-09-14 21:05:10,732 [INFO] AnalyticsPlugin:259 - Accepted CMSIS Pack Licenses: 
2025-09-14 21:05:10,732 [INFO] AnalyticsPlugin:261 - Accepted Firmware Licenses: 
2025-09-14 21:05:10,732 [INFO] PluginManage:352 - Loaded plugin analytics (category:tool,tabindex:-1)
2025-09-14 21:05:10,733 [INFO] PluginManage:302 - Check plugin clock
2025-09-14 21:05:10,774 [INFO] PluginManage:352 - Loaded plugin clock (category:base,tabindex:2)
2025-09-14 21:05:10,774 [INFO] PluginManage:302 - Check plugin ddr
2025-09-14 21:05:10,778 [INFO] PluginManage:352 - Loaded plugin ddr (category:tool,tabindex:6)
2025-09-14 21:05:10,778 [INFO] PluginManage:302 - Check plugin filemanager
2025-09-14 21:05:10,963 [INFO] PluginManage:352 - Loaded plugin filemanager (category:base,tabindex:10)
2025-09-14 21:05:10,963 [INFO] PluginManage:302 - Check plugin ipmanager
2025-09-14 21:05:10,977 [INFO] PluginManage:352 - Loaded plugin ipmanager (category:base,tabindex:5)
2025-09-14 21:05:10,978 [INFO] PluginManage:302 - Check plugin pinoutandconfiguration
2025-09-14 21:05:11,018 [INFO] PluginManage:352 - Loaded plugin pinoutandconfiguration (category:base,tabindex:1)
2025-09-14 21:05:11,018 [INFO] PluginManage:302 - Check plugin pinoutconfig
2025-09-14 21:05:11,081 [INFO] PluginManage:352 - Loaded plugin pinoutconfig (category:base,tabindex:0)
2025-09-14 21:05:11,081 [INFO] PluginManage:302 - Check plugin power
2025-09-14 21:05:11,126 [INFO] PluginManage:352 - Loaded plugin power (category:power,tabindex:4)
2025-09-14 21:05:11,126 [INFO] PluginManage:302 - Check plugin projectmanager
2025-09-14 21:05:11,153 [INFO] PluginManage:352 - Loaded plugin projectmanager (category:projectmanager,tabindex:3)
2025-09-14 21:05:11,153 [INFO] PluginManage:302 - Check plugin thirdparty
2025-09-14 21:05:11,591 [WARN] IntegrityCheckThread:78 - waiting for thirdparty lock release [integrity check]
2025-09-14 21:05:11,592 [INFO] IntegrityCheckThread:80 - entering critical section [integrity check]
2025-09-14 21:05:11,592 [INFO] PluginManage:352 - Loaded plugin thirdparty (category:base,tabindex:-1)
2025-09-14 21:05:11,592 [INFO] ThirdPartyUpdaterWithRetryManager:66 - Updater plugin not ready yet. [1/15]
2025-09-14 21:05:11,593 [INFO] PluginManage:302 - Check plugin tools
2025-09-14 21:05:11,702 [INFO] PluginManage:352 - Loaded plugin tools (category:base,tabindex:7)
2025-09-14 21:05:11,702 [INFO] PluginManage:302 - Check plugin tutovideos
2025-09-14 21:05:12,061 [INFO] PluginManage:352 - Loaded plugin tutovideos (category:base,tabindex:-1)
2025-09-14 21:05:12,061 [INFO] PluginManage:302 - Check plugin updater
2025-09-14 21:05:12,080 [INFO] PluginManage:352 - Loaded plugin updater (category:base,tabindex:12)
2025-09-14 21:05:12,081 [INFO] PluginManage:275 - PluginManage : Loaded plugins [13]
2025-09-14 21:05:12,357 [INFO] PinOutPanel:1463 - setPackage(No Configuration,No Configuration)
2025-09-14 21:05:12,529 [INFO] IPUIPlugin:74 - create IPUIPlugin
2025-09-14 21:05:12,529 [INFO] PluginManager:213 - loadIPPluginJar : add adc
2025-09-14 21:05:12,611 [INFO] IPUIPlugin:74 - create IPUIPlugin
2025-09-14 21:05:12,611 [INFO] PluginManager:213 - loadIPPluginJar : add aes
2025-09-14 21:05:12,711 [INFO] IPUIPlugin:74 - create IPUIPlugin
2025-09-14 21:05:12,711 [INFO] PluginManager:213 - loadIPPluginJar : add can
2025-09-14 21:05:12,776 [INFO] IPUIPlugin:74 - create IPUIPlugin
2025-09-14 21:05:12,776 [INFO] PluginManager:213 - loadIPPluginJar : add comp
2025-09-14 21:05:12,842 [INFO] IPUIPlugin:74 - create IPUIPlugin
2025-09-14 21:05:12,842 [INFO] PluginManager:213 - loadIPPluginJar : add cryp
2025-09-14 21:05:12,916 [INFO] IPUIPlugin:74 - create IPUIPlugin
2025-09-14 21:05:12,916 [INFO] PluginManager:213 - loadIPPluginJar : add dfsdm
2025-09-14 21:05:12,936 [INFO] IPUIPlugin:74 - create IPUIPlugin
2025-09-14 21:05:12,937 [INFO] PluginManager:213 - loadIPPluginJar : add dma
2025-09-14 21:05:13,037 [INFO] IPUIPlugin:74 - create IPUIPlugin
2025-09-14 21:05:13,037 [INFO] PluginManager:213 - loadIPPluginJar : add dma3
2025-09-14 21:05:13,091 [INFO] IPUIPlugin:74 - create IPUIPlugin
2025-09-14 21:05:13,092 [INFO] PluginManager:213 - loadIPPluginJar : add fatfs
2025-09-14 21:05:13,191 [INFO] IPUIPlugin:74 - create IPUIPlugin
2025-09-14 21:05:13,191 [INFO] PluginManager:213 - loadIPPluginJar : add fmc
2025-09-14 21:05:13,215 [INFO] IPUIPlugin:74 - create IPUIPlugin
2025-09-14 21:05:13,216 [INFO] PluginManager:213 - loadIPPluginJar : add freertos
2025-09-14 21:05:13,271 [INFO] IPUIPlugin:74 - create IPUIPlugin
2025-09-14 21:05:13,271 [INFO] PluginManager:213 - loadIPPluginJar : add genericplugin
2025-09-14 21:05:13,493 [INFO] IPUIPlugin:74 - create IPUIPlugin
2025-09-14 21:05:13,493 [INFO] PluginManager:213 - loadIPPluginJar : add gfxmmu
2025-09-14 21:05:13,825 [INFO] IPUIPlugin:74 - create IPUIPlugin
2025-09-14 21:05:13,825 [INFO] PluginManager:213 - loadIPPluginJar : add gic
2025-09-14 21:05:13,850 [INFO] IPUIPlugin:74 - create IPUIPlugin
2025-09-14 21:05:13,850 [INFO] PluginManager:213 - loadIPPluginJar : add gpio
2025-09-14 21:05:14,004 [INFO] IPUIPlugin:74 - create IPUIPlugin
2025-09-14 21:05:14,004 [INFO] PluginManager:213 - loadIPPluginJar : add gtzc
2025-09-14 21:05:14,099 [INFO] IPUIPlugin:74 - create IPUIPlugin
2025-09-14 21:05:14,100 [INFO] PluginManager:213 - loadIPPluginJar : add hash
2025-09-14 21:05:14,232 [INFO] IPUIPlugin:74 - create IPUIPlugin
2025-09-14 21:05:14,232 [INFO] PluginManager:213 - loadIPPluginJar : add i2c
2025-09-14 21:05:14,323 [INFO] IPUIPlugin:74 - create IPUIPlugin
2025-09-14 21:05:14,324 [INFO] PluginManager:213 - loadIPPluginJar : add i2s
2025-09-14 21:05:14,342 [INFO] IPUIPlugin:74 - create IPUIPlugin
2025-09-14 21:05:14,342 [INFO] PluginManager:213 - loadIPPluginJar : add ipddr
2025-09-14 21:05:14,565 [INFO] IPUIPlugin:74 - create IPUIPlugin
2025-09-14 21:05:14,566 [INFO] PluginManager:213 - loadIPPluginJar : add linkedlist
2025-09-14 21:05:14,597 [INFO] ThirdPartyUpdaterWithRetryManager:66 - Updater plugin not ready yet. [2/15]
2025-09-14 21:05:14,649 [INFO] IPUIPlugin:74 - create IPUIPlugin
2025-09-14 21:05:14,649 [INFO] PluginManager:213 - loadIPPluginJar : add lorawan
2025-09-14 21:05:14,746 [INFO] IPUIPlugin:74 - create IPUIPlugin
2025-09-14 21:05:14,746 [INFO] PluginManager:213 - loadIPPluginJar : add ltdc
2025-09-14 21:05:14,788 [INFO] IPUIPlugin:74 - create IPUIPlugin
2025-09-14 21:05:14,789 [INFO] PluginManager:213 - loadIPPluginJar : add mdma
2025-09-14 21:05:14,833 [INFO] IPUIPlugin:74 - create IPUIPlugin
2025-09-14 21:05:14,834 [INFO] PluginManager:213 - loadIPPluginJar : add nvic
2025-09-14 21:05:14,946 [INFO] IPUIPlugin:74 - create IPUIPlugin
2025-09-14 21:05:14,946 [INFO] PluginManager:213 - loadIPPluginJar : add opamp
2025-09-14 21:05:15,110 [INFO] IPUIPlugin:74 - create IPUIPlugin
2025-09-14 21:05:15,110 [INFO] PluginManager:213 - loadIPPluginJar : add openamp
2025-09-14 21:05:15,234 [INFO] IPUIPlugin:74 - create IPUIPlugin
2025-09-14 21:05:15,235 [INFO] PluginManager:213 - loadIPPluginJar : add pdm2pcm
2025-09-14 21:05:15,257 [INFO] IPUIPlugin:74 - create IPUIPlugin
2025-09-14 21:05:15,262 [INFO] PluginManager:213 - loadIPPluginJar : add plateformsettings
2025-09-14 21:05:15,334 [INFO] IPUIPlugin:74 - create IPUIPlugin
2025-09-14 21:05:15,334 [INFO] PluginManager:213 - loadIPPluginJar : add quadspi
2025-09-14 21:05:15,355 [INFO] IPUIPlugin:74 - create IPUIPlugin
2025-09-14 21:05:15,355 [INFO] PluginManager:213 - loadIPPluginJar : add resmgrutility
2025-09-14 21:05:15,478 [INFO] IPUIPlugin:74 - create IPUIPlugin
2025-09-14 21:05:15,479 [INFO] PluginManager:213 - loadIPPluginJar : add sai
2025-09-14 21:05:15,586 [INFO] IPUIPlugin:74 - create IPUIPlugin
2025-09-14 21:05:15,586 [INFO] PluginManager:213 - loadIPPluginJar : add spi
2025-09-14 21:05:15,724 [INFO] IPUIPlugin:74 - create IPUIPlugin
2025-09-14 21:05:15,725 [INFO] PluginManager:213 - loadIPPluginJar : add stm32_wpan
2025-09-14 21:05:15,794 [INFO] IPUIPlugin:74 - create IPUIPlugin
2025-09-14 21:05:15,794 [INFO] PluginManager:213 - loadIPPluginJar : add tim
2025-09-14 21:05:15,935 [INFO] IPUIPlugin:74 - create IPUIPlugin
2025-09-14 21:05:15,936 [INFO] PluginManager:213 - loadIPPluginJar : add touchsensing
2025-09-14 21:05:16,002 [INFO] IPUIPlugin:74 - create IPUIPlugin
2025-09-14 21:05:16,002 [INFO] PluginManager:213 - loadIPPluginJar : add tracer_emb
2025-09-14 21:05:16,069 [INFO] IPUIPlugin:74 - create IPUIPlugin
2025-09-14 21:05:16,070 [INFO] PluginManager:213 - loadIPPluginJar : add ts
2025-09-14 21:05:16,129 [INFO] IPUIPlugin:74 - create IPUIPlugin
2025-09-14 21:05:16,129 [INFO] PluginManager:213 - loadIPPluginJar : add tsc
2025-09-14 21:05:16,186 [INFO] IPUIPlugin:74 - create IPUIPlugin
2025-09-14 21:05:16,186 [INFO] PluginManager:213 - loadIPPluginJar : add ucpd
2025-09-14 21:05:16,276 [INFO] IPUIPlugin:74 - create IPUIPlugin
2025-09-14 21:05:16,277 [INFO] PluginManager:213 - loadIPPluginJar : add usart
2025-09-14 21:05:16,359 [INFO] IPUIPlugin:74 - create IPUIPlugin
2025-09-14 21:05:16,359 [INFO] PluginManager:213 - loadIPPluginJar : add usbx
2025-09-14 21:05:16,727 [FATAL] Updater:294 - Updater called before beeing initialized
2025-09-14 21:05:16,868 [FATAL] Updater:294 - Updater called before beeing initialized
2025-09-14 21:05:16,882 [INFO] DbMcusAds:47 - JSON generation date=Tue Jul 08 15:14:23 ICT 2025 (1751962463582)
2025-09-14 21:05:16,883 [FATAL] Updater:294 - Updater called before beeing initialized
2025-09-14 21:05:16,930 [WARN] DetailPanel:314 - Failed to get advertising image, set to default
2025-09-14 21:05:17,090 [FATAL] Updater:294 - Updater called before beeing initialized
2025-09-14 21:05:17,093 [FATAL] Updater:294 - Updater called before beeing initialized
2025-09-14 21:05:17,093 [FATAL] Updater:294 - Updater called before beeing initialized
2025-09-14 21:05:17,094 [WARN] DetailPanel:314 - Failed to get advertising image, set to default
2025-09-14 21:05:17,095 [FATAL] Updater:294 - Updater called before beeing initialized
2025-09-14 21:05:17,185 [ERROR] Updater:1075 - MainUpdater not yet initialized. External WinMGr cannot be set.
2025-09-14 21:05:17,202 [INFO] Updater:1012 - Updater Version found : 6.3.0
2025-09-14 21:05:17,227 [INFO] ApplicationProperties:181 - Using Application install path: C:\ST\STM32CubeIDE_1.7.0\STM32CubeIDE\plugins\com.st.stm32cube.common.mx_6.3.0.202107141111
2025-09-14 21:05:17,610 [INFO] ThirdPartyUpdaterWithRetryManager:66 - Updater plugin not ready yet. [3/15]
2025-09-14 21:05:17,780 [INFO] MainUpdater:2671 - connection check result : 10
2025-09-14 21:05:17,780 [INFO] MainUpdater:3359 - Updater definition file requires update
2025-09-14 21:05:17,782 [INFO] MainUpdater:265 - Updater Check For Update Now.
2025-09-14 21:05:17,782 [INFO] MicroXplorer:478 - Change Database Version : DB.6.0.30
2025-09-14 21:05:18,180 [INFO] ServerAccessManage:362 - Download File updaters.zip
2025-09-14 21:05:18,670 [INFO] FileExtend:235 - Unzip File : updaters.zip
2025-09-14 21:05:18,670 [INFO] FileExtend:250 - Standard Zip Deflate
2025-09-14 21:05:20,628 [WARN] MainUpdater:1122 - Updater busy. Cannot search thirdparties
2025-09-14 21:05:20,629 [INFO] ThirdPartyUpdaterWithRetryManager:92 - Updater plugin is busy. [1/15]
2025-09-14 21:05:21,518 [INFO] ServerAccessManage:362 - Download File PacksControlFlags.xml
2025-09-14 21:05:22,638 [INFO] ServerAccessManage:362 - Download File cubemx.pidx
2025-09-14 21:05:22,807 [INFO] LoadServerUpdatesThread:339 - End of LoadServerUpdate Thread
2025-09-14 21:05:23,002 [INFO] CheckServerUpdateThread:112 - End of CheckServer Thread
2025-09-14 21:05:23,093 [INFO] MainUpdater:2671 - connection check result : 10
2025-09-14 21:05:23,849 [INFO] McuFinderGlobals:52 - Set McuFinderConnectedMode to false
2025-09-14 21:05:24,005 [INFO] CrossSelectorPresenter:1330 - Cross Selector saved comparison directory: C:\Users\hi\.stmcufinder\plugins\mcufinder\mcu\cs_comparisons_mx
2025-09-14 21:05:24,013 [ERROR] Engine:463 - C:\Users\hi\.stm32cubemx\thirdparties\pdsc\STMicroelectronics.FP-SNS-MOTENVWB1.1.4.0.pdsc: PDSC version is not supported
2025-09-14 21:05:24,014 [INFO] MultiScanPanel:197 - Auto-refresh data requested => check proxy status ongoing
2025-09-14 21:05:24,014 [INFO] MultiScanPanel:201 - Proxy status is invalid
2025-09-14 21:05:24,019 [INFO] FinderPluginLoader:87 - Searching for filters in installed packs
2025-09-14 21:05:24,021 [INFO] DbMcusXml:100 - Load MCU database from C:\ST\STM32CubeIDE_1.7.0\STM32CubeIDE\plugins\com.st.stm32cube.common.mx_6.3.0.202107141111\\db\/mcu/families.xml
2025-09-14 21:05:24,078 [WARN] PackLoader:238 - Cannot read IP mode file for STMicroelectronics.FP-ATR-ASTRA1.2.0.2
2025-09-14 21:05:24,104 [ERROR] Engine:463 - C:\Users\hi\.stm32cubemx\thirdparties\pdsc\STMicroelectronics.X-CUBE-SMBUS.2.1.0.pdsc: PDSC version is not supported
2025-09-14 21:05:24,121 [ERROR] Engine:463 - C:\Users\hi\.stm32cubemx\thirdparties\pdsc\STMicroelectronics.X-CUBE-ST60.1.0.0.pdsc: PDSC version is not supported
2025-09-14 21:05:24,230 [WARN] PackLoader:238 - Cannot read IP mode file for STMicroelectronics.X-CUBE-AZRTOS-F7.1.1.0
2025-09-14 21:05:24,265 [ERROR] Engine:463 - C:\Users\hi\.stm32cubemx\thirdparties\pdsc\WES.I-CUBE-Cesium.1.4.0.pdsc: PDSC version is not supported
2025-09-14 21:05:24,300 [ERROR] Engine:463 - C:\Users\hi\.stm32cubemx\thirdparties\pdsc\Infineon.AIROC-Wi-Fi-Bluetooth-STM32.1.7.1.pdsc: PDSC version is not supported
2025-09-14 21:05:24,382 [WARN] PackLoader:238 - Cannot read IP mode file for STMicroelectronics.X-CUBE-AZRTOS-H7.3.4.0
2025-09-14 21:05:24,419 [ERROR] Engine:463 - C:\Users\hi\.stm32cubemx\thirdparties\pdsc\STMicroelectronics.X-CUBE-DISPLAY.3.0.0.pdsc: PDSC version is not supported
2025-09-14 21:05:24,449 [WARN] PackLoader:238 - Cannot read IP mode file for STMicroelectronics.X-CUBE-NFC10.1.0.0
2025-09-14 21:05:24,540 [ERROR] Engine:463 - C:\Users\hi\.stm32cubemx\thirdparties\pdsc\emotas.I-CUBE-CANOPEN.1.3.0.pdsc: PDSC version is not supported
2025-09-14 21:05:24,564 [ERROR] Engine:463 - C:\Users\hi\.stm32cubemx\thirdparties\pdsc\STMicroelectronics.FP-SNS-STBOX1.2.1.0.pdsc: PDSC version is not supported
2025-09-14 21:05:24,585 [ERROR] Engine:463 - C:\Users\hi\.stm32cubemx\thirdparties\pdsc\STMicroelectronics.FP-SNS-SMARTAG2.1.2.0.pdsc: PDSC version is not supported
2025-09-14 21:05:24,607 [ERROR] Engine:463 - C:\Users\hi\.stm32cubemx\thirdparties\pdsc\STMicroelectronics.FP-SNS-FLIGHT1.5.1.0.pdsc: PDSC version is not supported
2025-09-14 21:05:24,652 [INFO] LogOutputStream:76 - [STDOUT_REDIRECT] 1 : Invalid condition id : UX_CORESTACK_Condition cause : null
2025-09-14 21:05:24,655 [INFO] LogOutputStream:76 - [STDOUT_REDIRECT] 1 : Invalid condition id : UX_CORESTACK_Condition cause : null
2025-09-14 21:05:24,657 [INFO] LogOutputStream:76 - [STDOUT_REDIRECT] 1 : Invalid condition id : UX_CORESTACK_Condition cause : null
2025-09-14 21:05:24,662 [INFO] LogOutputStream:76 - [STDOUT_REDIRECT] 1 : Invalid condition id : UX_CORESTACK_Condition cause : null
2025-09-14 21:05:24,665 [INFO] LogOutputStream:76 - [STDOUT_REDIRECT] 1 : Invalid condition id : UX_CORESTACK_Condition cause : null
2025-09-14 21:05:24,671 [WARN] PackLoader:238 - Cannot read IP mode file for STMicroelectronics.X-CUBE-AZRTOS-WL.2.0.0
2025-09-14 21:05:24,697 [ERROR] Engine:463 - C:\Users\hi\.stm32cubemx\thirdparties\pdsc\STMicroelectronics.FP-SNS-MOTENV1.5.0.0.pdsc: PDSC version is not supported
2025-09-14 21:05:24,722 [WARN] PackLoader:238 - Cannot read IP mode file for STMicroelectronics.X-CUBE-BLE2.3.3.0
2025-09-14 21:05:24,748 [WARN] PackLoader:238 - Cannot read IP mode file for STMicroelectronics.X-CUBE-NFC9.1.0.0
2025-09-14 21:05:24,846 [WARN] PackLoader:238 - Cannot read IP mode file for wolfSSL.I-CUBE-wolfSSL.5.8.2
2025-09-14 21:05:24,873 [WARN] PackLoader:238 - Cannot read IP mode file for STMicroelectronics.X-CUBE-BLE1.7.1.0
2025-09-14 21:05:24,896 [WARN] PackLoader:238 - Cannot read IP mode file for wolfSSL.I-CUBE-wolfMQTT.1.19.2
2025-09-14 21:05:24,922 [WARN] PackLoader:238 - Cannot read IP mode file for STMicroelectronics.X-CUBE-EEPRMA1.5.2.0
2025-09-14 21:05:24,983 [WARN] PackLoader:238 - Cannot read IP mode file for STMicroelectronics.X-CUBE-AZRTOS-G0.1.1.0
2025-09-14 21:05:25,018 [WARN] PackLoader:238 - Cannot read IP mode file for STMicroelectronics.X-CUBE-SAFEA1.1.2.2
2025-09-14 21:05:25,080 [WARN] PackLoader:238 - Cannot read IP mode file for STMicroelectronics.X-CUBE-NFC4.3.0.0
2025-09-14 21:05:25,100 [ERROR] Engine:463 - C:\Users\hi\.stm32cubemx\thirdparties\pdsc\EmbeddedOffice.I-CUBE-FS-RTOS.1.0.1.pdsc: PDSC version is not supported
2025-09-14 21:05:25,126 [WARN] PackLoader:238 - Cannot read IP mode file for STMicroelectronics.X-CUBE-WB05N.2.0.0
2025-09-14 21:05:25,153 [WARN] PackLoader:238 - Cannot read IP mode file for wolfSSL.I-CUBE-wolfTPM.3.8.0
2025-09-14 21:05:25,195 [ERROR] Engine:463 - C:\Users\hi\.stm32cubemx\thirdparties\pdsc\STMicroelectronics.X-CUBE-TCPP.4.2.0.pdsc: PDSC version is not supported
2025-09-14 21:05:25,216 [ERROR] Engine:463 - C:\Users\hi\.stm32cubemx\thirdparties\pdsc\RealThread.X-CUBE-RT-Thread_Nano.4.1.1.pdsc: PDSC version is not supported
2025-09-14 21:05:25,238 [WARN] PackLoader:238 - Cannot read IP mode file for STMicroelectronics.FP-ATR-SIGFOX1.3.2.0
2025-09-14 21:05:25,289 [ERROR] Engine:463 - C:\Users\hi\.stm32cubemx\thirdparties\pdsc\ITTIA_DB.I-CUBE-ITTIADB.8.9.0.pdsc: PDSC version is not supported
2025-09-14 21:05:25,311 [ERROR] Engine:463 - C:\Users\hi\.stm32cubemx\thirdparties\pdsc\STMicroelectronics.X-CUBE-ST67W61.1.0.0.pdsc: PDSC version is not supported
2025-09-14 21:05:25,334 [WARN] PackLoader:238 - Cannot read IP mode file for STMicroelectronics.X-CUBE-AI.10.2.0
2025-09-14 21:05:25,443 [WARN] PackLoader:238 - Cannot read IP mode file for SEGGER.I-CUBE-embOS.1.3.1
2025-09-14 21:05:25,590 [WARN] PackLoader:238 - Cannot read IP mode file for STMicroelectronics.X-CUBE-ALGOBUILD.1.4.0
2025-09-14 21:05:25,802 [WARN] PackLoader:238 - Cannot read IP mode file for STMicroelectronics.X-CUBE-MEMS1.11.3.0
2025-09-14 21:05:25,923 [INFO] DbMcusJson:93 - JSON generation date=Tue Nov 16 23:17:54 ICT 2021 (1637079474)
2025-09-14 21:05:26,346 [WARN] PackLoader:238 - Cannot read IP mode file for STMicroelectronics.X-CUBE-PM33A1.1.0.0
2025-09-14 21:05:26,422 [WARN] PackLoader:238 - Cannot read IP mode file for STMicroelectronics.X-CUBE-AZRTOS-F4.1.1.0
2025-09-14 21:05:26,448 [ERROR] Engine:463 - C:\Users\hi\.stm32cubemx\thirdparties\pdsc\Avnet-IotConnect.X-CUBE-IoTC-DA16k-PMOD.1.0.0.pdsc: PDSC version is not supported
2025-09-14 21:05:26,472 [WARN] PackLoader:238 - Cannot read IP mode file for STMicroelectronics.X-CUBE-ISPU.2.1.0
2025-09-14 21:05:26,502 [WARN] PackLoader:238 - Cannot read IP mode file for STMicroelectronics.X-CUBE-NFC12.1.0.0
2025-09-14 21:05:26,583 [WARN] PackLoader:238 - Cannot read IP mode file for STMicroelectronics.X-CUBE-AZRTOS-L5.2.0.0
2025-09-14 21:05:26,622 [WARN] PackLoader:238 - Cannot read IP mode file for STMicroelectronics.X-CUBE-NFC6.3.1.0
2025-09-14 21:05:26,648 [ERROR] Engine:463 - C:\Users\hi\.stm32cubemx\thirdparties\pdsc\STMicroelectronics.X-CUBE-FREERTOS.1.3.1.pdsc: PDSC version is not supported
2025-09-14 21:05:26,684 [ERROR] Engine:463 - C:\Users\hi\.stm32cubemx\thirdparties\pdsc\STMicroelectronics.FP-SNS-STAIOTCFT.1.0.0.pdsc: PDSC version is not supported
2025-09-14 21:05:26,706 [ERROR] Engine:463 - C:\Users\hi\.stm32cubemx\thirdparties\pdsc\STMicroelectronics.X-CUBE-DPower.1.3.0.pdsc: PDSC version is not supported
2025-09-14 21:05:26,771 [WARN] ConditionMgr:437 - getConditionDescription Invalid condition id : LAN8742 Phy interface Condition cause : null
2025-09-14 21:05:26,772 [WARN] PackLoader:238 - Cannot read IP mode file for STMicroelectronics.X-CUBE-AZRTOS-L4.2.0.0
2025-09-14 21:05:26,775 [WARN] ConditionMgr:1038 - genDependencies : Invalid condition id : LAN8742 Phy interface Condition cause : null
2025-09-14 21:05:26,775 [WARN] ConditionMgr:1038 - genDependencies : Invalid condition id : LAN8742 Phy interface Condition cause : null
2025-09-14 21:05:26,776 [WARN] ConditionMgr:1038 - genDependencies : Invalid condition id : LAN8742 Phy interface Condition cause : null
2025-09-14 21:05:26,802 [WARN] PackLoader:238 - Cannot read IP mode file for STMicroelectronics.X-CUBE-SFXS2LP1.4.0.0
2025-09-14 21:05:26,823 [ERROR] Engine:463 - C:\Users\hi\.stm32cubemx\thirdparties\pdsc\STMicroelectronics.X-CUBE-BLEMGR.4.1.0.pdsc: PDSC version is not supported
2025-09-14 21:05:26,857 [WARN] ConditionMgr:437 - getConditionDescription Invalid condition id : UX DEVICE CLASS RTOS Condition cause : null
2025-09-14 21:05:26,857 [WARN] ConditionMgr:437 - getConditionDescription Invalid condition id : UX DEVICE CLASS RTOS Condition cause : null
2025-09-14 21:05:26,859 [WARN] PackLoader:238 - Cannot read IP mode file for STMicroelectronics.X-CUBE-AZRTOS-WB.2.0.0
2025-09-14 21:05:26,860 [WARN] ConditionMgr:1038 - genDependencies : Invalid condition id : UX DEVICE CLASS RTOS Condition cause : null
2025-09-14 21:05:26,860 [WARN] ConditionMgr:1038 - genDependencies : Invalid condition id : UX DEVICE CLASS RTOS Condition cause : null
2025-09-14 21:05:26,861 [WARN] ConditionMgr:1038 - genDependencies : Invalid condition id : UX DEVICE CLASS RTOS Condition cause : null
2025-09-14 21:05:26,861 [WARN] ConditionMgr:1038 - genDependencies : Invalid condition id : UX DEVICE CLASS RTOS Condition cause : null
2025-09-14 21:05:26,861 [WARN] ConditionMgr:1038 - genDependencies : Invalid condition id : UX DEVICE CLASS RTOS Condition cause : null
2025-09-14 21:05:26,897 [WARN] PackLoader:238 - Cannot read IP mode file for STMicroelectronics.X-CUBE-GNSS1.7.0.1
2025-09-14 21:05:26,919 [WARN] PackLoader:238 - Cannot read IP mode file for STMicroelectronics.X-CUBE-TOUCHGFX.4.25.0
2025-09-14 21:05:26,938 [ERROR] Engine:463 - C:\Users\hi\.stm32cubemx\thirdparties\pdsc\quantropi.X-CUBE-qispace-sdk-base.2.1.0.pdsc: PDSC version is not supported
2025-09-14 21:05:26,973 [WARN] PackLoader:238 - Cannot read IP mode file for STMicroelectronics.X-CUBE-SUBG2.5.0.0
2025-09-14 21:05:27,060 [WARN] PackLoader:238 - Cannot read IP mode file for STMicroelectronics.X-CUBE-AZRTOS-H7RS.1.1.0
2025-09-14 21:05:27,087 [ERROR] Engine:463 - C:\Users\hi\.stm32cubemx\thirdparties\pdsc\Cesanta.I-CUBE-Mongoose.7.13.0.pdsc: PDSC version is not supported
2025-09-14 21:05:27,149 [WARN] PackLoader:238 - Cannot read IP mode file for STMicroelectronics.X-CUBE-AZRTOS-G4.2.0.0
2025-09-14 21:05:27,174 [WARN] PackLoader:238 - Cannot read IP mode file for wolfSSL.I-CUBE-wolfSSH.1.4.20
2025-09-14 21:05:27,198 [WARN] PackLoader:238 - Cannot read IP mode file for STMicroelectronics.X-CUBE-NFC7.2.0.0
2025-09-14 21:05:27,227 [ERROR] Engine:463 - C:\Users\hi\.stm32cubemx\thirdparties\pdsc\STMicroelectronics.X-CUBE-IPS.3.1.0.pdsc: PDSC version is not supported
2025-09-14 21:05:27,239 [INFO] DbMcus:175 - Found 1951 MCUs (1903 are supported by CubeMX, 1914 are visible in CubeMX)
2025-09-14 21:05:27,240 [INFO] ApiDb:251 - Load user favorites file C:\Users\hi/.stm32cubeide/favorites.mcus.txt: 0 item(s)
2025-09-14 21:05:27,241 [INFO] ApiDb:255 - User favorites MCUs=[]
2025-09-14 21:05:27,241 [INFO] DbMcus:187 - Set 0 / 0 favorites MCUs
2025-09-14 21:05:27,246 [ERROR] Engine:463 - C:\Users\hi\.stm32cubemx\thirdparties\pdsc\STMicroelectronics.X-CUBE-ALS.1.0.2.pdsc: PDSC version is not supported
2025-09-14 21:05:27,273 [WARN] PackLoader:238 - Cannot read IP mode file for STMicroelectronics.X-CUBE-STSE01.1.0.0
2025-09-14 21:05:27,300 [WARN] PackLoader:238 - Cannot read IP mode file for portGmbH.I-Cube-SoM-uGOAL.1.1.0
2025-09-14 21:05:27,331 [ERROR] Engine:463 - C:\Users\hi\.stm32cubemx\thirdparties\pdsc\STMicroelectronics.X-CUBE-TOF1.3.4.3.pdsc: PDSC version is not supported
2025-09-14 21:05:27,331 [INFO] ThirdParty:915 - Integrity check success = true
2025-09-14 21:05:27,331 [INFO] IntegrityCheckThread:94 - exiting critical section [integrity check]
2025-09-14 21:05:27,331 [INFO] IntegrityCheckThread:97 - End integrity checks thread
2025-09-14 21:05:28,108 [INFO] DetailPanel:309 - Set advertising image to C:/Users/hi/STM32Cube/Repository/\en.2400x1350px.jpeg
2025-09-14 21:05:28,879 [INFO] DbBoardsPdsc:90 - Found 25 items
2025-09-14 21:05:28,900 [INFO] DbBoardsPdsc:90 - Found 9 items
2025-09-14 21:05:28,929 [INFO] DbBoardsPdsc:90 - Found 33 items
2025-09-14 21:05:28,945 [INFO] DbBoardsPdsc:90 - Found 1 items
2025-09-14 21:05:28,969 [INFO] DbBoardsPdsc:90 - Found 48 items
2025-09-14 21:05:28,993 [INFO] DbBoardsPdsc:90 - Found 43 items
2025-09-14 21:05:29,010 [INFO] DbBoardsPdsc:90 - Found 2 items
2025-09-14 21:05:29,029 [INFO] DbBoardsPdsc:90 - Found 5 items
2025-09-14 21:05:29,035 [WARN] DbBoardsPdsc:254 - Board STM32H7B3I-DK: unknown feature type=Audio, name=, username=Audio stereo codec with Headphone Amp (CS42L51-CNZ), n=1
2025-09-14 21:05:29,036 [WARN] DbBoardsPdsc:254 - Board STM32H735G-DK: unknown feature type=Audio, name=, username=Audio stereo codec with Headphone Amp (WM8994ECS/R), n=1
2025-09-14 21:05:29,040 [WARN] DbBoardsPdsc:254 - Board STM32H7B3I-EVAL: unknown feature type=Audio, name=, username=Multi-Channel Audio Codec (CS42L51-CNZ), n=1
2025-09-14 21:05:29,040 [WARN] DbBoardsPdsc:254 - Board STM32H7B3I-EVAL: unknown feature type=Meter, name=, username=Power-metering and Temperature-monitoring with sigma-delta modulators, n=1
2025-09-14 21:05:29,040 [WARN] DbBoardsPdsc:254 - Board STM32H7B3I-EVAL: unknown feature type=Motor, name=, username=Motor Control, n=1
2025-09-14 21:05:29,041 [WARN] DbBoardsPdsc:254 - Board STM32U575I-EV: unknown feature type=joystick, name=, username=4-direction joystick with selection button, n=1
2025-09-14 21:05:29,091 [INFO] DbBoardsJson:86 - JSON generation date=Tue Nov 16 23:17:54 ICT 2021 (1637079474)
2025-09-14 21:05:29,098 [INFO] DbBoards:117 - Found 167 boards (163 are supported by CubeMX)
2025-09-14 21:05:29,120 [INFO] DbBoardsDocs:143 - JSON generation date=Tue Nov 16 23:17:54 ICT 2021 (1637079474)
2025-09-14 21:05:29,126 [INFO] DbBoardsDocs:79 - Found 209 boards documents
2025-09-14 21:05:29,127 [WARN] DbBoards:127 - board B-L475E-IOT01A2 has no document id list !
2025-09-14 21:05:29,129 [WARN] DbBoards:127 - board NUCLEO-H743ZI has no document id list !
2025-09-14 21:05:29,130 [WARN] DbBoards:127 - board NUCLEO-WL55JC2 has no document id list !
2025-09-14 21:05:29,131 [WARN] DbBoards:127 - board P-NUCLEO-WB55-Nucleo has no document id list !
2025-09-14 21:05:29,131 [WARN] DbBoards:127 - board P-NUCLEO-WB55-USBDongle has no document id list !
2025-09-14 21:05:29,131 [WARN] DbBoards:127 - board STEVAL-BFA001V1B has no document id list !
2025-09-14 21:05:29,131 [WARN] DbBoards:127 - board STEVAL-BFA001V2B has no document id list !
2025-09-14 21:05:29,131 [WARN] DbBoards:127 - board STEVAL-IDP005V1 has no document id list !
2025-09-14 21:05:29,131 [WARN] DbBoards:127 - board STEVAL-IDP005V2 has no document id list !
2025-09-14 21:05:29,131 [WARN] DbBoards:127 - board STEVAL-MKSBOX1V1 has no document id list !
2025-09-14 21:05:29,131 [WARN] DbBoards:127 - board STEVAL-STWINKT1 has no document id list !
2025-09-14 21:05:29,131 [WARN] DbBoards:127 - board STEVAL-STWINKT1B has no document id list !
2025-09-14 21:05:29,132 [WARN] DbBoards:127 - board STM32439I-EVAL2 has no document id list !
2025-09-14 21:05:29,132 [WARN] DbBoards:127 - board STM32F401C-DISCO has no document id list !
2025-09-14 21:05:29,132 [WARN] DbBoards:127 - board STM32F769I-DISC1 has no document id list !
2025-09-14 21:05:29,133 [WARN] DbBoards:127 - board STM32G474E-EVAL1 has no document id list !
2025-09-14 21:05:29,133 [WARN] DbBoards:127 - board STM32H743I-EVAL2 has no document id list !
2025-09-14 21:05:29,133 [WARN] DbBoards:127 - board STM32H747I-DISC1 has no document id list !
2025-09-14 21:05:29,134 [WARN] DbBoards:127 - board STM32H753I-EVAL2 has no document id list !
2025-09-14 21:05:29,134 [WARN] DbBoards:127 - board STM32L-DISCOVERY has no document id list !
2025-09-14 21:05:29,344 [ERROR] DbBoards:189 - Image file not found for board B-U585I-IOT02A: C:\ST\STM32CubeIDE_1.7.0\STM32CubeIDE\plugins\com.st.stm32cube.common.mx_6.3.0.202107141111\\db\/plugins/mcufinder/images/boards/B-U585I-IOT02A_small.jpg
2025-09-14 21:05:29,513 [ERROR] DbBoards:189 - Image file not found for board NUCLEO-F413ZH: C:\ST\STM32CubeIDE_1.7.0\STM32CubeIDE\plugins\com.st.stm32cube.common.mx_6.3.0.202107141111\\db\/plugins/mcufinder/images/boards/nucleo-f413zh_small.jpg
2025-09-14 21:05:29,808 [ERROR] DbBoards:189 - Image file not found for board NUCLEO-L552ZE-Q: C:\ST\STM32CubeIDE_1.7.0\STM32CubeIDE\plugins\com.st.stm32cube.common.mx_6.3.0.202107141111\\db\/plugins/mcufinder/images/boards/nucleo_l552ze_q_small.jpg
2025-09-14 21:05:29,809 [ERROR] DbBoards:189 - Image file not found for board NUCLEO-U575ZI-Q: C:\ST\STM32CubeIDE_1.7.0\STM32CubeIDE\plugins\com.st.stm32cube.common.mx_6.3.0.202107141111\\db\/plugins/mcufinder/images/boards/nucleo-u575zi-q_small.jpg
2025-09-14 21:05:29,809 [ERROR] DbBoards:189 - Image file not found for board NUCLEO-WB15CC: C:\ST\STM32CubeIDE_1.7.0\STM32CubeIDE\plugins\com.st.stm32cube.common.mx_6.3.0.202107141111\\db\/plugins/mcufinder/images/boards/nucleo-wb15cc_small.jpg
2025-09-14 21:05:29,809 [ERROR] DbBoards:189 - Image file not found for board NUCLEO-WB55RG: C:\ST\STM32CubeIDE_1.7.0\STM32CubeIDE\plugins\com.st.stm32cube.common.mx_6.3.0.202107141111\\db\/plugins/mcufinder/images/boards/nucleo-wb55rg_small.jpg
2025-09-14 21:05:31,553 [INFO] ApiDb:251 - Load user favorites file C:\Users\hi/.stm32cubeide/favorites.boards.txt: 0 item(s)
2025-09-14 21:05:31,554 [INFO] ApiDb:255 - User favorites Boards=[]
2025-09-14 21:05:31,554 [INFO] DbBoards:206 - Set 0 / 0 favorites Boards
2025-09-14 21:06:16,774 [INFO] RetryExec:97 - I/O exception (java.net.SocketException) caught when processing request to {s}->https://sw-center.st.com:443: Network is unreachable: connect
2025-09-14 21:06:16,775 [INFO] RetryExec:113 - Retrying request to {s}->https://sw-center.st.com:443
2025-09-14 21:10:02,427 [ERROR] LogOutputStream:74 - [STDERR_REDIRECT] Exception in thread "AWT-EventQueue-0" org.eclipse.swt.SWTException: Device is disposed
2025-09-14 21:10:02,428 [ERROR] LogOutputStream:74 - [STDERR_REDIRECT] 	at org.eclipse.swt.SWT.error(SWT.java:4889)
2025-09-14 21:10:02,430 [ERROR] LogOutputStream:74 - [STDERR_REDIRECT] 	at org.eclipse.swt.SWT.error(SWT.java:4804)
2025-09-14 21:10:02,431 [ERROR] LogOutputStream:74 - [STDERR_REDIRECT] 	at org.eclipse.swt.SWT.error(SWT.java:4775)
2025-09-14 21:10:02,434 [ERROR] LogOutputStream:74 - [STDERR_REDIRECT] 	at org.eclipse.swt.widgets.Display.error(Display.java:1262)
2025-09-14 21:10:02,435 [ERROR] LogOutputStream:74 - [STDERR_REDIRECT] 	at org.eclipse.swt.widgets.Display.asyncExec(Display.java:779)
2025-09-14 21:10:02,439 [ERROR] LogOutputStream:74 - [STDERR_REDIRECT] 	at com.st.stm32cube.common.mx.oss.core.awtswtbridge.AwtEnvironment$2.run(AwtEnvironment.java:168)
2025-09-14 21:10:02,442 [ERROR] LogOutputStream:74 - [STDERR_REDIRECT] 	at java.desktop/java.awt.event.InvocationEvent.dispatch(InvocationEvent.java:313)
2025-09-14 21:10:02,445 [ERROR] LogOutputStream:74 - [STDERR_REDIRECT] 	at java.desktop/java.awt.EventQueue.dispatchEventImpl(EventQueue.java:770)
2025-09-14 21:10:02,447 [ERROR] LogOutputStream:74 - [STDERR_REDIRECT] 	at java.desktop/java.awt.EventQueue$4.run(EventQueue.java:721)
2025-09-14 21:10:02,450 [ERROR] LogOutputStream:74 - [STDERR_REDIRECT] 	at java.desktop/java.awt.EventQueue$4.run(EventQueue.java:715)
2025-09-14 21:10:02,453 [ERROR] LogOutputStream:74 - [STDERR_REDIRECT] 	at java.base/java.security.AccessController.doPrivileged(Native Method)
2025-09-14 21:10:02,459 [ERROR] LogOutputStream:74 - [STDERR_REDIRECT] 	at java.base/java.security.ProtectionDomain$JavaSecurityAccessImpl.doIntersectionPrivilege(ProtectionDomain.java:85)
2025-09-14 21:10:02,461 [ERROR] LogOutputStream:74 - [STDERR_REDIRECT] 	at java.desktop/java.awt.EventQueue.dispatchEvent(EventQueue.java:740)
2025-09-14 21:10:02,464 [ERROR] LogOutputStream:74 - [STDERR_REDIRECT] 	at java.desktop/java.awt.EventDispatchThread.pumpOneEventForFilters(EventDispatchThread.java:203)
2025-09-14 21:10:02,468 [ERROR] LogOutputStream:74 - [STDERR_REDIRECT] 	at java.desktop/java.awt.EventDispatchThread.pumpEventsForFilter(EventDispatchThread.java:124)
2025-09-14 21:10:02,473 [ERROR] LogOutputStream:74 - [STDERR_REDIRECT] 	at java.desktop/java.awt.EventDispatchThread.pumpEventsForHierarchy(EventDispatchThread.java:113)
2025-09-14 21:10:02,476 [ERROR] LogOutputStream:74 - [STDERR_REDIRECT] 	at java.desktop/java.awt.EventDispatchThread.pumpEvents(EventDispatchThread.java:109)
2025-09-14 21:10:02,479 [ERROR] LogOutputStream:74 - [STDERR_REDIRECT] 	at java.desktop/java.awt.EventDispatchThread.pumpEvents(EventDispatchThread.java:101)
2025-09-14 21:10:02,483 [ERROR] LogOutputStream:74 - [STDERR_REDIRECT] 	at java.desktop/java.awt.EventDispatchThread.run(EventDispatchThread.java:90)
