2025-09-21 20:13:43,415 [INFO] Activator:177 - 


2025-09-21 20:13:43,418 [INFO] Activator:178 - !SESSION log4j initialized
2025-09-21 20:24:57,086 [INFO] McuFinderGlobals:39 - Set McuFinder mode to 2 (CubeIDE integrated)
2025-09-21 20:24:57,824 [INFO] ApplicationProperties:181 - Using Application install path: C:\ST\STM32CubeIDE_1.7.0\STM32CubeIDE\plugins\com.st.stm32cube.common.mx_6.3.0.202107141111
2025-09-21 20:24:57,847 [INFO] DbMcusXml:74 - Set database path to: C:\ST\STM32CubeIDE_1.7.0\STM32CubeIDE\plugins\com.st.stm32cube.common.mx_6.3.0.202107141111\\db\/mcu/
2025-09-21 20:24:57,854 [INFO] DbBoardsPdsc:56 - Set plugin database path to: C:\ST\STM32CubeIDE_1.7.0\STM32CubeIDE\plugins\com.st.stm32cube.common.mx_6.3.0.202107141111\\db\/plugins/boardmanager/
2025-09-21 20:24:57,854 [INFO] DbMcus:258 - Set plugin images path to: C:\ST\STM32CubeIDE_1.7.0\STM32CubeIDE\plugins\com.st.stm32cube.common.mx_6.3.0.202107141111\\db\/plugins/mcufinder/images/
2025-09-21 20:24:57,854 [INFO] DbBoards:264 - Set plugin images path to: C:\ST\STM32CubeIDE_1.7.0\STM32CubeIDE\plugins\com.st.stm32cube.common.mx_6.3.0.202107141111\\db\/plugins/mcufinder/images/
2025-09-21 20:24:57,862 [INFO] DbExamples:333 - Set plugin images path to: C:\ST\STM32CubeIDE_1.7.0\STM32CubeIDE\plugins\com.st.stm32cube.common.mx_6.3.0.202107141111\\db\/plugins/mcufinder/images/
2025-09-21 20:24:57,876 [INFO] DbMcusAds:119 - Set database path to: C:\Users\hi\.stmcufinder\plugins\mcufinder//mcu/
2025-09-21 20:24:57,878 [INFO] DbMcusDocs:110 - Set database path to: C:\Users\hi\.stmcufinder\plugins\mcufinder//mcu/
2025-09-21 20:24:57,880 [INFO] DbMcusJson:64 - Set database path to: C:\Users\hi\.stmcufinder\plugins\mcufinder//mcu/
2025-09-21 20:24:57,881 [INFO] DbBoardsDocs:110 - Set database path to: C:\Users\hi\.stmcufinder\plugins\mcufinder//mcu/
2025-09-21 20:24:57,883 [INFO] DbBoardsJson:57 - Set database path to: C:\Users\hi\.stmcufinder\plugins\mcufinder//mcu/
2025-09-21 20:24:58,006 [INFO] CrossReferenceDbSqlite:196 - Set database path to: C:\Users\hi\.stmcufinder\plugins\mcufinder//mcu/cs/
2025-09-21 20:24:58,011 [INFO] DbExamplesSqlite:767 - Set database path to: C:\Users\hi\.stmcufinder\plugins\mcufinder//mcu/
2025-09-21 20:24:58,184 [INFO] RulesReader:57 - Compatibility file has been processed (242 Rules)
2025-09-21 20:24:58,319 [INFO] DbMcusXml:74 - Set database path to: C:\ST\STM32CubeIDE_1.7.0\STM32CubeIDE\plugins\com.st.stm32cube.common.mx_6.3.0.202107141111\\db\/mcu/
2025-09-21 20:24:58,320 [INFO] DbBoardsPdsc:56 - Set plugin database path to: C:\ST\STM32CubeIDE_1.7.0\STM32CubeIDE\plugins\com.st.stm32cube.common.mx_6.3.0.202107141111\\db\/plugins/boardmanager/
2025-09-21 20:24:58,321 [INFO] DbMcus:258 - Set plugin images path to: C:\ST\STM32CubeIDE_1.7.0\STM32CubeIDE\plugins\com.st.stm32cube.common.mx_6.3.0.202107141111\\db\/plugins/mcufinder/images/
2025-09-21 20:24:58,321 [INFO] DbBoards:264 - Set plugin images path to: C:\ST\STM32CubeIDE_1.7.0\STM32CubeIDE\plugins\com.st.stm32cube.common.mx_6.3.0.202107141111\\db\/plugins/mcufinder/images/
2025-09-21 20:24:58,321 [INFO] DbExamples:333 - Set plugin images path to: C:\ST\STM32CubeIDE_1.7.0\STM32CubeIDE\plugins\com.st.stm32cube.common.mx_6.3.0.202107141111\\db\/plugins/mcufinder/images/
2025-09-21 20:24:58,322 [WARN] DbFile:35 - Overriding database path with different value: C:\Users\hi\.stmcufinder\plugins\mcufinder/ => C:\Users\hi\.stmcufinder\plugins\mcufinder
2025-09-21 20:24:58,322 [INFO] DbMcusAds:119 - Set database path to: C:\Users\hi\.stmcufinder\plugins\mcufinder//mcu/
2025-09-21 20:24:58,322 [WARN] DbFile:35 - Overriding database path with different value: C:\Users\hi\.stmcufinder\plugins\mcufinder/ => C:\Users\hi\.stmcufinder\plugins\mcufinder
2025-09-21 20:24:58,322 [INFO] DbMcusDocs:110 - Set database path to: C:\Users\hi\.stmcufinder\plugins\mcufinder//mcu/
2025-09-21 20:24:58,322 [WARN] DbFile:35 - Overriding database path with different value: C:\Users\hi\.stmcufinder\plugins\mcufinder/ => C:\Users\hi\.stmcufinder\plugins\mcufinder
2025-09-21 20:24:58,322 [INFO] DbMcusJson:64 - Set database path to: C:\Users\hi\.stmcufinder\plugins\mcufinder//mcu/
2025-09-21 20:24:58,323 [WARN] DbFile:35 - Overriding database path with different value: C:\Users\hi\.stmcufinder\plugins\mcufinder/ => C:\Users\hi\.stmcufinder\plugins\mcufinder
2025-09-21 20:24:58,323 [INFO] DbBoardsDocs:110 - Set database path to: C:\Users\hi\.stmcufinder\plugins\mcufinder//mcu/
2025-09-21 20:24:58,323 [WARN] DbFile:35 - Overriding database path with different value: C:\Users\hi\.stmcufinder\plugins\mcufinder/ => C:\Users\hi\.stmcufinder\plugins\mcufinder
2025-09-21 20:24:58,323 [INFO] DbBoardsJson:57 - Set database path to: C:\Users\hi\.stmcufinder\plugins\mcufinder//mcu/
2025-09-21 20:24:58,323 [WARN] DbFile:35 - Overriding database path with different value: C:\Users\hi\.stmcufinder\plugins\mcufinder/ => C:\Users\hi\.stmcufinder\plugins\mcufinder
2025-09-21 20:24:58,323 [WARN] DbFile:35 - Overriding database path with different value: C:\Users\hi\.stmcufinder\plugins\mcufinder/ => C:\Users\hi\.stmcufinder\plugins\mcufinder
2025-09-21 20:24:58,324 [INFO] CrossReferenceDbSqlite:196 - Set database path to: C:\Users\hi\.stmcufinder\plugins\mcufinder//mcu/cs/
2025-09-21 20:24:58,324 [WARN] DbFile:35 - Overriding database path with different value: C:\Users\hi\.stmcufinder\plugins\mcufinder/ => C:\Users\hi\.stmcufinder\plugins\mcufinder
2025-09-21 20:24:58,324 [INFO] DbExamplesSqlite:767 - Set database path to: C:\Users\hi\.stmcufinder\plugins\mcufinder//mcu/
2025-09-21 20:24:58,422 [INFO] MainPanel:214 - HeapMemory: 914358272
2025-09-21 20:24:58,539 [INFO] DbMcusXml:74 - Set database path to: C:\ST\STM32CubeIDE_1.7.0\STM32CubeIDE\plugins\com.st.stm32cube.common.mx_6.3.0.202107141111\\db\/mcu/
2025-09-21 20:24:58,539 [INFO] DbBoardsPdsc:56 - Set plugin database path to: C:\ST\STM32CubeIDE_1.7.0\STM32CubeIDE\plugins\com.st.stm32cube.common.mx_6.3.0.202107141111\\db\/plugins/boardmanager/
2025-09-21 20:24:58,539 [INFO] DbMcus:258 - Set plugin images path to: C:\ST\STM32CubeIDE_1.7.0\STM32CubeIDE\plugins\com.st.stm32cube.common.mx_6.3.0.202107141111\\db\/plugins/mcufinder/images/
2025-09-21 20:24:58,539 [INFO] DbBoards:264 - Set plugin images path to: C:\ST\STM32CubeIDE_1.7.0\STM32CubeIDE\plugins\com.st.stm32cube.common.mx_6.3.0.202107141111\\db\/plugins/mcufinder/images/
2025-09-21 20:24:58,539 [INFO] DbExamples:333 - Set plugin images path to: C:\ST\STM32CubeIDE_1.7.0\STM32CubeIDE\plugins\com.st.stm32cube.common.mx_6.3.0.202107141111\\db\/plugins/mcufinder/images/
2025-09-21 20:24:58,540 [WARN] DbFile:35 - Overriding database path with different value: C:\Users\hi\.stmcufinder\plugins\mcufinder/ => C:\Users\hi\.stmcufinder\plugins\mcufinder
2025-09-21 20:24:58,540 [INFO] DbMcusAds:119 - Set database path to: C:\Users\hi\.stmcufinder\plugins\mcufinder//mcu/
2025-09-21 20:24:58,540 [WARN] DbFile:35 - Overriding database path with different value: C:\Users\hi\.stmcufinder\plugins\mcufinder/ => C:\Users\hi\.stmcufinder\plugins\mcufinder
2025-09-21 20:24:58,540 [INFO] DbMcusDocs:110 - Set database path to: C:\Users\hi\.stmcufinder\plugins\mcufinder//mcu/
2025-09-21 20:24:58,540 [WARN] DbFile:35 - Overriding database path with different value: C:\Users\hi\.stmcufinder\plugins\mcufinder/ => C:\Users\hi\.stmcufinder\plugins\mcufinder
2025-09-21 20:24:58,541 [INFO] DbMcusJson:64 - Set database path to: C:\Users\hi\.stmcufinder\plugins\mcufinder//mcu/
2025-09-21 20:24:58,541 [WARN] DbFile:35 - Overriding database path with different value: C:\Users\hi\.stmcufinder\plugins\mcufinder/ => C:\Users\hi\.stmcufinder\plugins\mcufinder
2025-09-21 20:24:58,541 [INFO] DbBoardsDocs:110 - Set database path to: C:\Users\hi\.stmcufinder\plugins\mcufinder//mcu/
2025-09-21 20:24:58,541 [WARN] DbFile:35 - Overriding database path with different value: C:\Users\hi\.stmcufinder\plugins\mcufinder/ => C:\Users\hi\.stmcufinder\plugins\mcufinder
2025-09-21 20:24:58,541 [INFO] DbBoardsJson:57 - Set database path to: C:\Users\hi\.stmcufinder\plugins\mcufinder//mcu/
2025-09-21 20:24:58,541 [WARN] DbFile:35 - Overriding database path with different value: C:\Users\hi\.stmcufinder\plugins\mcufinder/ => C:\Users\hi\.stmcufinder\plugins\mcufinder
2025-09-21 20:24:58,541 [WARN] DbFile:35 - Overriding database path with different value: C:\Users\hi\.stmcufinder\plugins\mcufinder/ => C:\Users\hi\.stmcufinder\plugins\mcufinder
2025-09-21 20:24:58,541 [INFO] CrossReferenceDbSqlite:196 - Set database path to: C:\Users\hi\.stmcufinder\plugins\mcufinder//mcu/cs/
2025-09-21 20:24:58,541 [WARN] DbFile:35 - Overriding database path with different value: C:\Users\hi\.stmcufinder\plugins\mcufinder/ => C:\Users\hi\.stmcufinder\plugins\mcufinder
2025-09-21 20:24:58,542 [INFO] DbExamplesSqlite:767 - Set database path to: C:\Users\hi\.stmcufinder\plugins\mcufinder//mcu/
2025-09-21 20:24:58,571 [INFO] ApplicationProperties:181 - Using Application install path: C:\ST\STM32CubeIDE_1.7.0\STM32CubeIDE\plugins\com.st.stm32cube.common.mx_6.3.0.202107141111
2025-09-21 20:24:58,572 [INFO] PluginManage:188 - Search for loadable plugins [exclusion list=, ]
2025-09-21 20:24:58,574 [INFO] PluginManage:302 - Check plugin analytics
2025-09-21 20:25:03,505 [INFO] AnalyticsPlugin:257 - Accepted Software Licenses: 
2025-09-21 20:25:03,507 [INFO] AnalyticsPlugin:259 - Accepted CMSIS Pack Licenses: 
2025-09-21 20:25:03,507 [INFO] AnalyticsPlugin:261 - Accepted Firmware Licenses: 
2025-09-21 20:25:03,508 [INFO] PluginManage:352 - Loaded plugin analytics (category:tool,tabindex:-1)
2025-09-21 20:25:03,508 [INFO] PluginManage:302 - Check plugin clock
2025-09-21 20:25:03,543 [INFO] PluginManage:352 - Loaded plugin clock (category:base,tabindex:2)
2025-09-21 20:25:03,544 [INFO] PluginManage:302 - Check plugin ddr
2025-09-21 20:25:03,548 [INFO] PluginManage:352 - Loaded plugin ddr (category:tool,tabindex:6)
2025-09-21 20:25:03,548 [INFO] PluginManage:302 - Check plugin filemanager
2025-09-21 20:25:03,749 [INFO] PluginManage:352 - Loaded plugin filemanager (category:base,tabindex:10)
2025-09-21 20:25:03,750 [INFO] PluginManage:302 - Check plugin ipmanager
2025-09-21 20:25:03,761 [INFO] PluginManage:352 - Loaded plugin ipmanager (category:base,tabindex:5)
2025-09-21 20:25:03,761 [INFO] PluginManage:302 - Check plugin pinoutandconfiguration
2025-09-21 20:25:03,796 [INFO] PluginManage:352 - Loaded plugin pinoutandconfiguration (category:base,tabindex:1)
2025-09-21 20:25:03,797 [INFO] PluginManage:302 - Check plugin pinoutconfig
2025-09-21 20:25:03,863 [INFO] PluginManage:352 - Loaded plugin pinoutconfig (category:base,tabindex:0)
2025-09-21 20:25:03,863 [INFO] PluginManage:302 - Check plugin power
2025-09-21 20:25:03,898 [INFO] PluginManage:352 - Loaded plugin power (category:power,tabindex:4)
2025-09-21 20:25:03,898 [INFO] PluginManage:302 - Check plugin projectmanager
2025-09-21 20:25:03,923 [INFO] PluginManage:352 - Loaded plugin projectmanager (category:projectmanager,tabindex:3)
2025-09-21 20:25:03,923 [INFO] PluginManage:302 - Check plugin thirdparty
2025-09-21 20:25:04,338 [WARN] IntegrityCheckThread:78 - waiting for thirdparty lock release [integrity check]
2025-09-21 20:25:04,339 [INFO] PluginManage:352 - Loaded plugin thirdparty (category:base,tabindex:-1)
2025-09-21 20:25:04,339 [INFO] IntegrityCheckThread:80 - entering critical section [integrity check]
2025-09-21 20:25:04,340 [INFO] PluginManage:302 - Check plugin tools
2025-09-21 20:25:04,340 [INFO] ThirdPartyUpdaterWithRetryManager:66 - Updater plugin not ready yet. [1/15]
2025-09-21 20:25:04,471 [INFO] PluginManage:352 - Loaded plugin tools (category:base,tabindex:7)
2025-09-21 20:25:04,471 [INFO] PluginManage:302 - Check plugin tutovideos
2025-09-21 20:25:04,844 [INFO] PluginManage:352 - Loaded plugin tutovideos (category:base,tabindex:-1)
2025-09-21 20:25:04,844 [INFO] PluginManage:302 - Check plugin updater
2025-09-21 20:25:04,859 [INFO] PluginManage:352 - Loaded plugin updater (category:base,tabindex:12)
2025-09-21 20:25:04,860 [INFO] PluginManage:275 - PluginManage : Loaded plugins [13]
2025-09-21 20:25:05,177 [INFO] PinOutPanel:1463 - setPackage(No Configuration,No Configuration)
2025-09-21 20:25:05,320 [INFO] IPUIPlugin:74 - create IPUIPlugin
2025-09-21 20:25:05,320 [INFO] PluginManager:213 - loadIPPluginJar : add adc
2025-09-21 20:25:05,425 [INFO] IPUIPlugin:74 - create IPUIPlugin
2025-09-21 20:25:05,425 [INFO] PluginManager:213 - loadIPPluginJar : add aes
2025-09-21 20:25:05,535 [INFO] IPUIPlugin:74 - create IPUIPlugin
2025-09-21 20:25:05,536 [INFO] PluginManager:213 - loadIPPluginJar : add can
2025-09-21 20:25:05,617 [INFO] IPUIPlugin:74 - create IPUIPlugin
2025-09-21 20:25:05,618 [INFO] PluginManager:213 - loadIPPluginJar : add comp
2025-09-21 20:25:05,706 [INFO] IPUIPlugin:74 - create IPUIPlugin
2025-09-21 20:25:05,706 [INFO] PluginManager:213 - loadIPPluginJar : add cryp
2025-09-21 20:25:05,798 [INFO] IPUIPlugin:74 - create IPUIPlugin
2025-09-21 20:25:05,798 [INFO] PluginManager:213 - loadIPPluginJar : add dfsdm
2025-09-21 20:25:05,821 [INFO] IPUIPlugin:74 - create IPUIPlugin
2025-09-21 20:25:05,822 [INFO] PluginManager:213 - loadIPPluginJar : add dma
2025-09-21 20:25:05,934 [INFO] IPUIPlugin:74 - create IPUIPlugin
2025-09-21 20:25:05,934 [INFO] PluginManager:213 - loadIPPluginJar : add dma3
2025-09-21 20:25:06,000 [INFO] IPUIPlugin:74 - create IPUIPlugin
2025-09-21 20:25:06,000 [INFO] PluginManager:213 - loadIPPluginJar : add fatfs
2025-09-21 20:25:06,119 [INFO] IPUIPlugin:74 - create IPUIPlugin
2025-09-21 20:25:06,119 [INFO] PluginManager:213 - loadIPPluginJar : add fmc
2025-09-21 20:25:06,143 [INFO] IPUIPlugin:74 - create IPUIPlugin
2025-09-21 20:25:06,144 [INFO] PluginManager:213 - loadIPPluginJar : add freertos
2025-09-21 20:25:06,205 [INFO] IPUIPlugin:74 - create IPUIPlugin
2025-09-21 20:25:06,205 [INFO] PluginManager:213 - loadIPPluginJar : add genericplugin
2025-09-21 20:25:06,400 [INFO] IPUIPlugin:74 - create IPUIPlugin
2025-09-21 20:25:06,400 [INFO] PluginManager:213 - loadIPPluginJar : add gfxmmu
2025-09-21 20:25:06,670 [INFO] IPUIPlugin:74 - create IPUIPlugin
2025-09-21 20:25:06,671 [INFO] PluginManager:213 - loadIPPluginJar : add gic
2025-09-21 20:25:06,694 [INFO] IPUIPlugin:74 - create IPUIPlugin
2025-09-21 20:25:06,694 [INFO] PluginManager:213 - loadIPPluginJar : add gpio
2025-09-21 20:25:06,853 [INFO] IPUIPlugin:74 - create IPUIPlugin
2025-09-21 20:25:06,853 [INFO] PluginManager:213 - loadIPPluginJar : add gtzc
2025-09-21 20:25:06,930 [INFO] IPUIPlugin:74 - create IPUIPlugin
2025-09-21 20:25:06,930 [INFO] PluginManager:213 - loadIPPluginJar : add hash
2025-09-21 20:25:07,053 [INFO] IPUIPlugin:74 - create IPUIPlugin
2025-09-21 20:25:07,054 [INFO] PluginManager:213 - loadIPPluginJar : add i2c
2025-09-21 20:25:07,156 [INFO] IPUIPlugin:74 - create IPUIPlugin
2025-09-21 20:25:07,156 [INFO] PluginManager:213 - loadIPPluginJar : add i2s
2025-09-21 20:25:07,177 [INFO] IPUIPlugin:74 - create IPUIPlugin
2025-09-21 20:25:07,177 [INFO] PluginManager:213 - loadIPPluginJar : add ipddr
2025-09-21 20:25:07,351 [INFO] ThirdPartyUpdaterWithRetryManager:66 - Updater plugin not ready yet. [2/15]
2025-09-21 20:25:07,381 [INFO] IPUIPlugin:74 - create IPUIPlugin
2025-09-21 20:25:07,381 [INFO] PluginManager:213 - loadIPPluginJar : add linkedlist
2025-09-21 20:25:07,472 [INFO] IPUIPlugin:74 - create IPUIPlugin
2025-09-21 20:25:07,472 [INFO] PluginManager:213 - loadIPPluginJar : add lorawan
2025-09-21 20:25:07,569 [INFO] IPUIPlugin:74 - create IPUIPlugin
2025-09-21 20:25:07,569 [INFO] PluginManager:213 - loadIPPluginJar : add ltdc
2025-09-21 20:25:07,594 [INFO] IPUIPlugin:74 - create IPUIPlugin
2025-09-21 20:25:07,594 [INFO] PluginManager:213 - loadIPPluginJar : add mdma
2025-09-21 20:25:07,617 [INFO] IPUIPlugin:74 - create IPUIPlugin
2025-09-21 20:25:07,618 [INFO] PluginManager:213 - loadIPPluginJar : add nvic
2025-09-21 20:25:07,713 [INFO] IPUIPlugin:74 - create IPUIPlugin
2025-09-21 20:25:07,713 [INFO] PluginManager:213 - loadIPPluginJar : add opamp
2025-09-21 20:25:07,863 [INFO] IPUIPlugin:74 - create IPUIPlugin
2025-09-21 20:25:07,863 [INFO] PluginManager:213 - loadIPPluginJar : add openamp
2025-09-21 20:25:07,972 [INFO] IPUIPlugin:74 - create IPUIPlugin
2025-09-21 20:25:07,972 [INFO] PluginManager:213 - loadIPPluginJar : add pdm2pcm
2025-09-21 20:25:07,996 [INFO] IPUIPlugin:74 - create IPUIPlugin
2025-09-21 20:25:08,001 [INFO] PluginManager:213 - loadIPPluginJar : add plateformsettings
2025-09-21 20:25:08,066 [INFO] IPUIPlugin:74 - create IPUIPlugin
2025-09-21 20:25:08,066 [INFO] PluginManager:213 - loadIPPluginJar : add quadspi
2025-09-21 20:25:08,090 [INFO] IPUIPlugin:74 - create IPUIPlugin
2025-09-21 20:25:08,090 [INFO] PluginManager:213 - loadIPPluginJar : add resmgrutility
2025-09-21 20:25:08,216 [INFO] IPUIPlugin:74 - create IPUIPlugin
2025-09-21 20:25:08,216 [INFO] PluginManager:213 - loadIPPluginJar : add sai
2025-09-21 20:25:08,309 [INFO] IPUIPlugin:74 - create IPUIPlugin
2025-09-21 20:25:08,309 [INFO] PluginManager:213 - loadIPPluginJar : add spi
2025-09-21 20:25:08,427 [INFO] IPUIPlugin:74 - create IPUIPlugin
2025-09-21 20:25:08,428 [INFO] PluginManager:213 - loadIPPluginJar : add stm32_wpan
2025-09-21 20:25:08,494 [INFO] IPUIPlugin:74 - create IPUIPlugin
2025-09-21 20:25:08,494 [INFO] PluginManager:213 - loadIPPluginJar : add tim
2025-09-21 20:25:08,631 [INFO] IPUIPlugin:74 - create IPUIPlugin
2025-09-21 20:25:08,631 [INFO] PluginManager:213 - loadIPPluginJar : add touchsensing
2025-09-21 20:25:08,698 [INFO] IPUIPlugin:74 - create IPUIPlugin
2025-09-21 20:25:08,699 [INFO] PluginManager:213 - loadIPPluginJar : add tracer_emb
2025-09-21 20:25:08,769 [INFO] IPUIPlugin:74 - create IPUIPlugin
2025-09-21 20:25:08,769 [INFO] PluginManager:213 - loadIPPluginJar : add ts
2025-09-21 20:25:08,838 [INFO] IPUIPlugin:74 - create IPUIPlugin
2025-09-21 20:25:08,838 [INFO] PluginManager:213 - loadIPPluginJar : add tsc
2025-09-21 20:25:08,903 [INFO] IPUIPlugin:74 - create IPUIPlugin
2025-09-21 20:25:08,903 [INFO] PluginManager:213 - loadIPPluginJar : add ucpd
2025-09-21 20:25:09,007 [INFO] IPUIPlugin:74 - create IPUIPlugin
2025-09-21 20:25:09,007 [INFO] PluginManager:213 - loadIPPluginJar : add usart
2025-09-21 20:25:09,098 [INFO] IPUIPlugin:74 - create IPUIPlugin
2025-09-21 20:25:09,099 [INFO] PluginManager:213 - loadIPPluginJar : add usbx
2025-09-21 20:25:09,482 [FATAL] Updater:294 - Updater called before beeing initialized
2025-09-21 20:25:09,630 [FATAL] Updater:294 - Updater called before beeing initialized
2025-09-21 20:25:09,646 [INFO] DbMcusAds:47 - JSON generation date=Tue Jul 08 15:14:23 ICT 2025 (1751962463582)
2025-09-21 20:25:09,646 [FATAL] Updater:294 - Updater called before beeing initialized
2025-09-21 20:25:09,696 [WARN] DetailPanel:314 - Failed to get advertising image, set to default
2025-09-21 20:25:09,837 [FATAL] Updater:294 - Updater called before beeing initialized
2025-09-21 20:25:09,840 [FATAL] Updater:294 - Updater called before beeing initialized
2025-09-21 20:25:09,840 [FATAL] Updater:294 - Updater called before beeing initialized
2025-09-21 20:25:09,840 [WARN] DetailPanel:314 - Failed to get advertising image, set to default
2025-09-21 20:25:09,842 [FATAL] Updater:294 - Updater called before beeing initialized
2025-09-21 20:25:09,930 [ERROR] Updater:1075 - MainUpdater not yet initialized. External WinMGr cannot be set.
2025-09-21 20:25:09,945 [INFO] Updater:1012 - Updater Version found : 6.3.0
2025-09-21 20:25:09,969 [INFO] ApplicationProperties:181 - Using Application install path: C:\ST\STM32CubeIDE_1.7.0\STM32CubeIDE\plugins\com.st.stm32cube.common.mx_6.3.0.202107141111
2025-09-21 20:25:10,365 [INFO] ThirdPartyUpdaterWithRetryManager:66 - Updater plugin not ready yet. [3/15]
2025-09-21 20:25:10,399 [INFO] MainUpdater:2671 - connection check result : 10
2025-09-21 20:25:10,399 [INFO] MainUpdater:3359 - Updater definition file requires update
2025-09-21 20:25:10,401 [INFO] MainUpdater:265 - Updater Check For Update Now.
2025-09-21 20:25:10,401 [INFO] MicroXplorer:478 - Change Database Version : DB.6.0.30
2025-09-21 20:25:10,694 [INFO] ServerAccessManage:362 - Download File updaters.zip
2025-09-21 20:25:10,997 [INFO] FileExtend:235 - Unzip File : updaters.zip
2025-09-21 20:25:10,997 [INFO] FileExtend:250 - Standard Zip Deflate
2025-09-21 20:25:13,197 [INFO] ServerAccessManage:362 - Download File PacksControlFlags.xml
2025-09-21 20:25:13,435 [WARN] MainUpdater:1122 - Updater busy. Cannot search thirdparties
2025-09-21 20:25:13,435 [INFO] ThirdPartyUpdaterWithRetryManager:92 - Updater plugin is busy. [1/15]
2025-09-21 20:25:13,890 [INFO] ServerAccessManage:362 - Download File cubemx.pidx
2025-09-21 20:25:16,230 [INFO] ServerAccessManage:362 - Download File STMicroelectronics.X-CUBE-FREERTOS.pdsc
2025-09-21 20:25:16,446 [WARN] MainUpdater:1122 - Updater busy. Cannot search thirdparties
2025-09-21 20:25:16,446 [INFO] ThirdPartyUpdaterWithRetryManager:92 - Updater plugin is busy. [2/15]
2025-09-21 20:25:19,446 [WARN] MainUpdater:1122 - Updater busy. Cannot search thirdparties
2025-09-21 20:25:19,446 [INFO] ThirdPartyUpdaterWithRetryManager:92 - Updater plugin is busy. [3/15]
2025-09-21 20:25:22,107 [INFO] MainUpdater:2671 - connection check result : 10
2025-09-21 20:25:22,451 [WARN] MainUpdater:1122 - Updater busy. Cannot search thirdparties
2025-09-21 20:25:22,452 [INFO] ThirdPartyUpdaterWithRetryManager:92 - Updater plugin is busy. [4/15]
2025-09-21 20:25:23,517 [INFO] ServerAccessManage:362 - Download File WES.I-CUBE-Cesium.pdsc
2025-09-21 20:25:25,466 [WARN] MainUpdater:1122 - Updater busy. Cannot search thirdparties
2025-09-21 20:25:25,466 [INFO] ThirdPartyUpdaterWithRetryManager:92 - Updater plugin is busy. [5/15]
2025-09-21 20:25:28,155 [ERROR] ServerAccessManage:974 - Problem, file not found on Server
2025-09-21 20:25:28,478 [WARN] MainUpdater:1122 - Updater busy. Cannot search thirdparties
2025-09-21 20:25:28,478 [INFO] ThirdPartyUpdaterWithRetryManager:92 - Updater plugin is busy. [6/15]
2025-09-21 20:25:29,265 [ERROR] ServerAccessManage:974 - Problem, file not found on Server
2025-09-21 20:25:29,522 [WARN] PopulateThirdPartyThread:100 - Error when creating pack: C:/Users/hi/.stm32cubemx/thirdparties/pdsc/STMicroelectronics.X-CUBE-FREERTOS.pdsc
2025-09-21 20:25:29,532 [WARN] PopulateThirdPartyThread:100 - Error when creating pack: C:/Users/hi/.stm32cubemx/thirdparties/pdsc/WES.I-CUBE-Cesium.pdsc
2025-09-21 20:25:29,532 [INFO] PopulateThirdPartyThread:60 - Ending populate Thread
2025-09-21 20:25:29,532 [INFO] LoadServerUpdatesThread:339 - End of LoadServerUpdate Thread
2025-09-21 20:25:29,710 [INFO] CheckServerUpdateThread:112 - End of CheckServer Thread
2025-09-21 20:25:29,785 [INFO] McuFinderGlobals:52 - Set McuFinderConnectedMode to true
2025-09-21 20:25:30,946 [INFO] ServerAccessManage:362 - Download File mcusAds.json._tmp_
2025-09-21 20:25:31,069 [INFO] LoadUrlFilesThread:145 - End of LoadUrlFiles Thread
2025-09-21 20:25:31,484 [WARN] MainUpdater:1122 - Updater busy. Cannot search thirdparties
2025-09-21 20:25:31,484 [INFO] ThirdPartyUpdaterWithRetryManager:92 - Updater plugin is busy. [7/15]
2025-09-21 20:25:32,638 [INFO] ServerAccessManage:362 - Download File mcusDocs.json._tmp_
2025-09-21 20:25:33,887 [INFO] LoadUrlFilesThread:145 - End of LoadUrlFiles Thread
2025-09-21 20:25:34,202 [INFO] ServerAccessManage:362 - Download File mcusFeaturesAndDescription.json._tmp_
2025-09-21 20:25:34,486 [WARN] MainUpdater:1122 - Updater busy. Cannot search thirdparties
2025-09-21 20:25:34,486 [INFO] ThirdPartyUpdaterWithRetryManager:92 - Updater plugin is busy. [8/15]
2025-09-21 20:25:37,494 [WARN] MainUpdater:1122 - Updater busy. Cannot search thirdparties
2025-09-21 20:25:37,494 [INFO] ThirdPartyUpdaterWithRetryManager:92 - Updater plugin is busy. [9/15]
2025-09-21 20:25:40,509 [WARN] MainUpdater:1122 - Updater busy. Cannot search thirdparties
2025-09-21 20:25:40,509 [INFO] ThirdPartyUpdaterWithRetryManager:92 - Updater plugin is busy. [10/15]
2025-09-21 20:25:42,350 [INFO] LoadUrlFilesThread:145 - End of LoadUrlFiles Thread
2025-09-21 20:25:42,694 [INFO] ServerAccessManage:362 - Download File boardsDocs.json._tmp_
2025-09-21 20:25:42,831 [INFO] LoadUrlFilesThread:145 - End of LoadUrlFiles Thread
2025-09-21 20:25:43,138 [INFO] ServerAccessManage:362 - Download File boards.json._tmp_
2025-09-21 20:25:43,517 [WARN] MainUpdater:1122 - Updater busy. Cannot search thirdparties
2025-09-21 20:25:43,517 [INFO] ThirdPartyUpdaterWithRetryManager:92 - Updater plugin is busy. [11/15]
2025-09-21 20:25:43,534 [INFO] LoadUrlFilesThread:145 - End of LoadUrlFiles Thread
2025-09-21 20:25:43,884 [INFO] ServerAccessManage:362 - Download File cube-finder-db.zip
2025-09-21 20:25:46,526 [WARN] MainUpdater:1122 - Updater busy. Cannot search thirdparties
2025-09-21 20:25:46,527 [INFO] ThirdPartyUpdaterWithRetryManager:92 - Updater plugin is busy. [12/15]
2025-09-21 20:25:49,532 [WARN] MainUpdater:1122 - Updater busy. Cannot search thirdparties
2025-09-21 20:25:49,532 [INFO] ThirdPartyUpdaterWithRetryManager:92 - Updater plugin is busy. [13/15]
2025-09-21 20:25:52,545 [WARN] MainUpdater:1122 - Updater busy. Cannot search thirdparties
2025-09-21 20:25:52,545 [INFO] ThirdPartyUpdaterWithRetryManager:92 - Updater plugin is busy. [14/15]
2025-09-21 20:25:55,559 [WARN] MainUpdater:1122 - Updater busy. Cannot search thirdparties
2025-09-21 20:25:55,560 [INFO] ThirdPartyUpdaterWithRetryManager:92 - Updater plugin is busy. [15/15]
2025-09-21 20:25:55,560 [ERROR] IntegrityCheckThread:124 - Cannot retrieve database content from updater: error -1
2025-09-21 20:25:55,560 [INFO] ThirdParty:915 - Integrity check success = false
2025-09-21 20:25:55,561 [INFO] IntegrityCheckThread:94 - exiting critical section [integrity check]
2025-09-21 20:25:55,561 [INFO] IntegrityCheckThread:97 - End integrity checks thread
2025-09-21 20:26:33,234 [INFO] FileExtend:235 - Unzip File : cube-finder-db.zip
2025-09-21 20:26:33,234 [INFO] FileExtend:250 - Standard Zip Deflate
2025-09-21 20:26:36,251 [INFO] LoadUrlFilesThread:145 - End of LoadUrlFiles Thread
2025-09-21 20:26:38,341 [INFO] ServerAccessManage:362 - Download File crdb.zip
2025-09-21 20:26:40,151 [INFO] FileExtend:235 - Unzip File : crdb.zip
2025-09-21 20:26:40,152 [INFO] FileExtend:250 - Standard Zip Deflate
2025-09-21 20:26:40,333 [INFO] LoadUrlFilesThread:145 - End of LoadUrlFiles Thread
2025-09-21 20:26:40,638 [INFO] ServerAccessManage:362 - Download File tutoVideoDB.zip
2025-09-21 20:26:40,770 [INFO] FileExtend:235 - Unzip File : tutoVideoDB.zip
2025-09-21 20:26:40,770 [INFO] FileExtend:250 - Standard Zip Deflate
2025-09-21 20:26:40,910 [INFO] LoadUrlFilesThread:145 - End of LoadUrlFiles Thread
2025-09-21 20:26:40,914 [INFO] DbMcusAds:47 - JSON generation date=Tue Jul 08 15:14:23 ICT 2025 (1751962463524)
2025-09-21 20:26:40,937 [INFO] DbMcusDocs:143 - JSON generation date=Tue Nov 16 23:17:54 ICT 2021 (1637079474)
2025-09-21 20:26:40,937 [INFO] DbMcusXml:100 - Load MCU database from C:\ST\STM32CubeIDE_1.7.0\STM32CubeIDE\plugins\com.st.stm32cube.common.mx_6.3.0.202107141111\\db\/mcu/families.xml
2025-09-21 20:26:42,701 [INFO] DbMcusJson:93 - JSON generation date=Tue Nov 16 23:17:54 ICT 2021 (1637079474)
2025-09-21 20:26:44,622 [INFO] DbMcus:175 - Found 1951 MCUs (1903 are supported by CubeMX, 1914 are visible in CubeMX)
2025-09-21 20:26:44,624 [INFO] ApiDb:251 - Load user favorites file C:\Users\hi/.stm32cubeide/favorites.mcus.txt: 0 item(s)
2025-09-21 20:26:44,624 [INFO] ApiDb:255 - User favorites MCUs=[]
2025-09-21 20:26:44,624 [INFO] DbMcus:187 - Set 0 / 0 favorites MCUs
2025-09-21 20:26:46,275 [INFO] DbMcusDocs:79 - Found 682 MCUs documents
2025-09-21 20:26:46,278 [INFO] ApiDb:276 - Save user favorites file C:\Users\hi/.stm32cubeide/favorites.mcus.txt: 0 item(s)
2025-09-21 20:26:46,279 [INFO] ApiDb:280 - User favorites MCUs=[]
2025-09-21 20:26:46,279 [INFO] DbMcusXml:100 - Load MCU database from C:\ST\STM32CubeIDE_1.7.0\STM32CubeIDE\plugins\com.st.stm32cube.common.mx_6.3.0.202107141111\\db\/mcu/families.xml
2025-09-21 20:26:48,762 [INFO] DbMcusJson:93 - JSON generation date=Tue Nov 16 23:17:54 ICT 2021 (1637079474)
2025-09-21 20:26:50,884 [INFO] DbMcus:175 - Found 1951 MCUs (1903 are supported by CubeMX, 1914 are visible in CubeMX)
2025-09-21 20:26:50,885 [INFO] ApiDb:251 - Load user favorites file C:\Users\hi/.stm32cubeide/favorites.mcus.txt: 0 item(s)
2025-09-21 20:26:50,885 [INFO] ApiDb:255 - User favorites MCUs=[]
2025-09-21 20:26:50,886 [INFO] DbMcus:187 - Set 0 / 0 favorites MCUs
2025-09-21 20:26:50,903 [INFO] DbBoardsDocs:143 - JSON generation date=Tue Nov 16 23:17:54 ICT 2021 (1637079474)
2025-09-21 20:26:50,947 [INFO] DbBoardsPdsc:90 - Found 25 items
2025-09-21 20:26:50,970 [INFO] DbBoardsPdsc:90 - Found 9 items
2025-09-21 20:26:51,004 [INFO] DbBoardsPdsc:90 - Found 33 items
2025-09-21 20:26:51,031 [INFO] DbBoardsPdsc:90 - Found 1 items
2025-09-21 20:26:51,073 [INFO] DbBoardsPdsc:90 - Found 48 items
2025-09-21 20:26:51,108 [INFO] DbBoardsPdsc:90 - Found 43 items
2025-09-21 20:26:51,140 [INFO] DbBoardsPdsc:90 - Found 2 items
2025-09-21 20:26:51,171 [INFO] DbBoardsPdsc:90 - Found 5 items
2025-09-21 20:26:51,181 [WARN] DbBoardsPdsc:254 - Board STM32H7B3I-DK: unknown feature type=Audio, name=, username=Audio stereo codec with Headphone Amp (CS42L51-CNZ), n=1
2025-09-21 20:26:51,182 [WARN] DbBoardsPdsc:254 - Board STM32H735G-DK: unknown feature type=Audio, name=, username=Audio stereo codec with Headphone Amp (WM8994ECS/R), n=1
2025-09-21 20:26:51,183 [WARN] DbBoardsPdsc:254 - Board STM32H7B3I-EVAL: unknown feature type=Audio, name=, username=Multi-Channel Audio Codec (CS42L51-CNZ), n=1
2025-09-21 20:26:51,183 [WARN] DbBoardsPdsc:254 - Board STM32H7B3I-EVAL: unknown feature type=Meter, name=, username=Power-metering and Temperature-monitoring with sigma-delta modulators, n=1
2025-09-21 20:26:51,183 [WARN] DbBoardsPdsc:254 - Board STM32H7B3I-EVAL: unknown feature type=Motor, name=, username=Motor Control, n=1
2025-09-21 20:26:51,184 [WARN] DbBoardsPdsc:254 - Board STM32U575I-EV: unknown feature type=joystick, name=, username=4-direction joystick with selection button, n=1
2025-09-21 20:26:51,221 [INFO] DbBoardsJson:86 - JSON generation date=Tue Nov 16 23:17:54 ICT 2021 (1637079474)
2025-09-21 20:26:51,238 [INFO] DbBoards:117 - Found 167 boards (163 are supported by CubeMX)
2025-09-21 20:26:51,247 [INFO] DbBoardsDocs:143 - JSON generation date=Tue Nov 16 23:17:54 ICT 2021 (1637079474)
2025-09-21 20:26:51,254 [INFO] DbBoardsDocs:79 - Found 209 boards documents
2025-09-21 20:26:51,263 [WARN] DbBoards:127 - board B-L475E-IOT01A2 has no document id list !
2025-09-21 20:26:51,265 [WARN] DbBoards:127 - board NUCLEO-H743ZI has no document id list !
2025-09-21 20:26:51,266 [WARN] DbBoards:127 - board NUCLEO-WL55JC2 has no document id list !
2025-09-21 20:26:51,267 [WARN] DbBoards:127 - board P-NUCLEO-WB55-Nucleo has no document id list !
2025-09-21 20:26:51,267 [WARN] DbBoards:127 - board P-NUCLEO-WB55-USBDongle has no document id list !
2025-09-21 20:26:51,267 [WARN] DbBoards:127 - board STEVAL-BFA001V1B has no document id list !
2025-09-21 20:26:51,267 [WARN] DbBoards:127 - board STEVAL-BFA001V2B has no document id list !
2025-09-21 20:26:51,267 [WARN] DbBoards:127 - board STEVAL-IDP005V1 has no document id list !
2025-09-21 20:26:51,267 [WARN] DbBoards:127 - board STEVAL-IDP005V2 has no document id list !
2025-09-21 20:26:51,267 [WARN] DbBoards:127 - board STEVAL-MKSBOX1V1 has no document id list !
2025-09-21 20:26:51,267 [WARN] DbBoards:127 - board STEVAL-STWINKT1 has no document id list !
2025-09-21 20:26:51,268 [WARN] DbBoards:127 - board STEVAL-STWINKT1B has no document id list !
2025-09-21 20:26:51,268 [WARN] DbBoards:127 - board STM32439I-EVAL2 has no document id list !
2025-09-21 20:26:51,268 [WARN] DbBoards:127 - board STM32F401C-DISCO has no document id list !
2025-09-21 20:26:51,269 [WARN] DbBoards:127 - board STM32F769I-DISC1 has no document id list !
2025-09-21 20:26:51,270 [WARN] DbBoards:127 - board STM32G474E-EVAL1 has no document id list !
2025-09-21 20:26:51,270 [WARN] DbBoards:127 - board STM32H743I-EVAL2 has no document id list !
2025-09-21 20:26:51,270 [WARN] DbBoards:127 - board STM32H747I-DISC1 has no document id list !
2025-09-21 20:26:51,271 [WARN] DbBoards:127 - board STM32H753I-EVAL2 has no document id list !
2025-09-21 20:26:51,271 [WARN] DbBoards:127 - board STM32L-DISCOVERY has no document id list !
2025-09-21 20:26:51,570 [ERROR] DbBoards:189 - Image file not found for board B-U585I-IOT02A: C:\ST\STM32CubeIDE_1.7.0\STM32CubeIDE\plugins\com.st.stm32cube.common.mx_6.3.0.202107141111\\db\/plugins/mcufinder/images/boards/B-U585I-IOT02A_small.jpg
2025-09-21 20:26:51,762 [ERROR] DbBoards:189 - Image file not found for board NUCLEO-F413ZH: C:\ST\STM32CubeIDE_1.7.0\STM32CubeIDE\plugins\com.st.stm32cube.common.mx_6.3.0.202107141111\\db\/plugins/mcufinder/images/boards/nucleo-f413zh_small.jpg
2025-09-21 20:26:52,206 [ERROR] DbBoards:189 - Image file not found for board NUCLEO-L552ZE-Q: C:\ST\STM32CubeIDE_1.7.0\STM32CubeIDE\plugins\com.st.stm32cube.common.mx_6.3.0.202107141111\\db\/plugins/mcufinder/images/boards/nucleo_l552ze_q_small.jpg
2025-09-21 20:26:52,206 [ERROR] DbBoards:189 - Image file not found for board NUCLEO-U575ZI-Q: C:\ST\STM32CubeIDE_1.7.0\STM32CubeIDE\plugins\com.st.stm32cube.common.mx_6.3.0.202107141111\\db\/plugins/mcufinder/images/boards/nucleo-u575zi-q_small.jpg
2025-09-21 20:26:52,206 [ERROR] DbBoards:189 - Image file not found for board NUCLEO-WB15CC: C:\ST\STM32CubeIDE_1.7.0\STM32CubeIDE\plugins\com.st.stm32cube.common.mx_6.3.0.202107141111\\db\/plugins/mcufinder/images/boards/nucleo-wb15cc_small.jpg
2025-09-21 20:26:52,207 [ERROR] DbBoards:189 - Image file not found for board NUCLEO-WB55RG: C:\ST\STM32CubeIDE_1.7.0\STM32CubeIDE\plugins\com.st.stm32cube.common.mx_6.3.0.202107141111\\db\/plugins/mcufinder/images/boards/nucleo-wb55rg_small.jpg
2025-09-21 20:26:55,572 [INFO] ApiDb:251 - Load user favorites file C:\Users\hi/.stm32cubeide/favorites.boards.txt: 0 item(s)
2025-09-21 20:26:55,572 [INFO] ApiDb:255 - User favorites Boards=[]
2025-09-21 20:26:55,572 [INFO] DbBoards:206 - Set 0 / 0 favorites Boards
2025-09-21 20:26:55,577 [INFO] DbBoardsDocs:79 - Found 418 boards documents
2025-09-21 20:26:55,578 [INFO] ApiDb:276 - Save user favorites file C:\Users\hi/.stm32cubeide/favorites.boards.txt: 0 item(s)
2025-09-21 20:26:55,578 [INFO] ApiDb:280 - User favorites Boards=[]
2025-09-21 20:26:55,582 [INFO] DbBoardsPdsc:90 - Found 25 items
2025-09-21 20:26:55,586 [INFO] DbBoardsPdsc:90 - Found 9 items
2025-09-21 20:26:55,591 [INFO] DbBoardsPdsc:90 - Found 33 items
2025-09-21 20:26:55,593 [INFO] DbBoardsPdsc:90 - Found 1 items
2025-09-21 20:26:55,600 [INFO] DbBoardsPdsc:90 - Found 48 items
2025-09-21 20:26:55,611 [INFO] DbBoardsPdsc:90 - Found 43 items
2025-09-21 20:26:55,612 [INFO] DbBoardsPdsc:90 - Found 2 items
2025-09-21 20:26:55,614 [INFO] DbBoardsPdsc:90 - Found 5 items
2025-09-21 20:26:55,620 [WARN] DbBoardsPdsc:254 - Board STM32H7B3I-DK: unknown feature type=Audio, name=, username=Audio stereo codec with Headphone Amp (CS42L51-CNZ), n=1
2025-09-21 20:26:55,620 [WARN] DbBoardsPdsc:254 - Board STM32H735G-DK: unknown feature type=Audio, name=, username=Audio stereo codec with Headphone Amp (WM8994ECS/R), n=1
2025-09-21 20:26:55,621 [WARN] DbBoardsPdsc:254 - Board STM32H7B3I-EVAL: unknown feature type=Audio, name=, username=Multi-Channel Audio Codec (CS42L51-CNZ), n=1
2025-09-21 20:26:55,622 [WARN] DbBoardsPdsc:254 - Board STM32H7B3I-EVAL: unknown feature type=Meter, name=, username=Power-metering and Temperature-monitoring with sigma-delta modulators, n=1
2025-09-21 20:26:55,622 [WARN] DbBoardsPdsc:254 - Board STM32H7B3I-EVAL: unknown feature type=Motor, name=, username=Motor Control, n=1
2025-09-21 20:26:55,622 [WARN] DbBoardsPdsc:254 - Board STM32U575I-EV: unknown feature type=joystick, name=, username=4-direction joystick with selection button, n=1
2025-09-21 20:26:55,655 [INFO] DbBoardsJson:86 - JSON generation date=Tue Nov 16 23:17:54 ICT 2021 (1637079474)
2025-09-21 20:26:55,660 [INFO] DbBoards:117 - Found 167 boards (163 are supported by CubeMX)
2025-09-21 20:26:55,661 [WARN] DbBoards:127 - board B-L475E-IOT01A2 has no document id list !
2025-09-21 20:26:55,661 [WARN] DbBoards:127 - board NUCLEO-H743ZI has no document id list !
2025-09-21 20:26:55,661 [WARN] DbBoards:127 - board NUCLEO-WL55JC2 has no document id list !
2025-09-21 20:26:55,661 [WARN] DbBoards:127 - board P-NUCLEO-WB55-Nucleo has no document id list !
2025-09-21 20:26:55,661 [WARN] DbBoards:127 - board P-NUCLEO-WB55-USBDongle has no document id list !
2025-09-21 20:26:55,662 [WARN] DbBoards:127 - board STEVAL-BFA001V1B has no document id list !
2025-09-21 20:26:55,662 [WARN] DbBoards:127 - board STEVAL-BFA001V2B has no document id list !
2025-09-21 20:26:55,662 [WARN] DbBoards:127 - board STEVAL-IDP005V1 has no document id list !
2025-09-21 20:26:55,662 [WARN] DbBoards:127 - board STEVAL-IDP005V2 has no document id list !
2025-09-21 20:26:55,662 [WARN] DbBoards:127 - board STEVAL-MKSBOX1V1 has no document id list !
2025-09-21 20:26:55,662 [WARN] DbBoards:127 - board STEVAL-STWINKT1 has no document id list !
2025-09-21 20:26:55,662 [WARN] DbBoards:127 - board STEVAL-STWINKT1B has no document id list !
2025-09-21 20:26:55,662 [WARN] DbBoards:127 - board STM32439I-EVAL2 has no document id list !
2025-09-21 20:26:55,662 [WARN] DbBoards:127 - board STM32F401C-DISCO has no document id list !
2025-09-21 20:26:55,662 [WARN] DbBoards:127 - board STM32F769I-DISC1 has no document id list !
2025-09-21 20:26:55,662 [WARN] DbBoards:127 - board STM32G474E-EVAL1 has no document id list !
2025-09-21 20:26:55,663 [WARN] DbBoards:127 - board STM32H743I-EVAL2 has no document id list !
2025-09-21 20:26:55,663 [WARN] DbBoards:127 - board STM32H747I-DISC1 has no document id list !
2025-09-21 20:26:55,663 [WARN] DbBoards:127 - board STM32H753I-EVAL2 has no document id list !
2025-09-21 20:26:55,663 [WARN] DbBoards:127 - board STM32L-DISCOVERY has no document id list !
2025-09-21 20:26:55,806 [ERROR] DbBoards:189 - Image file not found for board B-U585I-IOT02A: C:\ST\STM32CubeIDE_1.7.0\STM32CubeIDE\plugins\com.st.stm32cube.common.mx_6.3.0.202107141111\\db\/plugins/mcufinder/images/boards/B-U585I-IOT02A_small.jpg
2025-09-21 20:26:55,942 [ERROR] DbBoards:189 - Image file not found for board NUCLEO-F413ZH: C:\ST\STM32CubeIDE_1.7.0\STM32CubeIDE\plugins\com.st.stm32cube.common.mx_6.3.0.202107141111\\db\/plugins/mcufinder/images/boards/nucleo-f413zh_small.jpg
2025-09-21 20:26:56,272 [ERROR] DbBoards:189 - Image file not found for board NUCLEO-L552ZE-Q: C:\ST\STM32CubeIDE_1.7.0\STM32CubeIDE\plugins\com.st.stm32cube.common.mx_6.3.0.202107141111\\db\/plugins/mcufinder/images/boards/nucleo_l552ze_q_small.jpg
2025-09-21 20:26:56,272 [ERROR] DbBoards:189 - Image file not found for board NUCLEO-U575ZI-Q: C:\ST\STM32CubeIDE_1.7.0\STM32CubeIDE\plugins\com.st.stm32cube.common.mx_6.3.0.202107141111\\db\/plugins/mcufinder/images/boards/nucleo-u575zi-q_small.jpg
2025-09-21 20:26:56,272 [ERROR] DbBoards:189 - Image file not found for board NUCLEO-WB15CC: C:\ST\STM32CubeIDE_1.7.0\STM32CubeIDE\plugins\com.st.stm32cube.common.mx_6.3.0.202107141111\\db\/plugins/mcufinder/images/boards/nucleo-wb15cc_small.jpg
2025-09-21 20:26:56,273 [ERROR] DbBoards:189 - Image file not found for board NUCLEO-WB55RG: C:\ST\STM32CubeIDE_1.7.0\STM32CubeIDE\plugins\com.st.stm32cube.common.mx_6.3.0.202107141111\\db\/plugins/mcufinder/images/boards/nucleo-wb55rg_small.jpg
2025-09-21 20:26:57,659 [INFO] ApiDb:251 - Load user favorites file C:\Users\hi/.stm32cubeide/favorites.boards.txt: 0 item(s)
2025-09-21 20:26:57,660 [INFO] ApiDb:255 - User favorites Boards=[]
2025-09-21 20:26:57,660 [INFO] DbBoards:206 - Set 0 / 0 favorites Boards
2025-09-21 20:26:57,684 [INFO] LoadUrlFilesThread:172 - End of LoadServerUrlFiles without Thread
2025-09-21 20:26:57,684 [INFO] TargetSelectorAdapter:224 - Refresh data is successful
2025-09-21 20:26:57,900 [INFO] ApiDb:479 - Connected to CubeFinder SQLite database (C:\Users\hi\.stmcufinder\plugins\mcufinder\mcu\cube-finder-db.db)
2025-09-21 20:27:00,073 [ERROR] DbExamplesSqlite:446 - Missing JSON key: board_cpn
2025-09-21 20:27:00,076 [ERROR] DbExamplesSqlite:446 - Missing JSON key: board_cpn
2025-09-21 20:27:00,077 [ERROR] DbExamplesSqlite:446 - Missing JSON key: board_cpn
2025-09-21 20:27:00,078 [ERROR] DbExamplesSqlite:446 - Missing JSON key: board_cpn
2025-09-21 20:27:00,865 [ERROR] DbExamplesSqlite:446 - Missing JSON key: board_cpn
2025-09-21 20:27:00,865 [ERROR] DbExamplesSqlite:446 - Missing JSON key: board_cpn
2025-09-21 20:27:00,872 [INFO] DbExamplesSqlite:411 - Ignored 33 examples not supported by CubeIDE
2025-09-21 20:27:00,872 [INFO] DbExamplesSqlite:412 - Found 10871 examples active
2025-09-21 20:27:00,872 [INFO] DbExamplesSqlite:413 - Found 0 examples obsolete
2025-09-21 20:27:00,872 [INFO] DbExamplesSqlite:414 - Found 0 examples under development
2025-09-21 20:27:00,873 [INFO] DbExamplesSqlite:415 - Found 65 examples not building
2025-09-21 20:27:01,068 [INFO] DbExamplesSqlite:108 - CubeFinder database Data Model version=2.1
2025-09-21 20:27:01,068 [INFO] DbExamplesSqlite:109 - CubeFinder database Configuration version=3.0.39
2025-09-21 20:27:01,068 [INFO] DbExamplesSqlite:110 - CubeFinder database generation date=2025-08-25 (1756130511)
2025-09-21 20:27:01,068 [INFO] DbExamplesSqlite:111 - CubeFinder database FW Pack versions=[FP-ATR-ASTRA1_V2.0.0, FP-SNS-FLIGHT1_V5.1.0, FP-SNS-MOTENV1_V5.0.0, FP-SNS-MOTENVWB1_V1.4.0, FP-SNS-SMARTAG2_V1.2.0, FP-SNS-STBOX1_V2.1.0, STM32Cube_FW_C0_V1.4.0, STM32Cube_FW_F4_V1.28.3, STM32Cube_FW_F7_V1.17.4, STM32Cube_FW_G0_V1.6.2, STM32Cube_FW_G4_V1.6.1, STM32Cube_FW_H5_V1.5.0, STM32Cube_FW_H7RS_V1.2.0, STM32Cube_FW_H7_V1.12.1, STM32Cube_FW_L0_V1.12.2, STM32Cube_FW_L4_V1.18.1, STM32Cube_FW_L5_V1.5.1, STM32Cube_FW_N6_V1.2.0, STM32Cube_FW_U0_V1.3.0, STM32Cube_FW_U3_V1.2.0, STM32Cube_FW_U5_V1.8.0, STM32Cube_FW_WB0_V1.3.0, STM32Cube_FW_WBA_V1.7.0, STM32Cube_FW_WB_V1.23.0, STM32Cube_FW_WL3_V1.2.0, STM32Cube_FW_WL_V1.3.1, X-CUBE-ALGOBUILD_V1.4.0, X-CUBE-ALS_V1.0.2, X-CUBE-AZRTOS-F4_V1.1.0, X-CUBE-AZRTOS-F7_V1.1.0, X-CUBE-AZRTOS-G0_V1.1.0, X-CUBE-AZRTOS-G4_V2.0.0, X-CUBE-AZRTOS-H7RS_V1.1.0, X-CUBE-AZRTOS-H7_V3.4.0, X-CUBE-AZRTOS-L4_V2.0.0, X-CUBE-AZRTOS-L5_V2.0.0, X-CUBE-AZRTOS-WB_V2.0.0, X-CUBE-AZRTOS-WL_V2.0.0, X-CUBE-BLE1_V7.1.0, X-CUBE-BLE2_V3.3.0, X-CUBE-BLEMGR_V4.1.0, X-CUBE-EEPRMA1_V5.2.0, X-CUBE-FREERTOS_V1.3.1, X-CUBE-GNSS1_V6.0.0, X-CUBE-MEMS1_V11.3.0, X-CUBE-NFC4_V3.0.0, X-CUBE-NFC7_V2.0.0, X-CUBE-SFXS2LP1_V4.0.0, X-CUBE-ST67W61_V1.0.0, X-CUBE-SUBG2_V5.0.0, X-CUBE-TOF1_V3.4.3]
2025-09-21 20:27:01,070 [INFO] DbExamples:130 - Found 10903 examples
2025-09-21 20:27:03,582 [ERROR] DbExamples:206 - Found 10903 examples with invalid data (board or MCU)
2025-09-21 20:27:03,582 [INFO] DbExamples:222 - Found 97 boards with related examples
2025-09-21 20:27:03,583 [INFO] DbExamples:235 - Found 0 MCUs with related examples
2025-09-21 20:27:03,633 [INFO] ApiDb:242 - User favorites file not found: C:\Users\hi/.stm32cubeide/favorites.examples.txt
2025-09-21 20:27:03,634 [INFO] DbExamples:256 - Set 0 / 0 favorites Examples
2025-09-21 20:27:04,278 [INFO] McuFinderGlobals:52 - Set McuFinderConnectedMode to false
2025-09-21 20:27:04,466 [INFO] CrossSelectorPresenter:1330 - Cross Selector saved comparison directory: C:\Users\hi\.stmcufinder\plugins\mcufinder\mcu\cs_comparisons_mx
2025-09-21 20:27:04,478 [INFO] MultiScanPanel:197 - Auto-refresh data requested => check proxy status ongoing
2025-09-21 20:27:04,478 [INFO] MultiScanPanel:201 - Proxy status is invalid
2025-09-21 20:27:04,483 [INFO] FinderPluginLoader:87 - Searching for filters in installed packs
2025-09-21 20:27:05,664 [INFO] DetailPanel:309 - Set advertising image to C:/Users/hi/STM32Cube/Repository/\en.2400x1350px.jpeg
2025-09-21 20:28:11,034 [INFO] MainUpdater:2671 - connection check result : 10
2025-09-21 20:28:11,035 [INFO] MainUpdater:2671 - connection check result : 10
2025-09-21 20:28:11,131 [INFO] MicroXplorer:448 - Change Database Path : 
2025-09-21 20:28:11,131 [INFO] MicroXplorer:478 - Change Database Version : DB.6.0.30
2025-09-21 20:28:11,131 [WARN] ThirdParty:813 - waiting for thirdparty lock release [close project]
2025-09-21 20:28:11,131 [INFO] ThirdParty:815 - entering critical section [close project]
2025-09-21 20:28:11,133 [INFO] ThirdParty:825 - exiting critical section [close project]
2025-09-21 20:28:11,139 [INFO] PinOutPanel:1463 - setPackage(No Configuration,No Configuration)
2025-09-21 20:28:11,140 [INFO] UtilMem:74 - Begin LoadConfig() Used Memory: 1020097584 Bytes (1073741824)
2025-09-21 20:28:11,142 [INFO] MicroXplorer:448 - Change Database Path : 
2025-09-21 20:28:11,143 [INFO] MicroXplorer:478 - Change Database Version : DB.6.0.30
2025-09-21 20:28:11,143 [INFO] OpenFileManager:313 - Change cursor
2025-09-21 20:28:11,165 [WARN] IntegrityCheckThread:78 - waiting for thirdparty lock release [integrity check]
2025-09-21 20:28:11,165 [INFO] IntegrityCheckThread:80 - entering critical section [integrity check]
2025-09-21 20:28:11,758 [ERROR] Engine:463 - C:\Users\hi\.stm32cubemx\thirdparties\pdsc\STMicroelectronics.FP-SNS-MOTENVWB1.1.4.0.pdsc: PDSC version is not supported
2025-09-21 20:28:11,807 [WARN] PackLoader:238 - Cannot read IP mode file for STMicroelectronics.FP-ATR-ASTRA1.2.0.2
2025-09-21 20:28:11,826 [ERROR] Engine:463 - C:\Users\hi\.stm32cubemx\thirdparties\pdsc\STMicroelectronics.X-CUBE-SMBUS.2.1.0.pdsc: PDSC version is not supported
2025-09-21 20:28:11,845 [ERROR] Engine:463 - C:\Users\hi\.stm32cubemx\thirdparties\pdsc\STMicroelectronics.X-CUBE-ST60.1.0.0.pdsc: PDSC version is not supported
2025-09-21 20:28:11,932 [WARN] PackLoader:238 - Cannot read IP mode file for STMicroelectronics.X-CUBE-AZRTOS-F7.1.1.0
2025-09-21 20:28:11,950 [ERROR] Engine:463 - C:\Users\hi\.stm32cubemx\thirdparties\pdsc\WES.I-CUBE-Cesium.1.4.0.pdsc: PDSC version is not supported
2025-09-21 20:28:11,988 [ERROR] Engine:463 - C:\Users\hi\.stm32cubemx\thirdparties\pdsc\Infineon.AIROC-Wi-Fi-Bluetooth-STM32.1.7.1.pdsc: PDSC version is not supported
2025-09-21 20:28:12,086 [WARN] PackLoader:238 - Cannot read IP mode file for STMicroelectronics.X-CUBE-AZRTOS-H7.3.4.0
2025-09-21 20:28:12,117 [ERROR] Engine:463 - C:\Users\hi\.stm32cubemx\thirdparties\pdsc\STMicroelectronics.X-CUBE-DISPLAY.3.0.0.pdsc: PDSC version is not supported
2025-09-21 20:28:12,148 [WARN] PackLoader:238 - Cannot read IP mode file for STMicroelectronics.X-CUBE-NFC10.1.0.0
2025-09-21 20:28:12,180 [ERROR] Engine:463 - C:\Users\hi\.stm32cubemx\thirdparties\pdsc\emotas.I-CUBE-CANOPEN.1.3.0.pdsc: PDSC version is not supported
2025-09-21 20:28:12,208 [ERROR] Engine:463 - C:\Users\hi\.stm32cubemx\thirdparties\pdsc\STMicroelectronics.FP-SNS-STBOX1.2.1.0.pdsc: PDSC version is not supported
2025-09-21 20:28:12,227 [ERROR] Engine:463 - C:\Users\hi\.stm32cubemx\thirdparties\pdsc\STMicroelectronics.FP-SNS-SMARTAG2.1.2.0.pdsc: PDSC version is not supported
2025-09-21 20:28:12,231 [ERROR] Engine:463 - C:\Users\hi\.stm32cubemx\thirdparties\pdsc\STMicroelectronics.FP-SNS-FLIGHT1.5.1.0.pdsc: PDSC version is not supported
2025-09-21 20:28:12,263 [INFO] LogOutputStream:76 - [STDOUT_REDIRECT] 1 : Invalid condition id : UX_CORESTACK_Condition cause : null
2025-09-21 20:28:12,264 [INFO] LogOutputStream:76 - [STDOUT_REDIRECT] 1 : Invalid condition id : UX_CORESTACK_Condition cause : null
2025-09-21 20:28:12,268 [INFO] LogOutputStream:76 - [STDOUT_REDIRECT] 1 : Invalid condition id : UX_CORESTACK_Condition cause : null
2025-09-21 20:28:12,270 [INFO] LogOutputStream:76 - [STDOUT_REDIRECT] 1 : Invalid condition id : UX_CORESTACK_Condition cause : null
2025-09-21 20:28:12,272 [INFO] LogOutputStream:76 - [STDOUT_REDIRECT] 1 : Invalid condition id : UX_CORESTACK_Condition cause : null
2025-09-21 20:28:12,279 [WARN] PackLoader:238 - Cannot read IP mode file for STMicroelectronics.X-CUBE-AZRTOS-WL.2.0.0
2025-09-21 20:28:12,309 [ERROR] Engine:463 - C:\Users\hi\.stm32cubemx\thirdparties\pdsc\STMicroelectronics.FP-SNS-MOTENV1.5.0.0.pdsc: PDSC version is not supported
2025-09-21 20:28:12,334 [WARN] PackLoader:238 - Cannot read IP mode file for STMicroelectronics.X-CUBE-BLE2.3.3.0
2025-09-21 20:28:12,362 [WARN] PackLoader:238 - Cannot read IP mode file for STMicroelectronics.X-CUBE-NFC9.1.0.0
2025-09-21 20:28:12,393 [WARN] PackLoader:238 - Cannot read IP mode file for wolfSSL.I-CUBE-wolfSSL.5.8.2
2025-09-21 20:28:12,418 [WARN] PackLoader:238 - Cannot read IP mode file for STMicroelectronics.X-CUBE-BLE1.7.1.0
2025-09-21 20:28:12,427 [WARN] PackLoader:238 - Cannot read IP mode file for wolfSSL.I-CUBE-wolfMQTT.1.19.2
2025-09-21 20:28:12,459 [WARN] PackLoader:238 - Cannot read IP mode file for STMicroelectronics.X-CUBE-EEPRMA1.5.2.0
2025-09-21 20:28:12,523 [WARN] PackLoader:238 - Cannot read IP mode file for STMicroelectronics.X-CUBE-AZRTOS-G0.1.1.0
2025-09-21 20:28:12,581 [WARN] PackLoader:238 - Cannot read IP mode file for STMicroelectronics.X-CUBE-SAFEA1.1.2.2
2025-09-21 20:28:12,611 [WARN] PackLoader:238 - Cannot read IP mode file for STMicroelectronics.X-CUBE-NFC4.3.0.0
2025-09-21 20:28:12,638 [ERROR] Engine:463 - C:\Users\hi\.stm32cubemx\thirdparties\pdsc\EmbeddedOffice.I-CUBE-FS-RTOS.1.0.1.pdsc: PDSC version is not supported
2025-09-21 20:28:12,662 [WARN] PackLoader:238 - Cannot read IP mode file for STMicroelectronics.X-CUBE-WB05N.2.0.0
2025-09-21 20:28:12,672 [WARN] PackLoader:238 - Cannot read IP mode file for wolfSSL.I-CUBE-wolfTPM.3.8.0
2025-09-21 20:28:12,693 [ERROR] Engine:463 - C:\Users\hi\.stm32cubemx\thirdparties\pdsc\STMicroelectronics.X-CUBE-TCPP.4.2.0.pdsc: PDSC version is not supported
2025-09-21 20:28:12,713 [ERROR] Engine:463 - C:\Users\hi\.stm32cubemx\thirdparties\pdsc\RealThread.X-CUBE-RT-Thread_Nano.4.1.1.pdsc: PDSC version is not supported
2025-09-21 20:28:12,722 [WARN] PackLoader:238 - Cannot read IP mode file for STMicroelectronics.FP-ATR-SIGFOX1.3.2.0
2025-09-21 20:28:12,745 [ERROR] Engine:463 - C:\Users\hi\.stm32cubemx\thirdparties\pdsc\ITTIA_DB.I-CUBE-ITTIADB.8.9.0.pdsc: PDSC version is not supported
2025-09-21 20:28:12,763 [ERROR] Engine:463 - C:\Users\hi\.stm32cubemx\thirdparties\pdsc\STMicroelectronics.X-CUBE-ST67W61.1.0.0.pdsc: PDSC version is not supported
2025-09-21 20:28:12,785 [WARN] PackLoader:238 - Cannot read IP mode file for STMicroelectronics.X-CUBE-AI.10.2.0
2025-09-21 20:28:12,873 [WARN] PackLoader:238 - Cannot read IP mode file for SEGGER.I-CUBE-embOS.1.3.1
2025-09-21 20:28:13,006 [WARN] PackLoader:238 - Cannot read IP mode file for STMicroelectronics.X-CUBE-ALGOBUILD.1.4.0
2025-09-21 20:28:13,169 [WARN] PackLoader:238 - Cannot read IP mode file for STMicroelectronics.X-CUBE-MEMS1.11.3.0
2025-09-21 20:28:13,640 [WARN] PackLoader:238 - Cannot read IP mode file for STMicroelectronics.X-CUBE-PM33A1.1.0.0
2025-09-21 20:28:13,700 [WARN] PackLoader:238 - Cannot read IP mode file for STMicroelectronics.X-CUBE-AZRTOS-F4.1.1.0
2025-09-21 20:28:13,711 [ERROR] Engine:463 - C:\Users\hi\.stm32cubemx\thirdparties\pdsc\Avnet-IotConnect.X-CUBE-IoTC-DA16k-PMOD.1.0.0.pdsc: PDSC version is not supported
2025-09-21 20:28:13,734 [WARN] PackLoader:238 - Cannot read IP mode file for STMicroelectronics.X-CUBE-ISPU.2.1.0
2025-09-21 20:28:13,759 [WARN] PackLoader:238 - Cannot read IP mode file for STMicroelectronics.X-CUBE-NFC12.1.0.0
2025-09-21 20:28:13,822 [WARN] PackLoader:238 - Cannot read IP mode file for STMicroelectronics.X-CUBE-AZRTOS-L5.2.0.0
2025-09-21 20:28:13,854 [WARN] PackLoader:238 - Cannot read IP mode file for STMicroelectronics.X-CUBE-NFC6.3.1.0
2025-09-21 20:28:13,861 [ERROR] Engine:463 - C:\Users\hi\.stm32cubemx\thirdparties\pdsc\STMicroelectronics.X-CUBE-FREERTOS.1.3.1.pdsc: PDSC version is not supported
2025-09-21 20:28:13,887 [ERROR] Engine:463 - C:\Users\hi\.stm32cubemx\thirdparties\pdsc\STMicroelectronics.FP-SNS-STAIOTCFT.1.0.0.pdsc: PDSC version is not supported
2025-09-21 20:28:13,911 [ERROR] Engine:463 - C:\Users\hi\.stm32cubemx\thirdparties\pdsc\STMicroelectronics.X-CUBE-DPower.1.3.0.pdsc: PDSC version is not supported
2025-09-21 20:28:13,992 [WARN] ConditionMgr:437 - getConditionDescription Invalid condition id : LAN8742 Phy interface Condition cause : null
2025-09-21 20:28:13,994 [WARN] PackLoader:238 - Cannot read IP mode file for STMicroelectronics.X-CUBE-AZRTOS-L4.2.0.0
2025-09-21 20:28:13,998 [WARN] ConditionMgr:1038 - genDependencies : Invalid condition id : LAN8742 Phy interface Condition cause : null
2025-09-21 20:28:13,998 [WARN] ConditionMgr:1038 - genDependencies : Invalid condition id : LAN8742 Phy interface Condition cause : null
2025-09-21 20:28:14,000 [WARN] ConditionMgr:1038 - genDependencies : Invalid condition id : LAN8742 Phy interface Condition cause : null
2025-09-21 20:28:14,033 [WARN] PackLoader:238 - Cannot read IP mode file for STMicroelectronics.X-CUBE-SFXS2LP1.4.0.0
2025-09-21 20:28:14,067 [ERROR] Engine:463 - C:\Users\hi\.stm32cubemx\thirdparties\pdsc\STMicroelectronics.X-CUBE-BLEMGR.4.1.0.pdsc: PDSC version is not supported
2025-09-21 20:28:14,216 [WARN] ConditionMgr:437 - getConditionDescription Invalid condition id : UX DEVICE CLASS RTOS Condition cause : null
2025-09-21 20:28:14,218 [WARN] ConditionMgr:437 - getConditionDescription Invalid condition id : UX DEVICE CLASS RTOS Condition cause : null
2025-09-21 20:28:14,223 [WARN] PackLoader:238 - Cannot read IP mode file for STMicroelectronics.X-CUBE-AZRTOS-WB.2.0.0
2025-09-21 20:28:14,224 [WARN] ConditionMgr:1038 - genDependencies : Invalid condition id : UX DEVICE CLASS RTOS Condition cause : null
2025-09-21 20:28:14,228 [WARN] ConditionMgr:1038 - genDependencies : Invalid condition id : UX DEVICE CLASS RTOS Condition cause : null
2025-09-21 20:28:14,233 [WARN] ConditionMgr:1038 - genDependencies : Invalid condition id : UX DEVICE CLASS RTOS Condition cause : null
2025-09-21 20:28:14,234 [WARN] ConditionMgr:1038 - genDependencies : Invalid condition id : UX DEVICE CLASS RTOS Condition cause : null
2025-09-21 20:28:14,237 [WARN] ConditionMgr:1038 - genDependencies : Invalid condition id : UX DEVICE CLASS RTOS Condition cause : null
2025-09-21 20:28:14,274 [WARN] PackLoader:238 - Cannot read IP mode file for STMicroelectronics.X-CUBE-GNSS1.7.0.1
2025-09-21 20:28:14,301 [WARN] PackLoader:238 - Cannot read IP mode file for STMicroelectronics.X-CUBE-TOUCHGFX.4.25.0
2025-09-21 20:28:14,305 [ERROR] Engine:463 - C:\Users\hi\.stm32cubemx\thirdparties\pdsc\quantropi.X-CUBE-qispace-sdk-base.2.1.0.pdsc: PDSC version is not supported
2025-09-21 20:28:14,340 [WARN] PackLoader:238 - Cannot read IP mode file for STMicroelectronics.X-CUBE-SUBG2.5.0.0
2025-09-21 20:28:14,450 [WARN] PackLoader:238 - Cannot read IP mode file for STMicroelectronics.X-CUBE-AZRTOS-H7RS.1.1.0
2025-09-21 20:28:14,459 [ERROR] Engine:463 - C:\Users\hi\.stm32cubemx\thirdparties\pdsc\Cesanta.I-CUBE-Mongoose.7.13.0.pdsc: PDSC version is not supported
2025-09-21 20:28:14,499 [WARN] PackLoader:238 - Cannot read IP mode file for STMicroelectronics.X-CUBE-AZRTOS-G4.2.0.0
2025-09-21 20:28:14,507 [WARN] PackLoader:238 - Cannot read IP mode file for wolfSSL.I-CUBE-wolfSSH.1.4.20
2025-09-21 20:28:14,525 [WARN] PackLoader:238 - Cannot read IP mode file for STMicroelectronics.X-CUBE-NFC7.2.0.0
2025-09-21 20:28:14,551 [ERROR] Engine:463 - C:\Users\hi\.stm32cubemx\thirdparties\pdsc\STMicroelectronics.X-CUBE-IPS.3.1.0.pdsc: PDSC version is not supported
2025-09-21 20:28:14,567 [ERROR] Engine:463 - C:\Users\hi\.stm32cubemx\thirdparties\pdsc\STMicroelectronics.X-CUBE-ALS.1.0.2.pdsc: PDSC version is not supported
2025-09-21 20:28:14,591 [WARN] PackLoader:238 - Cannot read IP mode file for STMicroelectronics.X-CUBE-STSE01.1.0.0
2025-09-21 20:28:14,615 [WARN] PackLoader:238 - Cannot read IP mode file for portGmbH.I-Cube-SoM-uGOAL.1.1.0
2025-09-21 20:28:14,678 [ERROR] Engine:463 - C:\Users\hi\.stm32cubemx\thirdparties\pdsc\STMicroelectronics.X-CUBE-TOF1.3.4.3.pdsc: PDSC version is not supported
2025-09-21 20:28:14,678 [INFO] ThirdParty:915 - Integrity check success = true
2025-09-21 20:28:14,678 [INFO] IntegrityCheckThread:94 - exiting critical section [integrity check]
2025-09-21 20:28:14,678 [INFO] IntegrityCheckThread:97 - End integrity checks thread
2025-09-21 20:28:16,279 [INFO] Context:592 - Trying to add GPIOservice into a context  which must be forbidden
2025-09-21 20:28:16,810 [WARN] ApiManager:304 - Cannot register API 'Board Extension:PM33A1' from pack STMicroelectronics.X-CUBE-PM33A1.1.0.0: no header file found
2025-09-21 20:28:16,816 [WARN] ApiManager:304 - Cannot register API 'Board Extension:NFC09A1' from pack STMicroelectronics.X-CUBE-NFC9.1.0.0: no header file found
2025-09-21 20:28:16,826 [WARN] ApiManager:304 - Cannot register API 'Wireless:BlueNRG-MS' from pack STMicroelectronics.X-CUBE-BLE1.7.1.0: no header file found
2025-09-21 20:28:16,830 [WARN] ApiManager:304 - Cannot register API 'Board Extension:EEPRMA2' from pack STMicroelectronics.X-CUBE-EEPRMA1.5.2.0: no header file found
2025-09-21 20:28:16,830 [WARN] ApiManager:304 - Cannot register API 'Board Extension:PGEEZ1' from pack STMicroelectronics.X-CUBE-EEPRMA1.5.2.0: no header file found
2025-09-21 20:28:16,830 [WARN] ApiManager:304 - Cannot register API 'Board Extension:EEICA1' from pack STMicroelectronics.X-CUBE-EEPRMA1.5.2.0: no header file found
2025-09-21 20:28:16,831 [WARN] ApiManager:304 - Cannot register API 'Board Part:M24' from pack STMicroelectronics.X-CUBE-EEPRMA1.5.2.0: no header file found
2025-09-21 20:28:16,831 [WARN] ApiManager:304 - Cannot register API 'Board Part:M95' from pack STMicroelectronics.X-CUBE-EEPRMA1.5.2.0: no header file found
2025-09-21 20:28:16,831 [WARN] ApiManager:304 - Cannot register API 'Board Part:M95P32' from pack STMicroelectronics.X-CUBE-EEPRMA1.5.2.0: no header file found
2025-09-21 20:28:16,831 [WARN] ApiManager:304 - Cannot register API 'Board Part:M24256E-F' from pack STMicroelectronics.X-CUBE-EEPRMA1.5.2.0: no header file found
2025-09-21 20:28:16,831 [WARN] ApiManager:304 - Cannot register API 'Board Part:M24M01E-F' from pack STMicroelectronics.X-CUBE-EEPRMA1.5.2.0: no header file found
2025-09-21 20:28:16,831 [WARN] ApiManager:304 - Cannot register API 'PGEEZ1:SPI' from pack STMicroelectronics.X-CUBE-EEPRMA1.5.2.0: no header file found
2025-09-21 20:28:16,831 [WARN] ApiManager:304 - Cannot register API 'PGEEZ1:QDSPI' from pack STMicroelectronics.X-CUBE-EEPRMA1.5.2.0: no header file found
2025-09-21 20:28:16,837 [WARN] ApiManager:304 - Cannot register API 'Board Extension:GNSS1A1' from pack STMicroelectronics.X-CUBE-GNSS1.7.0.1: no header file found
2025-09-21 20:28:16,837 [WARN] ApiManager:304 - Cannot register API 'Board Support:Custom' from pack STMicroelectronics.X-CUBE-GNSS1.7.0.1: no header file found
2025-09-21 20:28:16,837 [WARN] ApiManager:304 - Cannot register API 'Data Exchange:lib_gnss' from pack STMicroelectronics.X-CUBE-GNSS1.7.0.1: no header file found
2025-09-21 20:28:16,840 [WARN] ApiManager:304 - Cannot register API 'Board Extension:NFC12A1' from pack STMicroelectronics.X-CUBE-NFC12.1.0.0: no header file found
2025-09-21 20:28:16,986 [WARN] ApiManager:304 - Cannot register API 'Board Extension:NFC06A1' from pack STMicroelectronics.X-CUBE-NFC6.3.1.0: no header file found
2025-09-21 20:28:16,986 [WARN] ApiManager:304 - Cannot register API 'Board Extension:NFC08A1' from pack STMicroelectronics.X-CUBE-NFC6.3.1.0: no header file found
2025-09-21 20:28:16,990 [INFO] RtosManager:484 - Registered RTOS mode: class=CMSIS, group=RTOS, mode=CMSIS_V1, owner=FREERTOS
2025-09-21 20:28:16,991 [INFO] RtosManager:484 - Registered RTOS mode: class=CMSIS, group=RTOS2, mode=CMSIS_V2, owner=FREERTOS
2025-09-21 20:28:16,992 [INFO] RtosManager:484 - Registered RTOS mode: class=RTOS, group=Core, mode=CMSIS_V1, owner=FREERTOS
2025-09-21 20:28:16,993 [INFO] RtosManager:484 - Registered RTOS mode: class=RTOS, group=Core, mode=CMSIS_V2, owner=FREERTOS
2025-09-21 20:28:16,995 [WARN] ModelIntegratedComponent:181 - Missing modes for component STMicroelectronics:FreeRTOS:0.0.1:STMicroelectronics:RTOS:FreeRTOS:Core:::10.2.0:
2025-09-21 20:28:17,016 [WARN] ApiManager:304 - Cannot register API 'Board Extension:STSAFEA1' from pack STMicroelectronics.X-CUBE-SAFEA1.1.2.2: no header file found
2025-09-21 20:28:17,017 [WARN] ApiManager:304 - Cannot register API 'Board Part:STSAFEA110' from pack STMicroelectronics.X-CUBE-SAFEA1.1.2.2: no header file found
2025-09-21 20:28:17,017 [WARN] ApiManager:304 - Cannot register API 'Security:ST_Cryptolib' from pack STMicroelectronics.X-CUBE-SAFEA1.1.2.2: no header file found
2025-09-21 20:28:17,018 [WARN] ApiManager:304 - Cannot register API 'Security:MbedTLS' from pack STMicroelectronics.X-CUBE-SAFEA1.1.2.2: no header file found
2025-09-21 20:28:17,020 [WARN] ApiManager:304 - Cannot register API 'Board Extension:NFC04A1' from pack STMicroelectronics.X-CUBE-NFC4.3.0.0: no header file found
2025-09-21 20:28:17,048 [WARN] ApiManager:304 - Cannot register API 'Board Extension:S2868A1' from pack STMicroelectronics.X-CUBE-SUBG2.5.0.0: no header file found
2025-09-21 20:28:17,049 [WARN] ApiManager:304 - Cannot register API 'Board Extension:S2868A2' from pack STMicroelectronics.X-CUBE-SUBG2.5.0.0: no header file found
2025-09-21 20:28:17,049 [WARN] ApiManager:304 - Cannot register API 'Board Extension:S2915A1' from pack STMicroelectronics.X-CUBE-SUBG2.5.0.0: no header file found
2025-09-21 20:28:17,061 [WARN] ApiManager:304 - Cannot register API 'Wireless:STM32WB05N' from pack STMicroelectronics.X-CUBE-WB05N.2.0.0: no header file found
2025-09-21 20:28:17,073 [WARN] ApiManager:304 - Cannot register API 'Board Extension:NFC07A1' from pack STMicroelectronics.X-CUBE-NFC7.2.0.0: no header file found
2025-09-21 20:28:17,079 [WARN] ApiManager:304 - Cannot register API 'Board Extension:NFC10A1' from pack STMicroelectronics.X-CUBE-NFC10.1.0.0: no header file found
2025-09-21 20:28:17,082 [WARN] ModelIntegratedComponent:60 - No mode defined for component null
2025-09-21 20:28:17,082 [WARN] ModelIntegratedComponent:60 - No mode defined for component null
2025-09-21 20:28:17,082 [WARN] ModelIntegratedComponent:60 - No mode defined for component null
2025-09-21 20:28:17,082 [WARN] ModelIntegratedComponent:60 - No mode defined for component null
2025-09-21 20:28:17,082 [WARN] ModelIntegratedComponent:60 - No mode defined for component null
2025-09-21 20:28:17,083 [WARN] ModelIntegratedComponent:60 - No mode defined for component null
2025-09-21 20:28:17,083 [WARN] ModelIntegratedComponent:60 - No mode defined for component null
2025-09-21 20:28:17,083 [WARN] ModelIntegratedComponent:60 - No mode defined for component null
2025-09-21 20:28:17,083 [WARN] ModelIntegratedComponent:60 - No mode defined for component null
2025-09-21 20:28:17,083 [WARN] ModelIntegratedComponent:60 - No mode defined for component null
2025-09-21 20:28:17,083 [WARN] ModelIntegratedComponent:60 - No mode defined for component null
2025-09-21 20:28:17,083 [WARN] ModelIntegratedComponent:60 - No mode defined for component null
2025-09-21 20:28:17,084 [WARN] ModelIntegratedComponent:60 - No mode defined for component null
2025-09-21 20:28:17,084 [WARN] ModelIntegratedComponent:60 - No mode defined for component null
2025-09-21 20:28:17,084 [WARN] ModelIntegratedComponent:60 - No mode defined for component null
2025-09-21 20:28:17,084 [WARN] ModelIntegratedComponent:60 - No mode defined for component null
2025-09-21 20:28:17,085 [WARN] ModelIntegratedComponent:60 - No mode defined for component null
2025-09-21 20:28:17,085 [WARN] ModelIntegratedComponent:60 - No mode defined for component null
2025-09-21 20:28:17,085 [WARN] ModelIntegratedComponent:60 - No mode defined for component null
2025-09-21 20:28:17,085 [WARN] ModelIntegratedComponent:60 - No mode defined for component null
2025-09-21 20:28:17,085 [WARN] ModelIntegratedComponent:60 - No mode defined for component null
2025-09-21 20:28:17,086 [WARN] ModelIntegratedComponent:60 - No mode defined for component null
2025-09-21 20:28:17,086 [WARN] ModelIntegratedComponent:60 - No mode defined for component null
2025-09-21 20:28:17,086 [WARN] ModelIntegratedComponent:60 - No mode defined for component null
2025-09-21 20:28:17,086 [WARN] ModelIntegratedComponent:60 - No mode defined for component null
2025-09-21 20:28:17,086 [WARN] ModelIntegratedComponent:60 - No mode defined for component null
2025-09-21 20:28:17,087 [WARN] ModelIntegratedComponent:60 - No mode defined for component null
2025-09-21 20:28:17,087 [WARN] ModelIntegratedComponent:60 - No mode defined for component null
2025-09-21 20:28:17,087 [WARN] ModelIntegratedComponent:60 - No mode defined for component null
2025-09-21 20:28:17,087 [WARN] ModelIntegratedComponent:60 - No mode defined for component null
2025-09-21 20:28:17,087 [WARN] ModelIntegratedComponent:60 - No mode defined for component null
2025-09-21 20:28:17,095 [WARN] ApiManager:304 - Cannot register API 'Board Extension:SAFEA1' from pack STMicroelectronics.X-CUBE-STSE01.1.0.0: no header file found
2025-09-21 20:28:17,096 [WARN] ApiManager:304 - Cannot register API 'Board Extension:ESE01A1' from pack STMicroelectronics.X-CUBE-STSE01.1.0.0: no header file found
2025-09-21 20:28:17,096 [WARN] ApiManager:304 - Cannot register API 'Board Part:STSAFEA110' from pack STMicroelectronics.X-CUBE-STSE01.1.0.0: no header file found
2025-09-21 20:28:17,096 [WARN] ApiManager:304 - Cannot register API 'Board Part:STSAFEA120' from pack STMicroelectronics.X-CUBE-STSE01.1.0.0: no header file found
2025-09-21 20:28:17,096 [WARN] ApiManager:304 - Cannot register API 'Security:STM32_Cryptographic' from pack STMicroelectronics.X-CUBE-STSE01.1.0.0: no header file found
2025-09-21 20:28:17,096 [WARN] ApiManager:304 - Cannot register API 'Security:STSELib' from pack STMicroelectronics.X-CUBE-STSE01.1.0.0: no header file found
2025-09-21 20:28:17,738 [WARN] ApiManager:304 - Cannot register API 'Board Extension:IKS01A3' from pack STMicroelectronics.X-CUBE-MEMS1.11.3.0: no header file found
2025-09-21 20:28:17,742 [WARN] ApiManager:304 - Cannot register API 'Board Extension:IKS02A1' from pack STMicroelectronics.X-CUBE-MEMS1.11.3.0: no header file found
2025-09-21 20:28:17,742 [WARN] ApiManager:304 - Cannot register API 'Board Extension:IKS4A1' from pack STMicroelectronics.X-CUBE-MEMS1.11.3.0: no header file found
2025-09-21 20:28:17,763 [WARN] ApiManager:304 - Cannot register API 'Board Extension:S2868A1' from pack STMicroelectronics.X-CUBE-SFXS2LP1.4.0.0: no header file found
2025-09-21 20:28:17,763 [WARN] ApiManager:304 - Cannot register API 'Board Extension:S2868A2' from pack STMicroelectronics.X-CUBE-SFXS2LP1.4.0.0: no header file found
2025-09-21 20:28:17,763 [WARN] ApiManager:304 - Cannot register API 'Board Extension:S2915A1' from pack STMicroelectronics.X-CUBE-SFXS2LP1.4.0.0: no header file found
2025-09-21 20:28:17,764 [WARN] ApiManager:304 - Cannot register API 'Wireless:BlueNRG-2' from pack STMicroelectronics.X-CUBE-BLE2.3.3.0: no header file found
2025-09-21 20:28:22,901 [INFO] UtilMem:74 - End LoadConfig() Used Memory: 981622152 Bytes (1073741824)
2025-09-21 20:28:22,920 [WARN] ThirdParty:779 - waiting for thirdparty lock release [change project]
2025-09-21 20:28:22,920 [INFO] ThirdParty:781 - entering critical section [change project]
2025-09-21 20:28:22,920 [INFO] ThirdParty:967 - CMSIS Pack Vendor :STMicroelectronics X-CUBE-PM33A1 1.0.0
2025-09-21 20:28:22,921 [INFO] ThirdParty:967 - CMSIS Pack Vendor :STMicroelectronics X-CUBE-NFC9 1.0.0
2025-09-21 20:28:22,921 [INFO] ThirdParty:967 - CMSIS Pack Vendor :STMicroelectronics USB_HOST 2.0.0
2025-09-21 20:28:22,921 [INFO] ThirdParty:967 - CMSIS Pack Vendor :STMicroelectronics X-CUBE-AZRTOS-F4 1.1.0
2025-09-21 20:28:22,921 [INFO] ThirdParty:967 - CMSIS Pack Vendor :STMicroelectronics FP-ATR-ASTRA1 2.0.2
2025-09-21 20:28:22,921 [INFO] ThirdParty:967 - CMSIS Pack Vendor :wolfSSL I-CUBE-wolfSSL 5.8.2
2025-09-21 20:28:22,921 [INFO] ThirdParty:967 - CMSIS Pack Vendor :STMicroelectronics X-CUBE-BLE1 7.1.0
2025-09-21 20:28:22,921 [INFO] ThirdParty:967 - CMSIS Pack Vendor :wolfSSL I-CUBE-wolfMQTT 1.19.2
2025-09-21 20:28:22,921 [INFO] ThirdParty:967 - CMSIS Pack Vendor :STMicroelectronics USB_DEVICE 3.0.0
2025-09-21 20:28:22,922 [INFO] ThirdParty:967 - CMSIS Pack Vendor :STMicroelectronics X-CUBE-ISPU 2.1.0
2025-09-21 20:28:22,922 [INFO] ThirdParty:967 - CMSIS Pack Vendor :STMicroelectronics X-CUBE-EEPRMA1 5.2.0
2025-09-21 20:28:22,922 [INFO] ThirdParty:967 - CMSIS Pack Vendor :STMicroelectronics X-CUBE-AZRTOS-WB 2.0.0
2025-09-21 20:28:22,922 [INFO] ThirdParty:967 - CMSIS Pack Vendor :STMicroelectronics X-CUBE-GNSS1 7.0.1
2025-09-21 20:28:22,922 [INFO] ThirdParty:967 - CMSIS Pack Vendor :STMicroelectronics X-CUBE-NFC12 1.0.0
2025-09-21 20:28:22,922 [INFO] ThirdParty:967 - CMSIS Pack Vendor :STMicroelectronics X-CUBE-AZRTOS-F7 1.1.0
2025-09-21 20:28:22,922 [INFO] ThirdParty:967 - CMSIS Pack Vendor :STMicroelectronics X-CUBE-AZRTOS-L5 2.0.0
2025-09-21 20:28:22,922 [INFO] ThirdParty:967 - CMSIS Pack Vendor :STMicroelectronics X-CUBE-TOUCHGFX 4.25.0
2025-09-21 20:28:22,922 [INFO] ThirdParty:967 - CMSIS Pack Vendor :STMicroelectronics USB_DEVICE 2.0.0
2025-09-21 20:28:22,923 [INFO] ThirdParty:967 - CMSIS Pack Vendor :STMicroelectronics X-CUBE-NFC6 3.1.0
2025-09-21 20:28:22,923 [INFO] ThirdParty:967 - CMSIS Pack Vendor :STMicroelectronics FreeRTOS 0.0.1
2025-09-21 20:28:22,923 [INFO] ThirdParty:967 - CMSIS Pack Vendor :STMicroelectronics X-CUBE-AZRTOS-G0 1.1.0
2025-09-21 20:28:22,923 [INFO] ThirdParty:967 - CMSIS Pack Vendor :STMicroelectronics X-CUBE-SAFEA1 1.2.2
2025-09-21 20:28:22,923 [INFO] ThirdParty:967 - CMSIS Pack Vendor :STMicroelectronics X-CUBE-NFC4 3.0.0
2025-09-21 20:28:22,923 [INFO] ThirdParty:967 - CMSIS Pack Vendor :STMicroelectronics X-CUBE-SUBG2 5.0.0
2025-09-21 20:28:22,923 [INFO] ThirdParty:967 - CMSIS Pack Vendor :STMicroelectronics X-CUBE-AZRTOS-H7RS 1.1.0
2025-09-21 20:28:22,923 [INFO] ThirdParty:967 - CMSIS Pack Vendor :STMicroelectronics lwIP 2.0.3
2025-09-21 20:28:22,923 [INFO] ThirdParty:967 - CMSIS Pack Vendor :STMicroelectronics USB_HOST 1.0.0
2025-09-21 20:28:22,924 [INFO] ThirdParty:967 - CMSIS Pack Vendor :STMicroelectronics X-CUBE-AZRTOS-G4 2.0.0
2025-09-21 20:28:22,924 [INFO] ThirdParty:967 - CMSIS Pack Vendor :STMicroelectronics X-CUBE-WB05N 2.0.0
2025-09-21 20:28:22,924 [INFO] ThirdParty:967 - CMSIS Pack Vendor :STMicroelectronics PDM2PCM 3.1.0
2025-09-21 20:28:22,924 [INFO] ThirdParty:967 - CMSIS Pack Vendor :STMicroelectronics PDM2PCM 3.3.0
2025-09-21 20:28:22,924 [INFO] ThirdParty:967 - CMSIS Pack Vendor :wolfSSL I-CUBE-wolfTPM 3.8.0
2025-09-21 20:28:22,924 [INFO] ThirdParty:967 - CMSIS Pack Vendor :STMicroelectronics X-CUBE-AZRTOS-H7 3.4.0
2025-09-21 20:28:22,924 [INFO] ThirdParty:967 - CMSIS Pack Vendor :wolfSSL I-CUBE-wolfSSH 1.4.20
2025-09-21 20:28:22,924 [INFO] ThirdParty:967 - CMSIS Pack Vendor :STMicroelectronics X-CUBE-NFC7 2.0.0
2025-09-21 20:28:22,924 [INFO] ThirdParty:967 - CMSIS Pack Vendor :STMicroelectronics FP-ATR-SIGFOX1 3.2.0
2025-09-21 20:28:22,924 [INFO] ThirdParty:967 - CMSIS Pack Vendor :STMicroelectronics X-CUBE-NFC10 1.0.0
2025-09-21 20:28:22,924 [INFO] ThirdParty:967 - CMSIS Pack Vendor :STMicroelectronics HAL Drivers 0.0.0
2025-09-21 20:28:22,925 [INFO] ThirdParty:967 - CMSIS Pack Vendor :STMicroelectronics MBEDTLS 2.16.2
2025-09-21 20:28:22,925 [INFO] ThirdParty:967 - CMSIS Pack Vendor :STMicroelectronics MBEDTLS 2.14.1
2025-09-21 20:28:22,925 [INFO] ThirdParty:967 - CMSIS Pack Vendor :STMicroelectronics X-CUBE-STSE01 1.0.0
2025-09-21 20:28:22,926 [INFO] ThirdParty:967 - CMSIS Pack Vendor :portGmbH I-Cube-SoM-uGOAL 1.1.0
2025-09-21 20:28:22,926 [INFO] ThirdParty:967 - CMSIS Pack Vendor :STMicroelectronics X-CUBE-AI 10.2.0
2025-09-21 20:28:22,926 [INFO] ThirdParty:967 - CMSIS Pack Vendor :STMicroelectronics X-CUBE-AZRTOS-WL 2.0.0
2025-09-21 20:28:22,926 [INFO] ThirdParty:967 - CMSIS Pack Vendor :SEGGER I-CUBE-embOS 1.3.1
2025-09-21 20:28:22,926 [INFO] ThirdParty:967 - CMSIS Pack Vendor :STMicroelectronics X-CUBE-ALGOBUILD 1.4.0
2025-09-21 20:28:22,926 [INFO] ThirdParty:967 - CMSIS Pack Vendor :STMicroelectronics X-CUBE-MEMS1 11.3.0
2025-09-21 20:28:22,926 [INFO] ThirdParty:967 - CMSIS Pack Vendor :STMicroelectronics USB_DEVICE 1.0.0
2025-09-21 20:28:22,926 [INFO] ThirdParty:967 - CMSIS Pack Vendor :STMicroelectronics X-CUBE-AZRTOS-L4 2.0.0
2025-09-21 20:28:22,926 [INFO] ThirdParty:967 - CMSIS Pack Vendor :STMicroelectronics ThreadX 0.0.2
2025-09-21 20:28:22,926 [INFO] ThirdParty:967 - CMSIS Pack Vendor :STMicroelectronics lwIP 2.1.2
2025-09-21 20:28:22,927 [INFO] ThirdParty:967 - CMSIS Pack Vendor :STMicroelectronics X-CUBE-SFXS2LP1 4.0.0
2025-09-21 20:28:22,927 [INFO] ThirdParty:967 - CMSIS Pack Vendor :STMicroelectronics X-CUBE-BLE2 3.3.0
2025-09-21 20:28:22,927 [INFO] ThirdParty:967 - CMSIS Pack Vendor :STMicroelectronics PDM2PCM 3.2.0
2025-09-21 20:28:22,927 [INFO] ThirdParty:787 - exiting critical section [change project]
2025-09-21 20:28:23,392 [INFO] PinOutPanel:1463 - setPackage(No Configuration,No Configuration)
2025-09-21 20:28:23,402 [INFO] PinOutPanel:1463 - setPackage(STM32F103C6Ux,UFQFPN48)
2025-09-21 20:28:24,209 [INFO] UtilMem:74 - Before build in PCC Used Memory: 972147568 Bytes (1073741824)
2025-09-21 20:28:26,025 [INFO] UtilMem:74 - After build in PCC Used Memory: 1008792016 Bytes (1073741824)
2025-09-21 20:28:26,069 [INFO] IPUIPlugin:74 - create IPUIPlugin
2025-09-21 20:28:26,069 [INFO] IPUIPlugin:74 - create IPUIPlugin
2025-09-21 20:28:26,069 [INFO] IPUIPlugin:74 - create IPUIPlugin
2025-09-21 20:28:26,088 [INFO] IPUIPlugin:74 - create IPUIPlugin
2025-09-21 20:28:26,089 [INFO] IPUIPlugin:74 - create IPUIPlugin
2025-09-21 20:28:26,089 [INFO] IPUIPlugin:74 - create IPUIPlugin
2025-09-21 20:28:26,089 [INFO] IPUIPlugin:74 - create IPUIPlugin
2025-09-21 20:28:26,090 [INFO] IPUIPlugin:74 - create IPUIPlugin
2025-09-21 20:28:26,090 [INFO] IPUIPlugin:74 - create IPUIPlugin
2025-09-21 20:28:26,093 [INFO] IPUIPlugin:74 - create IPUIPlugin
2025-09-21 20:28:26,093 [INFO] IPUIPlugin:74 - create IPUIPlugin
2025-09-21 20:28:26,094 [INFO] IPUIPlugin:74 - create IPUIPlugin
2025-09-21 20:28:26,096 [INFO] IPUIPlugin:74 - create IPUIPlugin
2025-09-21 20:28:26,096 [INFO] IPUIPlugin:74 - create IPUIPlugin
2025-09-21 20:28:26,097 [INFO] IPUIPlugin:74 - create IPUIPlugin
2025-09-21 20:28:26,098 [INFO] IPUIPlugin:74 - create IPUIPlugin
2025-09-21 20:28:26,098 [INFO] IPUIPlugin:74 - create IPUIPlugin
2025-09-21 20:28:26,099 [INFO] IPUIPlugin:74 - create IPUIPlugin
2025-09-21 20:28:26,100 [INFO] IPUIPlugin:74 - create IPUIPlugin
2025-09-21 20:28:26,101 [INFO] IPUIPlugin:74 - create IPUIPlugin
2025-09-21 20:28:26,102 [INFO] IPUIPlugin:74 - create IPUIPlugin
2025-09-21 20:28:26,103 [INFO] IPUIPlugin:74 - create IPUIPlugin
2025-09-21 20:28:26,103 [INFO] IPUIPlugin:74 - create IPUIPlugin
2025-09-21 20:28:26,329 [INFO] OpenFileManager:333 - Restore cursor
2025-09-21 20:28:26,798 [INFO] UtilMem:74 - End SaveConfig() Used Memory: 979743296 Bytes (1073741824)
2025-09-21 20:28:26,885 [INFO] UtilMem:74 - End SaveConfig() Used Memory: 989180872 Bytes (1073741824)
2025-09-21 20:28:27,486 [INFO] BlockDiagram:2740 - set Specific Code input for plugin: NVIC
2025-09-21 20:28:27,486 [INFO] BlockDiagram:2740 - set Specific Code input for plugin: SYS
2025-09-21 20:28:27,487 [INFO] BlockDiagram:2740 - set Specific Code input for plugin: GPIO
2025-09-21 20:28:27,487 [INFO] BlockDiagram:2740 - set Specific Code input for plugin: RCC
2025-09-21 20:28:27,487 [INFO] BlockDiagram:2740 - set Specific Code input for plugin: TIM1_8F1
2025-09-21 20:28:27,487 [INFO] CodeGenerator:663 - code generatio: config db path: C:\ST\STM32CubeIDE_1.7.0\STM32CubeIDE\plugins\com.st.stm32cube.common.mx_6.3.0.202107141111\\db\
2025-09-21 20:28:29,183 [INFO] CodeEngine:239 - oldGeneratedFile, D:\destiny\Microprocessor_Lab\lab2\Lab2_ex7\Lab2_ex7\MXTmpFiles\license.tmp_save
2025-09-21 20:28:29,865 [INFO] CodeEngine:257 - Generated code: D:\destiny\Microprocessor_Lab\lab2\Lab2_ex7\Lab2_ex7\MXTmpFiles\license.tmp
2025-09-21 20:28:30,178 [INFO] CodeEngine:239 - oldGeneratedFile, D:\destiny\Microprocessor_Lab\lab2\Lab2_ex7\Lab2_ex7\MXTmpFiles\gpio.tmp_save
2025-09-21 20:28:30,424 [INFO] CodeEngine:257 - Generated code: D:\destiny\Microprocessor_Lab\lab2\Lab2_ex7\Lab2_ex7\MXTmpFiles\gpio.tmp
2025-09-21 20:28:30,929 [INFO] CodeEngine:239 - oldGeneratedFile, D:\destiny\Microprocessor_Lab\lab2\Lab2_ex7\Lab2_ex7\Core\Src\stm32f1xx_it.c_save
2025-09-21 20:28:31,281 [INFO] CodeEngine:257 - Generated code: D:\destiny\Microprocessor_Lab\lab2\Lab2_ex7\Lab2_ex7\Core\Src\stm32f1xx_it.c
2025-09-21 20:28:31,306 [INFO] CodeEngine:239 - oldGeneratedFile, D:\destiny\Microprocessor_Lab\lab2\Lab2_ex7\Lab2_ex7\Core\Inc\stm32f1xx_it.h_save
2025-09-21 20:28:31,510 [INFO] CodeEngine:257 - Generated code: D:\destiny\Microprocessor_Lab\lab2\Lab2_ex7\Lab2_ex7\Core\Inc\stm32f1xx_it.h
2025-09-21 20:28:31,544 [INFO] CodeEngine:239 - oldGeneratedFile, D:\destiny\Microprocessor_Lab\lab2\Lab2_ex7\Lab2_ex7\Core\Src\stm32f1xx_hal_msp.c_save
2025-09-21 20:28:31,836 [INFO] CodeEngine:257 - Generated code: D:\destiny\Microprocessor_Lab\lab2\Lab2_ex7\Lab2_ex7\Core\Src\stm32f1xx_hal_msp.c
2025-09-21 20:28:31,857 [INFO] CodeEngine:239 - oldGeneratedFile, D:\destiny\Microprocessor_Lab\lab2\Lab2_ex7\Lab2_ex7\MXTmpFiles\system.tmp_save
2025-09-21 20:28:32,170 [INFO] CodeEngine:257 - Generated code: D:\destiny\Microprocessor_Lab\lab2\Lab2_ex7\Lab2_ex7\MXTmpFiles\system.tmp
2025-09-21 20:28:32,201 [INFO] CodeEngine:239 - oldGeneratedFile, D:\destiny\Microprocessor_Lab\lab2\Lab2_ex7\Lab2_ex7\Core\Inc\stm32f1xx_hal_conf.h_save
2025-09-21 20:28:32,458 [INFO] CodeEngine:257 - Generated code: D:\destiny\Microprocessor_Lab\lab2\Lab2_ex7\Lab2_ex7\Core\Inc\stm32f1xx_hal_conf.h
2025-09-21 20:28:32,537 [WARN] IPConfigManager:3148 - IP not found : TIM
2025-09-21 20:28:32,541 [WARN] CodeGenerator:3268 - IP not found : null
2025-09-21 20:28:32,579 [INFO] CodeEngine:239 - oldGeneratedFile, D:\destiny\Microprocessor_Lab\lab2\Lab2_ex7\Lab2_ex7\Core\Inc\main.h_save
2025-09-21 20:28:32,820 [INFO] CodeEngine:257 - Generated code: D:\destiny\Microprocessor_Lab\lab2\Lab2_ex7\Lab2_ex7\Core\Inc\main.h
2025-09-21 20:28:32,840 [INFO] CodeEngine:239 - oldGeneratedFile, D:\destiny\Microprocessor_Lab\lab2\Lab2_ex7\Lab2_ex7\Core\Src\main.c_save
2025-09-21 20:28:33,099 [INFO] CodeEngine:257 - Generated code: D:\destiny\Microprocessor_Lab\lab2\Lab2_ex7\Lab2_ex7\Core\Src\main.c
2025-09-21 20:28:36,068 [INFO] ProjectBuilder:2578 - Time for Copy HAL[1] : 156mS.
2025-09-21 20:28:36,080 [INFO] ProjectBuilder:3622 - Project Generator version: 3.14.1
2025-09-21 20:28:37,186 [INFO] ConfigFileManager:1271 - The Die is : DIE412
2025-09-21 20:28:37,234 [INFO] ApiDbMcu:468 - Load IP Config File for FATFS
2025-09-21 20:28:37,317 [INFO] ApiDbMcu:468 - Load IP Config File for FREERTOS
2025-09-21 20:28:38,450 [INFO] ApiDbMcu:468 - Load IP Config File for USB_DEVICE
2025-09-21 20:28:50,656 [INFO] ProjectBuilder:3789 - Time for Generating toolchain IDE Files: 14576mS.
2025-09-21 20:28:50,657 [INFO] ProjectBuilder:2457 - Time for Copy CMSIS : 0mS.
2025-09-21 20:28:50,659 [INFO] ProjectBuilder:2457 - Time for Copy CMSIS : 0mS.
2025-09-21 20:28:51,893 [INFO] McuFinderGlobals:52 - Set McuFinderConnectedMode to true
2025-09-21 20:28:52,700 [INFO] ApiDb:276 - Save user favorites file C:\Users\hi/.stm32cubeide/favorites.mcus.txt: 0 item(s)
2025-09-21 20:28:52,700 [INFO] ApiDb:280 - User favorites MCUs=[]
2025-09-21 20:36:23,927 [INFO] Activator:177 - 


2025-09-21 20:36:23,932 [INFO] Activator:178 - !SESSION log4j initialized
2025-09-22 09:11:08,472 [INFO] Activator:177 - 


2025-09-22 09:11:08,475 [INFO] Activator:178 - !SESSION log4j initialized
2025-09-22 20:46:14,844 [INFO] Activator:177 - 


2025-09-22 20:46:14,848 [INFO] Activator:178 - !SESSION log4j initialized
2025-09-26 19:59:27,958 [INFO] Activator:177 - 


2025-09-26 19:59:27,962 [INFO] Activator:178 - !SESSION log4j initialized
2025-09-27 08:46:32,990 [INFO] Activator:177 - 


2025-09-27 08:46:32,994 [INFO] Activator:178 - !SESSION log4j initialized
2025-10-02 23:02:17,631 [INFO] Activator:177 - 


2025-10-02 23:02:17,631 [INFO] Activator:178 - !SESSION log4j initialized
2025-10-03 07:34:50,476 [INFO] Activator:177 - 


2025-10-03 07:34:50,484 [INFO] Activator:178 - !SESSION log4j initialized
2025-10-04 15:10:03,078 [INFO] Activator:177 - 


2025-10-04 15:10:03,082 [INFO] Activator:178 - !SESSION log4j initialized
2025-10-04 19:58:46,515 [INFO] Activator:177 - 


2025-10-04 19:58:46,519 [INFO] Activator:178 - !SESSION log4j initialized
