19:39:18 **** Build of configuration Debug for project Lab2_ex5 ****
make -j4 all 
arm-none-eabi-gcc "../Core/Src/main.c" -mcpu=cortex-m3 -std=gnu11 -g3 -DDEBUG -DUSE_HAL_DRIVER -DSTM32F103x6 -c -I../Core/Inc -I../Drivers/STM32F1xx_HAL_Driver/Inc -I../Drivers/STM32F1xx_HAL_Driver/Inc/Legacy -I../Drivers/CMSIS/Device/ST/STM32F1xx/Include -I../Drivers/CMSIS/Include -O0 -ffunction-sections -fdata-sections -Wall -fstack-usage -MMD -MP -MF"Core/Src/main.d" -MT"Core/Src/main.o" --specs=nano.specs -mfloat-abi=soft -mthumb -o "Core/Src/main.o"
arm-none-eabi-gcc -o "Lab2_ex5.elf" @"objects.list"   -mcpu=cortex-m3 -T"D:\destiny\Microprocessor_Lab\lab2\Lab2_ex5\Lab2_ex5\STM32F103C6UX_FLASH.ld" --specs=nosys.specs -Wl,-Map="Lab2_ex5.map" -Wl,--gc-sections -static --specs=nano.specs -mfloat-abi=soft -mthumb -Wl,--start-group -lc -lm -Wl,--end-group
Finished building target: Lab2_ex5.elf
 
arm-none-eabi-size   Lab2_ex5.elf 
arm-none-eabi-objdump -h -S  Lab2_ex5.elf  > "Lab2_ex5.list"
arm-none-eabi-objcopy  -O ihex  Lab2_ex5.elf  "Lab2_ex5.hex"
arm-none-eabi-objcopy  -O binary  Lab2_ex5.elf  "Lab2_ex5.bin"
   text	   data	    bss	    dec	    hex	filename
   8184	     36	   1644	   9864	   2688	Lab2_ex5.elf
Finished building: default.size.stdout
 
Finished building: Lab2_ex5.hex
Finished building: Lab2_ex5.bin
 
 
Finished building: Lab2_ex5.list
 

19:39:25 Build Finished. 0 errors, 0 warnings. (took 6s.927ms)

