main.c:7:6:display7SEG	16	static
main.c:112:6:clear	8	static
main.c:133:6:setTimer0	16	static
main.c:138:6:setTimer1	16	static
main.c:143:6:setTimer2	16	static
main.c:148:6:timer_run	4	static
main.c:165:6:update7SEG	16	static
main.c:193:6:updateClockBuffer	16	static
main.c:200:7:HAL_TIM_PeriodElapsedCallback	16	static
main.c:205:5:main	24	static
main.c:256:6:SystemClock_Config	72	static
main.c:283:13:MX_TIM2_Init	32	static
main.c:312:13:MX_GPIO_Init	32	static
main.c:341:6:Error_Handler	4	static,ignoring_inline_asm
