12:31:29 **** Build of configuration Debug for project Lab2_ex1 ****
make -j4 all 
arm-none-eabi-gcc "../Core/Src/main.c" -mcpu=cortex-m3 -std=gnu11 -g3 -DDEBUG -DUSE_HAL_DRIVER -DSTM32F103x6 -c -I../Core/Inc -I../Drivers/STM32F1xx_HAL_Driver/Inc -I../Drivers/STM32F1xx_HAL_Driver/Inc/Legacy -I../Drivers/CMSIS/Device/ST/STM32F1xx/Include -I../Drivers/CMSIS/Include -O0 -ffunction-sections -fdata-sections -Wall -fstack-usage -MMD -MP -MF"Core/Src/main.d" -MT"Core/Src/main.o" --specs=nano.specs -mfloat-abi=soft -mthumb -o "Core/Src/main.o"
arm-none-eabi-gcc -o "Lab2_ex1.elf" @"objects.list"   -mcpu=cortex-m3 -T"D:\destiny\Microprocessor_Lab\lab2\Lab2_ex1\Lab2_ex1\STM32F103C6UX_FLASH.ld" --specs=nosys.specs -Wl,-Map="Lab2_ex1.map" -Wl,--gc-sections -static --specs=nano.specs -mfloat-abi=soft -mthumb -Wl,--start-group -lc -lm -Wl,--end-group
Finished building target: Lab2_ex1.elf
 
arm-none-eabi-size   Lab2_ex1.elf 
arm-none-eabi-objdump -h -S  Lab2_ex1.elf  > "Lab2_ex1.list"
arm-none-eabi-objcopy  -O ihex  Lab2_ex1.elf  "Lab2_ex1.hex"
arm-none-eabi-objcopy  -O binary  Lab2_ex1.elf  "Lab2_ex1.bin"
   text	   data	    bss	    dec	    hex	filename
   7796	     24	   1648	   9468	   24fc	Lab2_ex1.elf
Finished building: default.size.stdout
 
Finished building: Lab2_ex1.list
 
Finished building: Lab2_ex1.hex
Finished building: Lab2_ex1.bin
 
 

12:31:38 Build Finished. 0 errors, 0 warnings. (took 9s.550ms)

